Archive member included to satisfy reference by file (symbol)

c:/vsarm/armcc/102021~1.10/bin/../lib/gcc/arm-none-eabi/10.3.1/thumb/v6-m/nofp\libgcc.a(_dvmd_tls.o)
                              CMakeFiles/I2C_display.dir/C_/VSARM/sdk/pico/pico-sdk/src/rp2_common/pico_divider/divider.S.obj (__aeabi_idiv0)
c:/vsarm/armcc/102021~1.10/bin/../lib/gcc/arm-none-eabi/10.3.1/../../../../arm-none-eabi/lib/thumb/v6-m/nofp\libg.a(lib_a-calloc.o)
                              CMakeFiles/I2C_display.dir/C_/VSARM/sdk/pico/pico-sdk/src/rp2_common/pico_malloc/pico_malloc.c.obj (calloc)
c:/vsarm/armcc/102021~1.10/bin/../lib/gcc/arm-none-eabi/10.3.1/../../../../arm-none-eabi/lib/thumb/v6-m/nofp\libg.a(lib_a-callocr.o)
                              c:/vsarm/armcc/102021~1.10/bin/../lib/gcc/arm-none-eabi/10.3.1/../../../../arm-none-eabi/lib/thumb/v6-m/nofp\libg.a(lib_a-calloc.o) (_calloc_r)
c:/vsarm/armcc/102021~1.10/bin/../lib/gcc/arm-none-eabi/10.3.1/../../../../arm-none-eabi/lib/thumb/v6-m/nofp\libg.a(lib_a-errno.o)
                              c:/vsarm/armcc/102021~1.10/bin/../lib/gcc/arm-none-eabi/10.3.1/../../../../arm-none-eabi/lib/thumb/v6-m/nofp\libg.a(lib_a-callocr.o) (__errno)
c:/vsarm/armcc/102021~1.10/bin/../lib/gcc/arm-none-eabi/10.3.1/../../../../arm-none-eabi/lib/thumb/v6-m/nofp\libg.a(lib_a-impure.o)
                              c:/vsarm/armcc/102021~1.10/bin/../lib/gcc/arm-none-eabi/10.3.1/../../../../arm-none-eabi/lib/thumb/v6-m/nofp\libg.a(lib_a-calloc.o) (_impure_ptr)
c:/vsarm/armcc/102021~1.10/bin/../lib/gcc/arm-none-eabi/10.3.1/../../../../arm-none-eabi/lib/thumb/v6-m/nofp\libg.a(lib_a-init.o)
                              c:/vsarm/armcc/102021~1.10/bin/../lib/gcc/arm-none-eabi/10.3.1/../../../../arm-none-eabi/lib/thumb/v6-m/nofp/crt0.o (__libc_init_array)
c:/vsarm/armcc/102021~1.10/bin/../lib/gcc/arm-none-eabi/10.3.1/../../../../arm-none-eabi/lib/thumb/v6-m/nofp\libg.a(lib_a-malloc.o)
                              CMakeFiles/I2C_display.dir/C_/VSARM/sdk/pico/pico-sdk/src/rp2_common/pico_malloc/pico_malloc.c.obj (malloc)
c:/vsarm/armcc/102021~1.10/bin/../lib/gcc/arm-none-eabi/10.3.1/../../../../arm-none-eabi/lib/thumb/v6-m/nofp\libg.a(lib_a-mallocr.o)
                              c:/vsarm/armcc/102021~1.10/bin/../lib/gcc/arm-none-eabi/10.3.1/../../../../arm-none-eabi/lib/thumb/v6-m/nofp\libg.a(lib_a-callocr.o) (_malloc_r)
c:/vsarm/armcc/102021~1.10/bin/../lib/gcc/arm-none-eabi/10.3.1/../../../../arm-none-eabi/lib/thumb/v6-m/nofp\libg.a(lib_a-mlock.o)
                              c:/vsarm/armcc/102021~1.10/bin/../lib/gcc/arm-none-eabi/10.3.1/../../../../arm-none-eabi/lib/thumb/v6-m/nofp\libg.a(lib_a-mallocr.o) (__malloc_lock)
c:/vsarm/armcc/102021~1.10/bin/../lib/gcc/arm-none-eabi/10.3.1/../../../../arm-none-eabi/lib/thumb/v6-m/nofp\libg.a(lib_a-realloc.o)
                              CMakeFiles/I2C_display.dir/C_/VSARM/sdk/pico/pico-sdk/src/rp2_common/pico_malloc/pico_malloc.c.obj (realloc)
c:/vsarm/armcc/102021~1.10/bin/../lib/gcc/arm-none-eabi/10.3.1/../../../../arm-none-eabi/lib/thumb/v6-m/nofp\libg.a(lib_a-reallocr.o)
                              c:/vsarm/armcc/102021~1.10/bin/../lib/gcc/arm-none-eabi/10.3.1/../../../../arm-none-eabi/lib/thumb/v6-m/nofp\libg.a(lib_a-realloc.o) (_realloc_r)
c:/vsarm/armcc/102021~1.10/bin/../lib/gcc/arm-none-eabi/10.3.1/../../../../arm-none-eabi/lib/thumb/v6-m/nofp\libg.a(lib_a-sbrkr.o)
                              c:/vsarm/armcc/102021~1.10/bin/../lib/gcc/arm-none-eabi/10.3.1/../../../../arm-none-eabi/lib/thumb/v6-m/nofp\libg.a(lib_a-mallocr.o) (_sbrk_r)
c:/vsarm/armcc/102021~1.10/bin/../lib/gcc/arm-none-eabi/10.3.1/../../../../arm-none-eabi/lib/thumb/v6-m/nofp\libg.a(lib_a-strlen-stub.o)
                              CMakeFiles/I2C_display.dir/C_/VSARM/sdk/pico/pico-sdk/src/rp2_common/pico_stdio/stdio.c.obj (strlen)
c:/vsarm/armcc/102021~1.10/bin/../lib/gcc/arm-none-eabi/10.3.1/../../../../arm-none-eabi/lib/thumb/v6-m/nofp\libg.a(lib_a-freer.o)
                              c:/vsarm/armcc/102021~1.10/bin/../lib/gcc/arm-none-eabi/10.3.1/../../../../arm-none-eabi/lib/thumb/v6-m/nofp\libg.a(lib_a-malloc.o) (_free_r)
c:/vsarm/armcc/102021~1.10/bin/../lib/gcc/arm-none-eabi/10.3.1/../../../../arm-none-eabi/lib/thumb/v6-m/nofp\libg.a(lib_a-lock.o)
                              c:/vsarm/armcc/102021~1.10/bin/../lib/gcc/arm-none-eabi/10.3.1/../../../../arm-none-eabi/lib/thumb/v6-m/nofp\libg.a(lib_a-mlock.o) (__retarget_lock_acquire_recursive)
c:/vsarm/armcc/102021~1.10/bin/../lib/gcc/arm-none-eabi/10.3.1/../../../../arm-none-eabi/lib/thumb/v6-m/nofp\libg.a(lib_a-memmove.o)
                              c:/vsarm/armcc/102021~1.10/bin/../lib/gcc/arm-none-eabi/10.3.1/../../../../arm-none-eabi/lib/thumb/v6-m/nofp\libg.a(lib_a-reallocr.o) (memmove)
c:/vsarm/armcc/102021~1.10/bin/../lib/gcc/arm-none-eabi/10.3.1/../../../../arm-none-eabi/lib/thumb/v6-m/nofp\libg.a(lib_a-reent.o)
[...]
Memory Configuration

Name             Origin             Length             Attributes
FLASH            0x10000000         0x00200000         xr
RAM              0x20000000         0x00040000         xrw
SCRATCH_X        0x20040000         0x00001000         xrw
SCRATCH_Y        0x20041000         0x00001000         xrw
*default*        0x00000000         0xffffffff

Linker script and memory map

LOAD c:/vsarm/armcc/102021~1.10/bin/../lib/gcc/arm-none-eabi/10.3.1/thumb/v6-m/nofp/crti.o
LOAD c:/vsarm/armcc/102021~1.10/bin/../lib/gcc/arm-none-eabi/10.3.1/thumb/v6-m/nofp/crtbegin.o
LOAD c:/vsarm/armcc/102021~1.10/bin/../lib/gcc/arm-none-eabi/10.3.1/../../../../arm-none-eabi/lib/thumb/v6-m/nofp/crt0.o

.flash_begin    0x10000000        0x0
                0x10000000                __flash_binary_start = .

.boot2          0x10000000      0x100
                0x10000000                __boot2_start__ = .
 *(.boot2)
 .boot2         0x10000000      0x100 C:\Users\krzys\AppData\Local\Temp\ccsLMQuK.o
                0x10000100                __boot2_end__ = .
                0x00000001                ASSERT (((__boot2_end__ - __boot2_start__) == 0x100), ERROR: Pico second stage bootloader must be 256 bytes in size)

.text           0x10000100     0x7c30
                0x10000100                __logical_binary_start = .
 *(.vectors)
 .vectors       0x10000100       0xd4 CMakeFiles/I2C_display.dir/C_/VSARM/sdk/pico/pico-sdk/src/rp2_common/pico_standard_link/crt0.S.obj
                0x10000100                __VECTOR_TABLE
                0x10000100                __vectors
                0x100001c0                isr_invalid
                0x100001c0                __default_isrs_start
                0x100001c2                isr_nmi
                0x100001c4                isr_hardfault
                0x100001c6                isr_svcall
                0x100001c8                isr_pendsv
                0x100001ca                isr_systick
                0x100001cc                isr_irq23
                0x100001cc                isr_irq18
                0x100001cc                isr_irq11
                0x100001cc                isr_irq28
                0x100001cc                isr_irq19
                0x100001cc                isr_irq0
                0x100001cc                isr_irq6
                0x100001cc                isr_irq5
                0x100001cc                isr_irq12
                0x100001cc                isr_irq22
                0x100001cc                isr_irq31
                0x100001cc                isr_irq17
                0x100001cc                isr_irq27
                0x100001cc                isr_irq30
                0x100001cc                isr_irq2
                0x100001cc                isr_irq10
                0x100001cc                isr_irq8
                0x100001cc                isr_irq24
                0x100001cc                isr_irq1
                0x100001cc                isr_irq7
                0x100001cc                isr_irq21
                0x100001cc                isr_irq20
                0x100001cc                isr_irq15
                0x100001cc                isr_irq25
                0x100001cc                isr_irq13
                0x100001cc                __unhandled_user_irq
                0x100001cc                isr_irq4
                0x100001cc                isr_irq16
                0x100001cc                isr_irq29
                0x100001cc                isr_irq26
                0x100001cc                __default_isrs_end
                0x100001cc                isr_irq3
                0x100001cc                isr_irq14
                0x100001cc                isr_irq9
                0x100001d2                unhandled_user_irq_num_in_r0
 *(.binary_info_header)
 .binary_info_header
                0x100001d4       0x14 CMakeFiles/I2C_display.dir/C_/VSARM/sdk/pico/pico-sdk/src/rp2_common/pico_standard_link/crt0.S.obj
                0x100001e8                __binary_info_header_end = .
 *(.reset)
 .reset         0x100001e8       0xa0 CMakeFiles/I2C_display.dir/C_/VSARM/sdk/pico/pico-sdk/src/rp2_common/pico_standard_link/crt0.S.obj
                0x100001e8                _entry_point
 .reset         0x10000288       0x30 CMakeFiles/I2C_display.dir/C_/VSARM/sdk/pico/pico-sdk/src/rp2_common/pico_standard_link/binary_info.c.obj
 *(.init)
 .init          0x100002b8        0x4 c:/vsarm/armcc/102021~1.10/bin/../lib/gcc/arm-none-eabi/10.3.1/thumb/v6-m/nofp/crti.o
                0x100002b8                _init
 *(EXCLUDE_FILE(*libm.a: *libc.a:*lib_a-mem*.o *libgcc.a:) .text*)
 .text          0x100002bc       0x48 c:/vsarm/armcc/102021~1.10/bin/../lib/gcc/arm-none-eabi/10.3.1/thumb/v6-m/nofp/crtbegin.o
 .text.main     0x10000304       0x38 CMakeFiles/I2C_display.dir/main.c.obj
                0x10000304                main
 .text.i2c_write_byte
                0x1000033c       0x20 CMakeFiles/I2C_display.dir/lcd_lib/lcd_1602_i2c.c.obj
                0x1000033c                i2c_write_byte
 .text.lcd_toggle_enable
                0x1000035c       0x38 CMakeFiles/I2C_display.dir/lcd_lib/lcd_1602_i2c.c.obj
                0x1000035c                lcd_toggle_enable
 .text.lcd_send_byte
                0x10000394       0x38 CMakeFiles/I2C_display.dir/lcd_lib/lcd_1602_i2c.c.obj
                0x10000394                lcd_send_byte
 .text.lcd_clear
                0x100003cc        0xc CMakeFiles/I2C_display.dir/lcd_lib/lcd_1602_i2c.c.obj
                0x100003cc                lcd_clear
 .text.lcd_set_cursor
                0x100003d8       0x1a CMakeFiles/I2C_display.dir/lcd_lib/lcd_1602_i2c.c.obj
                0x100003d8                lcd_set_cursor
 .text.lcd_string
                0x100003f2       0x16 CMakeFiles/I2C_display.dir/lcd_lib/lcd_1602_i2c.c.obj
                0x100003f2                lcd_string
 .text.lcd_init
                0x10000408       0x74 CMakeFiles/I2C_display.dir/lcd_lib/lcd_1602_i2c.c.obj
                0x10000408                lcd_init
 .text.irq_handler
                0x1000047c       0x74 CMakeFiles/I2C_display.dir/buttons/buttons.c.obj
                0x1000047c                irq_handler
 .text.buttons_init
                0x100004f0       0x78 CMakeFiles/I2C_display.dir/buttons/buttons.c.obj
                0x100004f0                buttons_init
 .text.print_linked_list
                0x10000568       0x20 CMakeFiles/I2C_display.dir/menu/menu.c.obj
                0x10000568                print_linked_list
 .text.menu_val_init
                0x10000588       0x3c CMakeFiles/I2C_display.dir/menu/menu.c.obj
                0x10000588                menu_val_init
 .text.gpio_set_function
                0x100005c4       0x30 CMakeFiles/I2C_display.dir/C_/VSARM/sdk/pico/pico-sdk/src/rp2_common/hardware_gpio/gpio.c.obj
                0x100005c4                gpio_set_function
 .text.gpio_set_pulls
                0x100005f4       0x34 CMakeFiles/I2C_display.dir/C_/VSARM/sdk/pico/pico-sdk/src/rp2_common/hardware_gpio/gpio.c.obj
                0x100005f4                gpio_set_pulls
 .text.gpio_set_irq_callback
                0x10000628       0x48 CMakeFiles/I2C_display.dir/C_/VSARM/sdk/pico/pico-sdk/src/rp2_common/hardware_gpio/gpio.c.obj
                0x10000628                gpio_set_irq_callback
 .text.gpio_acknowledge_irq
                0x10000670       0x18 CMakeFiles/I2C_display.dir/C_/VSARM/sdk/pico/pico-sdk/src/rp2_common/hardware_gpio/gpio.c.obj
                0x10000670                gpio_acknowledge_irq
 .text._gpio_set_irq_enabled
                0x10000688       0x34 CMakeFiles/I2C_display.dir/C_/VSARM/sdk/pico/pico-sdk/src/rp2_common/hardware_gpio/gpio.c.obj
 .text.gpio_set_irq_enabled
                0x100006bc       0x20 CMakeFiles/I2C_display.dir/C_/VSARM/sdk/pico/pico-sdk/src/rp2_common/hardware_gpio/gpio.c.obj
                0x100006bc                gpio_set_irq_enabled
 .text.gpio_set_irq_enabled_with_callback
                0x100006dc       0x20 CMakeFiles/I2C_display.dir/C_/VSARM/sdk/pico/pico-sdk/src/rp2_common/hardware_gpio/gpio.c.obj
                0x100006dc                gpio_set_irq_enabled_with_callback
 .text.gpio_default_irq_handler
                0x100006fc       0x98 CMakeFiles/I2C_display.dir/C_/VSARM/sdk/pico/pico-sdk/src/rp2_common/hardware_gpio/gpio.c.obj
 .text.gpio_init
                0x10000794       0x16 CMakeFiles/I2C_display.dir/C_/VSARM/sdk/pico/pico-sdk/src/rp2_common/hardware_gpio/gpio.c.obj
                0x10000794                gpio_init
 *fill*         0x100007aa        0x2 
 .text.running_on_fpga
                0x100007ac       0x14 CMakeFiles/I2C_display.dir/C_/VSARM/sdk/pico/pico-sdk/src/rp2_common/pico_platform/platform.c.obj
                0x100007ac                running_on_fpga
 .text.hw_claim_lock
                0x100007c0       0x18 CMakeFiles/I2C_display.dir/C_/VSARM/sdk/pico/pico-sdk/src/rp2_common/hardware_claim/claim.c.obj
                0x100007c0                hw_claim_lock
 .text.hw_claim_unlock
                0x100007d8       0x14 CMakeFiles/I2C_display.dir/C_/VSARM/sdk/pico/pico-sdk/src/rp2_common/hardware_claim/claim.c.obj
                0x100007d8                hw_claim_unlock
 .text.hw_claim_or_assert
                0x100007ec       0x32 CMakeFiles/I2C_display.dir/C_/VSARM/sdk/pico/pico-sdk/src/rp2_common/hardware_claim/claim.c.obj
                0x100007ec                hw_claim_or_assert
 .text.hw_claim_unused_from_range
                0x1000081e       0x50 CMakeFiles/I2C_display.dir/C_/VSARM/sdk/pico/pico-sdk/src/rp2_common/hardware_claim/claim.c.obj
                0x1000081e                hw_claim_unused_from_range
 *fill*         0x1000086e        0x2 
 .text.spin_locks_reset
                0x10000870       0x20 CMakeFiles/I2C_display.dir/C_/VSARM/sdk/pico/pico-sdk/src/rp2_common/hardware_sync/sync.c.obj
                0x10000870                spin_locks_reset
 .text.next_striped_spin_lock_num
                0x10000890       0x1c CMakeFiles/I2C_display.dir/C_/VSARM/sdk/pico/pico-sdk/src/rp2_common/hardware_sync/sync.c.obj
                0x10000890                next_striped_spin_lock_num
 .text.spin_lock_claim_unused
                0x100008ac       0x20 CMakeFiles/I2C_display.dir/C_/VSARM/sdk/pico/pico-sdk/src/rp2_common/hardware_sync/sync.c.obj
                0x100008ac                spin_lock_claim_unused
 .text.set_raw_irq_handler_and_unlock
                0x100008cc       0x28 CMakeFiles/I2C_display.dir/C_/VSARM/sdk/pico/pico-sdk/src/rp2_common/hardware_irq/irq.c.obj
 .text.make_branch
                0x100008f4       0x48 CMakeFiles/I2C_display.dir/C_/VSARM/sdk/pico/pico-sdk/src/rp2_common/hardware_irq/irq.c.obj
 .text.insert_branch_and_link
                0x1000093c       0x40 CMakeFiles/I2C_display.dir/C_/VSARM/sdk/pico/pico-sdk/src/rp2_common/hardware_irq/irq.c.obj
 .text.irq_is_enabled
                0x1000097c       0x18 CMakeFiles/I2C_display.dir/C_/VSARM/sdk/pico/pico-sdk/src/rp2_common/hardware_irq/irq.c.obj
                0x1000097c                irq_is_enabled
 .text.irq_set_mask_enabled
                0x10000994       0x20 CMakeFiles/I2C_display.dir/C_/VSARM/sdk/pico/pico-sdk/src/rp2_common/hardware_irq/irq.c.obj
                0x10000994                irq_set_mask_enabled
 .text.irq_set_enabled
                0x100009b4        0xe CMakeFiles/I2C_display.dir/C_/VSARM/sdk/pico/pico-sdk/src/rp2_common/hardware_irq/irq.c.obj
                0x100009b4                irq_set_enabled
 *fill*         0x100009c2        0x2 
 .text.irq_set_pending
                0x100009c4       0x10 CMakeFiles/I2C_display.dir/C_/VSARM/sdk/pico/pico-sdk/src/rp2_common/hardware_irq/irq.c.obj
                0x100009c4                irq_set_pending
 .text.irq_get_vtable_handler
                0x100009d4       0x10 CMakeFiles/I2C_display.dir/C_/VSARM/sdk/pico/pico-sdk/src/rp2_common/hardware_irq/irq.c.obj
                0x100009d4                irq_get_vtable_handler
 .text.irq_has_shared_handler
                0x100009e4       0x24 CMakeFiles/I2C_display.dir/C_/VSARM/sdk/pico/pico-sdk/src/rp2_common/hardware_irq/irq.c.obj
                0x100009e4                irq_has_shared_handler
 .text.irq_set_exclusive_handler
                0x10000a08       0x54 CMakeFiles/I2C_display.dir/C_/VSARM/sdk/pico/pico-sdk/src/rp2_common/hardware_irq/irq.c.obj
                0x10000a08                irq_set_exclusive_handler
 .text.irq_add_shared_handler
                0x10000a5c      0x234 CMakeFiles/I2C_display.dir/C_/VSARM/sdk/pico/pico-sdk/src/rp2_common/hardware_irq/irq.c.obj
                0x10000a5c                irq_add_shared_handler
 .text.irq_remove_handler
                0x10000c90      0x1ac CMakeFiles/I2C_display.dir/C_/VSARM/sdk/pico/pico-sdk/src/rp2_common/hardware_irq/irq.c.obj
                0x10000c90                irq_remove_handler
 .text.irq_add_tail_to_free_list
                0x10000e3c       0xf0 CMakeFiles/I2C_display.dir/C_/VSARM/sdk/pico/pico-sdk/src/rp2_common/hardware_irq/irq.c.obj
                0x10000e3c                irq_add_tail_to_free_list
 .text.irq_init_priorities
                0x10000f2c       0x1c CMakeFiles/I2C_display.dir/C_/VSARM/sdk/pico/pico-sdk/src/rp2_common/hardware_irq/irq.c.obj
                0x10000f2c                irq_init_priorities
 .text.user_irq_claim_unused
                0x10000f48       0x28 CMakeFiles/I2C_display.dir/C_/VSARM/sdk/pico/pico-sdk/src/rp2_common/hardware_irq/irq.c.obj
                0x10000f48                user_irq_claim_unused
 .text.lock_init
                0x10000f70       0x10 CMakeFiles/I2C_display.dir/C_/VSARM/sdk/pico/pico-sdk/src/common/pico_sync/lock_core.c.obj
                0x10000f70                lock_init
 .text.mutex_init
                0x10000f80       0x1a CMakeFiles/I2C_display.dir/C_/VSARM/sdk/pico/pico-sdk/src/common/pico_sync/mutex.c.obj
                0x10000f80                mutex_init
 .text.recursive_mutex_init
                0x10000f9a       0x1e CMakeFiles/I2C_display.dir/C_/VSARM/sdk/pico/pico-sdk/src/common/pico_sync/mutex.c.obj
                0x10000f9a                recursive_mutex_init
 .text.critical_section_init_with_lock_num
                0x10000fb8       0x14 CMakeFiles/I2C_display.dir/C_/VSARM/sdk/pico/pico-sdk/src/common/pico_sync/critical_section.c.obj
                0x10000fb8                critical_section_init_with_lock_num
 .text.critical_section_init
                0x10000fcc       0x14 CMakeFiles/I2C_display.dir/C_/VSARM/sdk/pico/pico-sdk/src/common/pico_sync/critical_section.c.obj
                0x10000fcc                critical_section_init
 .text.alarm_pool_post_alloc_init
                0x10000fe0       0x40 CMakeFiles/I2C_display.dir/C_/VSARM/sdk/pico/pico-sdk/src/common/pico_time/time.c.obj
 .text.sleep_until_callback
                0x10001020       0x30 CMakeFiles/I2C_display.dir/C_/VSARM/sdk/pico/pico-sdk/src/common/pico_time/time.c.obj
 .text.timer_pool_entry_comparator
                0x10001050       0x7c CMakeFiles/I2C_display.dir/C_/VSARM/sdk/pico/pico-sdk/src/common/pico_time/time.c.obj
                0x10001050                timer_pool_entry_comparator
 .text.ph_add_child_node
                0x100010cc       0xa4 CMakeFiles/I2C_display.dir/C_/VSARM/sdk/pico/pico-sdk/src/common/pico_time/time.c.obj
 .text.ph_merge_nodes
                0x10001170       0x3e CMakeFiles/I2C_display.dir/C_/VSARM/sdk/pico/pico-sdk/src/common/pico_time/time.c.obj
 *fill*         0x100011ae        0x2 
 .text.add_alarm_under_lock
                0x100011b0      0x174 CMakeFiles/I2C_display.dir/C_/VSARM/sdk/pico/pico-sdk/src/common/pico_time/time.c.obj
 .text.alarm_pool_alarm_callback
                0x10001324      0x33c CMakeFiles/I2C_display.dir/C_/VSARM/sdk/pico/pico-sdk/src/common/pico_time/time.c.obj
 .text.alarm_pool_init_default
                0x10001660       0x40 CMakeFiles/I2C_display.dir/C_/VSARM/sdk/pico/pico-sdk/src/common/pico_time/time.c.obj
                0x10001660                alarm_pool_init_default
 .text.alarm_pool_get_default
                0x100016a0       0x2c CMakeFiles/I2C_display.dir/C_/VSARM/sdk/pico/pico-sdk/src/common/pico_time/time.c.obj
                0x100016a0                alarm_pool_get_default
 .text.alarm_pool_add_alarm_at
                0x100016cc      0x168 CMakeFiles/I2C_display.dir/C_/VSARM/sdk/pico/pico-sdk/src/common/pico_time/time.c.obj
                0x100016cc                alarm_pool_add_alarm_at
 .text.alarm_pool_cancel_alarm
                0x10001834       0xf8 CMakeFiles/I2C_display.dir/C_/VSARM/sdk/pico/pico-sdk/src/common/pico_time/time.c.obj
                0x10001834                alarm_pool_cancel_alarm
 .text.alarm_pool_core_num
                0x1000192c        0x4 CMakeFiles/I2C_display.dir/C_/VSARM/sdk/pico/pico-sdk/src/common/pico_time/time.c.obj
                0x1000192c                alarm_pool_core_num
 .text.sleep_until
                0x10001930       0xfc CMakeFiles/I2C_display.dir/C_/VSARM/sdk/pico/pico-sdk/src/common/pico_time/time.c.obj
                0x10001930                sleep_until
 .text.sleep_us
                0x10001a2c       0x58 CMakeFiles/I2C_display.dir/C_/VSARM/sdk/pico/pico-sdk/src/common/pico_time/time.c.obj
                0x10001a2c                sleep_us
 .text.sleep_ms
                0x10001a84       0x14 CMakeFiles/I2C_display.dir/C_/VSARM/sdk/pico/pico-sdk/src/common/pico_time/time.c.obj
                0x10001a84                sleep_ms
 .text.best_effort_wfe_or_timeout
                0x10001a98       0xac CMakeFiles/I2C_display.dir/C_/VSARM/sdk/pico/pico-sdk/src/common/pico_time/time.c.obj
                0x10001a98                best_effort_wfe_or_timeout
 .text.hardware_alarm_irq_handler
                0x10001b44       0x90 CMakeFiles/I2C_display.dir/C_/VSARM/sdk/pico/pico-sdk/src/rp2_common/hardware_timer/timer.c.obj
 .text.hardware_alarm_claim
                0x10001bd4       0x18 CMakeFiles/I2C_display.dir/C_/VSARM/sdk/pico/pico-sdk/src/rp2_common/hardware_timer/timer.c.obj
                0x10001bd4                hardware_alarm_claim
 .text.time_us_64
                0x10001bec       0x18 CMakeFiles/I2C_display.dir/C_/VSARM/sdk/pico/pico-sdk/src/rp2_common/hardware_timer/timer.c.obj
                0x10001bec                time_us_64
 .text.busy_wait_until
                0x10001c04       0x28 CMakeFiles/I2C_display.dir/C_/VSARM/sdk/pico/pico-sdk/src/rp2_common/hardware_timer/timer.c.obj
                0x10001c04                busy_wait_until
 .text.hardware_alarm_set_callback
                0x10001c2c       0x90 CMakeFiles/I2C_display.dir/C_/VSARM/sdk/pico/pico-sdk/src/rp2_common/hardware_timer/timer.c.obj
                0x10001c2c                hardware_alarm_set_callback
 .text.hardware_alarm_set_target
                0x10001cbc       0xe8 CMakeFiles/I2C_display.dir/C_/VSARM/sdk/pico/pico-sdk/src/rp2_common/hardware_timer/timer.c.obj
                0x10001cbc                hardware_alarm_set_target
 .text.hardware_alarm_cancel
                0x10001da4       0x40 CMakeFiles/I2C_display.dir/C_/VSARM/sdk/pico/pico-sdk/src/rp2_common/hardware_timer/timer.c.obj
                0x10001da4                hardware_alarm_cancel
 .text.ph_add_child_node
                0x10001de4       0xa4 CMakeFiles/I2C_display.dir/C_/VSARM/sdk/pico/pico-sdk/src/common/pico_util/pheap.c.obj
 .text.ph_merge_nodes
                0x10001e88       0x3e CMakeFiles/I2C_display.dir/C_/VSARM/sdk/pico/pico-sdk/src/common/pico_util/pheap.c.obj
 *fill*         0x10001ec6        0x2 
 .text.ph_clear
                0x10001ec8       0x70 CMakeFiles/I2C_display.dir/C_/VSARM/sdk/pico/pico-sdk/src/common/pico_util/pheap.c.obj
                0x10001ec8                ph_clear
 .text.ph_post_alloc_init
                0x10001f38        0xe CMakeFiles/I2C_display.dir/C_/VSARM/sdk/pico/pico-sdk/src/common/pico_util/pheap.c.obj
                0x10001f38                ph_post_alloc_init
 *fill*         0x10001f46        0x2 
 .text.ph_merge_two_pass
                0x10001f48       0xa8 CMakeFiles/I2C_display.dir/C_/VSARM/sdk/pico/pico-sdk/src/common/pico_util/pheap.c.obj
                0x10001f48                ph_merge_two_pass
 .text.ph_remove_any_head
                0x10001ff0      0x128 CMakeFiles/I2C_display.dir/C_/VSARM/sdk/pico/pico-sdk/src/common/pico_util/pheap.c.obj
 .text.ph_remove_head
                0x10002118       0x14 CMakeFiles/I2C_display.dir/C_/VSARM/sdk/pico/pico-sdk/src/common/pico_util/pheap.c.obj
                0x10002118                ph_remove_head
 .text.ph_remove_and_free_node
                0x1000212c       0xf8 CMakeFiles/I2C_display.dir/C_/VSARM/sdk/pico/pico-sdk/src/common/pico_util/pheap.c.obj
                0x1000212c                ph_remove_and_free_node
 .text.clock_configure
                0x10002224      0x108 CMakeFiles/I2C_display.dir/C_/VSARM/sdk/pico/pico-sdk/src/rp2_common/hardware_clocks/clocks.c.obj
                0x10002224                clock_configure
 .text.clocks_init
                0x1000232c      0x100 CMakeFiles/I2C_display.dir/C_/VSARM/sdk/pico/pico-sdk/src/rp2_common/hardware_clocks/clocks.c.obj
                0x1000232c                clocks_init
 .text.clock_get_hz
                0x1000242c        0xc CMakeFiles/I2C_display.dir/C_/VSARM/sdk/pico/pico-sdk/src/rp2_common/hardware_clocks/clocks.c.obj
                0x1000242c                clock_get_hz
 .text.pll_init
                0x10002438      0x120 CMakeFiles/I2C_display.dir/C_/VSARM/sdk/pico/pico-sdk/src/rp2_common/hardware_pll/pll.c.obj
                0x10002438                pll_init
 .text.watchdog_start_tick
                0x10002558       0x10 CMakeFiles/I2C_display.dir/C_/VSARM/sdk/pico/pico-sdk/src/rp2_common/hardware_watchdog/watchdog.c.obj
                0x10002558                watchdog_start_tick
 .text.watchdog_update
                0x10002568       0x14 CMakeFiles/I2C_display.dir/C_/VSARM/sdk/pico/pico-sdk/src/rp2_common/hardware_watchdog/watchdog.c.obj
                0x10002568                watchdog_update
 .text._watchdog_enable
                0x1000257c       0x78 CMakeFiles/I2C_display.dir/C_/VSARM/sdk/pico/pico-sdk/src/rp2_common/hardware_watchdog/watchdog.c.obj
                0x1000257c                _watchdog_enable
 .text.watchdog_reboot
                0x100025f4       0x48 CMakeFiles/I2C_display.dir/C_/VSARM/sdk/pico/pico-sdk/src/rp2_common/hardware_watchdog/watchdog.c.obj
                0x100025f4                watchdog_reboot
 .text.xosc_init
                0x1000263c       0x28 CMakeFiles/I2C_display.dir/C_/VSARM/sdk/pico/pico-sdk/src/rp2_common/hardware_xosc/xosc.c.obj
                0x1000263c                xosc_init
 .text._exit    0x10002664        0x4 CMakeFiles/I2C_display.dir/C_/VSARM/sdk/pico/pico-sdk/src/rp2_common/pico_runtime/runtime.c.obj
                0x10002664                _exit
 .text._sbrk    0x10002668       0x38 CMakeFiles/I2C_display.dir/C_/VSARM/sdk/pico/pico-sdk/src/rp2_common/pico_runtime/runtime.c.obj
                0x10002668                _sbrk
 .text.exit     0x100026a0        0x6 CMakeFiles/I2C_display.dir/C_/VSARM/sdk/pico/pico-sdk/src/rp2_common/pico_runtime/runtime.c.obj
                0x100026a0                exit
 *fill*         0x100026a6        0x2 
 .text.__assert_func
                0x100026a8       0x3c CMakeFiles/I2C_display.dir/C_/VSARM/sdk/pico/pico-sdk/src/rp2_common/pico_runtime/runtime.c.obj
                0x100026a8                __assert_func
 .text.runtime_init
                0x100026e4       0xf8 CMakeFiles/I2C_display.dir/C_/VSARM/sdk/pico/pico-sdk/src/rp2_common/pico_runtime/runtime.c.obj
                0x100026e4                runtime_init
 .text.panic    0x100027dc       0x30 CMakeFiles/I2C_display.dir/C_/VSARM/sdk/pico/pico-sdk/src/rp2_common/pico_runtime/runtime.c.obj
                0x100027dc                panic
 .text._out_null
                0x1000280c        0x2 CMakeFiles/I2C_display.dir/C_/VSARM/sdk/pico/pico-sdk/src/rp2_common/pico_printf/printf.c.obj
 .text._out_fct
                0x1000280e        0xe CMakeFiles/I2C_display.dir/C_/VSARM/sdk/pico/pico-sdk/src/rp2_common/pico_printf/printf.c.obj
 .text._atoi    0x1000281c       0x24 CMakeFiles/I2C_display.dir/C_/VSARM/sdk/pico/pico-sdk/src/rp2_common/pico_printf/printf.c.obj
 .text._out_rev
                0x10002840       0xae CMakeFiles/I2C_display.dir/C_/VSARM/sdk/pico/pico-sdk/src/rp2_common/pico_printf/printf.c.obj
 .text._ntoa_format
                0x100028ee      0x112 CMakeFiles/I2C_display.dir/C_/VSARM/sdk/pico/pico-sdk/src/rp2_common/pico_printf/printf.c.obj
 .text._ntoa_long
                0x10002a00       0xbc CMakeFiles/I2C_display.dir/C_/VSARM/sdk/pico/pico-sdk/src/rp2_common/pico_printf/printf.c.obj
 .text._ntoa_long_long
                0x10002abc       0xe2 CMakeFiles/I2C_display.dir/C_/VSARM/sdk/pico/pico-sdk/src/rp2_common/pico_printf/printf.c.obj
 *fill*         0x10002b9e        0x2 
 .text._etoa    0x10002ba0      0x414 CMakeFiles/I2C_display.dir/C_/VSARM/sdk/pico/pico-sdk/src/rp2_common/pico_printf/printf.c.obj
 .text._ftoa    0x10002fb4      0x354 CMakeFiles/I2C_display.dir/C_/VSARM/sdk/pico/pico-sdk/src/rp2_common/pico_printf/printf.c.obj
 .text._vsnprintf
                0x10003308      0x624 CMakeFiles/I2C_display.dir/C_/VSARM/sdk/pico/pico-sdk/src/rp2_common/pico_printf/printf.c.obj
 .text.vfctprintf
                0x1000392c       0x20 CMakeFiles/I2C_display.dir/C_/VSARM/sdk/pico/pico-sdk/src/rp2_common/pico_printf/printf.c.obj
                0x1000392c                vfctprintf
 .text          0x1000394c       0x10 CMakeFiles/I2C_display.dir/C_/VSARM/sdk/pico/pico-sdk/src/rp2_common/pico_bit_ops/bit_ops_aeabi.S.obj
 .text.rom_func_lookup
                0x1000395c       0x10 CMakeFiles/I2C_display.dir/C_/VSARM/sdk/pico/pico-sdk/src/rp2_common/pico_bootrom/bootrom.c.obj
                0x1000395c                rom_func_lookup
 .text.rom_data_lookup
                0x1000396c       0x10 CMakeFiles/I2C_display.dir/C_/VSARM/sdk/pico/pico-sdk/src/rp2_common/pico_bootrom/bootrom.c.obj
                0x1000396c                rom_data_lookup
 .text.rom_funcs_lookup
                0x1000397c       0x36 CMakeFiles/I2C_display.dir/C_/VSARM/sdk/pico/pico-sdk/src/rp2_common/pico_bootrom/bootrom.c.obj
                0x1000397c                rom_funcs_lookup
 *fill*         0x100039b2        0x2 
 .text.__wrap___aeabi_idiv
                0x100039b4       0x50 CMakeFiles/I2C_display.dir/C_/VSARM/sdk/pico/pico-sdk/src/rp2_common/pico_divider/divider.S.obj
                0x100039b4                __wrap___aeabi_idivmod
                0x100039b4                divmod_s32s32
                0x100039b4                div_s32s32
                0x100039b4                __wrap___aeabi_idiv
                0x100039bc                divmod_s32s32_unsafe
                0x100039e8                divmod_s32s32_savestate
 .text.__wrap___aeabi_uidiv
                0x10003a04       0x4c CMakeFiles/I2C_display.dir/C_/VSARM/sdk/pico/pico-sdk/src/rp2_common/pico_divider/divider.S.obj
                0x10003a04                __wrap___aeabi_uidiv
                0x10003a04                __wrap___aeabi_uidivmod
                0x10003a04                div_u32u32
                0x10003a04                divmod_u32u32
                0x10003a0c                divmod_u32u32_unsafe
                0x10003a34                divmod_u32u32_savestate
 .text.__wrap___aeabi_ldiv
                0x10003a50      0x424 CMakeFiles/I2C_display.dir/C_/VSARM/sdk/pico/pico-sdk/src/rp2_common/pico_divider/divider.S.obj
                0x10003a50                div_s64s64
                0x10003a50                divmod_s64s64
                0x10003a50                __wrap___aeabi_ldivmod
                0x10003a80                divmod_u64u64
                0x10003a80                div_u64u64
                0x10003a80                __wrap___aeabi_uldivmod
                0x10003a90                divmod_u64u64_savestate
                0x10003ab0                divmod_s64s64_unsafe
                0x10003b38                divmod_u64u64_unsafe
 .text.__wrap___aeabi_darithmetic
                0x10003e74       0x80 CMakeFiles/I2C_display.dir/C_/VSARM/sdk/pico/pico-sdk/src/rp2_common/pico_double/double_aeabi.S.obj
                0x10003e74                __wrap___aeabi_drsub
                0x10003e7a                __wrap___aeabi_dsub
                0x10003e8c                __wrap___aeabi_dadd
                0x10003e9e                __wrap___aeabi_ddiv
                0x10003eda                __wrap___aeabi_dmul
 .text.__wrap___aeabi_cdcmple
                0x10003ef4       0x6c CMakeFiles/I2C_display.dir/C_/VSARM/sdk/pico/pico-sdk/src/rp2_common/pico_double/double_aeabi.S.obj
                0x10003ef4                __wrap___aeabi_cdrcmple
                0x10003f04                __wrap___aeabi_cdcmpeq
                0x10003f04                __wrap___aeabi_cdcmple
 .text.__wrap___aeabi_dcmplt
                0x10003f60        0xc CMakeFiles/I2C_display.dir/C_/VSARM/sdk/pico/pico-sdk/src/rp2_common/pico_double/double_aeabi.S.obj
                0x10003f60                __wrap___aeabi_dcmplt
 .text.__wrap___aeabi_dcmple
                0x10003f6c       0x10 CMakeFiles/I2C_display.dir/C_/VSARM/sdk/pico/pico-sdk/src/rp2_common/pico_double/double_aeabi.S.obj
                0x10003f6c                __wrap___aeabi_dcmple
 .text.__wrap___aeabi_dcmpge
                0x10003f7c       0x10 CMakeFiles/I2C_display.dir/C_/VSARM/sdk/pico/pico-sdk/src/rp2_common/pico_double/double_aeabi.S.obj
                0x10003f7c                __wrap___aeabi_dcmpge
 .text.__wrap___aeabi_dcmpgt
                0x10003f8c        0xa CMakeFiles/I2C_display.dir/C_/VSARM/sdk/pico/pico-sdk/src/rp2_common/pico_double/double_aeabi.S.obj
                0x10003f8c                __wrap___aeabi_dcmpgt
 .text.__wrap___aeabi_dcmpun
                0x10003f96       0x1c CMakeFiles/I2C_display.dir/C_/VSARM/sdk/pico/pico-sdk/src/rp2_common/pico_double/double_aeabi.S.obj
                0x10003f96                __wrap___aeabi_dcmpun
 *fill*         0x10003fb2        0x2 
 .text.__wrap___aeabi_i2d
                0x10003fb4       0x38 CMakeFiles/I2C_display.dir/C_/VSARM/sdk/pico/pico-sdk/src/rp2_common/pico_double/double_aeabi.S.obj
                0x10003fb4                __wrap___aeabi_ui2d
                0x10003fbc                __wrap___aeabi_i2d
 .text.__wrap___aeabi_d2iz
                0x10003fec       0x48 CMakeFiles/I2C_display.dir/C_/VSARM/sdk/pico/pico-sdk/src/rp2_common/pico_double/double_aeabi.S.obj
                0x10003fec                double2int_z
                0x10003fec                __wrap___aeabi_d2iz
 .text.__wrap___aeabi_d2uiz
                0x10004034       0x18 CMakeFiles/I2C_display.dir/C_/VSARM/sdk/pico/pico-sdk/src/rp2_common/pico_double/double_aeabi.S.obj
                0x10004034                __wrap___aeabi_d2uiz
                0x10004034                double2uint
 .text.__aeabi_double_init
                0x1000404c       0xc8 CMakeFiles/I2C_display.dir/C_/VSARM/sdk/pico/pico-sdk/src/rp2_common/pico_double/double_init_rom.c.obj
                0x1000404c                __aeabi_double_init
 .text.double_table_shim_on_use_helper
                0x10004114       0x34 CMakeFiles/I2C_display.dir/C_/VSARM/sdk/pico/pico-sdk/src/rp2_common/pico_double/double_v1_rom_shim.S.obj
                0x10004114                double_table_shim_on_use_helper
 .text.__wrap___aeabi_dsub
                0x10004148       0x10 CMakeFiles/I2C_display.dir/C_/VSARM/sdk/pico/pico-sdk/src/rp2_common/pico_double/double_v1_rom_shim.S.obj
                0x10004148                drsub_shim
                0x1000414e                dsub_shim
 .text.dadd_shim
                0x10004158      0x15c CMakeFiles/I2C_display.dir/C_/VSARM/sdk/pico/pico-sdk/src/rp2_common/pico_double/double_v1_rom_shim.S.obj
                0x10004158                dadd_shim
 .text.dmul_shim
                0x100042b4      0x15c CMakeFiles/I2C_display.dir/C_/VSARM/sdk/pico/pico-sdk/src/rp2_common/pico_double/double_v1_rom_shim.S.obj
                0x100042b4                dmul_shim
 .text.ddiv_shim
                0x10004410      0x1b0 CMakeFiles/I2C_display.dir/C_/VSARM/sdk/pico/pico-sdk/src/rp2_common/pico_double/double_v1_rom_shim.S.obj
                0x10004410                ddiv_shim
 .text.double2uint_shim
                0x100045c0        0xe CMakeFiles/I2C_display.dir/C_/VSARM/sdk/pico/pico-sdk/src/rp2_common/pico_double/double_v1_rom_shim.S.obj
                0x100045c0                double2uint_shim
                0x100045c2                double2ufix_shim
 *fill*         0x100045ce        0x2 
 .text.double2uint64_shim
                0x100045d0       0x70 CMakeFiles/I2C_display.dir/C_/VSARM/sdk/pico/pico-sdk/src/rp2_common/pico_double/double_v1_rom_shim.S.obj
                0x100045d0                double2uint64_shim
                0x100045d2                double2ufix64_shim
                0x100045f2                d2fix_a
 .text.dunpacks
                0x10004640       0x3c CMakeFiles/I2C_display.dir/C_/VSARM/sdk/pico/pico-sdk/src/rp2_common/pico_double/double_v1_rom_shim.S.obj
                0x10004640                dunpacks
 .text.__aeabi_lmul
                0x1000467c       0x32 CMakeFiles/I2C_display.dir/C_/VSARM/sdk/pico/pico-sdk/src/rp2_common/pico_int64_ops/pico_int64_ops_aeabi.S.obj
                0x1000467c                __wrap___aeabi_lmul
 *fill*         0x100046ae        0x2 
 .text.__aeabi_float_init
                0x100046b0       0xfc CMakeFiles/I2C_display.dir/C_/VSARM/sdk/pico/pico-sdk/src/rp2_common/pico_float/float_init_rom.c.obj
                0x100046b0                __aeabi_float_init
 .text.float_table_shim_on_use_helper
                0x100047ac       0x34 CMakeFiles/I2C_display.dir/C_/VSARM/sdk/pico/pico-sdk/src/rp2_common/pico_float/float_v1_rom_shim.S.obj
                0x100047ac                float_table_shim_on_use_helper
 .text.__wrap_malloc
                0x100047e0       0x24 CMakeFiles/I2C_display.dir/C_/VSARM/sdk/pico/pico-sdk/src/rp2_common/pico_malloc/pico_malloc.c.obj
                0x100047e0                __wrap_malloc
 .text          0x10004804       0x10 CMakeFiles/I2C_display.dir/C_/VSARM/sdk/pico/pico-sdk/src/rp2_common/pico_mem_ops/mem_ops_aeabi.S.obj
                0x10004804                __aeabi_mem_init
 .text.memset   0x10004814        0xc CMakeFiles/I2C_display.dir/C_/VSARM/sdk/pico/pico-sdk/src/rp2_common/pico_mem_ops/mem_ops_aeabi.S.obj
                0x10004814                __wrap_memset
 .text.memcpy   0x10004820        0xc CMakeFiles/I2C_display.dir/C_/VSARM/sdk/pico/pico-sdk/src/rp2_common/pico_mem_ops/mem_ops_aeabi.S.obj
                0x10004820                __wrap_memcpy
                0x10004820                __wrap___aeabi_memcpy
 .text.stdio_out_chars_no_crlf
                0x1000482c        0xe CMakeFiles/I2C_display.dir/C_/VSARM/sdk/pico/pico-sdk/src/rp2_common/pico_stdio/stdio.c.obj
 *fill*         0x1000483a        0x2 
 .text.stdio_out_chars_crlf
                0x1000483c       0x80 CMakeFiles/I2C_display.dir/C_/VSARM/sdk/pico/pico-sdk/src/rp2_common/pico_stdio/stdio.c.obj
 .text.stdio_stack_buffer_flush
                0x100048bc       0x44 CMakeFiles/I2C_display.dir/C_/VSARM/sdk/pico/pico-sdk/src/rp2_common/pico_stdio/stdio.c.obj
 .text.stdio_buffered_printer
                0x10004900       0x20 CMakeFiles/I2C_display.dir/C_/VSARM/sdk/pico/pico-sdk/src/rp2_common/pico_stdio/stdio.c.obj
 .text.stdout_serialize_begin
                0x10004920       0x5c CMakeFiles/I2C_display.dir/C_/VSARM/sdk/pico/pico-sdk/src/rp2_common/pico_stdio/stdio.c.obj
                0x10004920                stdout_serialize_begin
 .text.stdout_serialize_end
                0x1000497c       0x10 CMakeFiles/I2C_display.dir/C_/VSARM/sdk/pico/pico-sdk/src/rp2_common/pico_stdio/stdio.c.obj
                0x1000497c                stdout_serialize_end
 .text.stdio_put_string
                0x1000498c       0x98 CMakeFiles/I2C_display.dir/C_/VSARM/sdk/pico/pico-sdk/src/rp2_common/pico_stdio/stdio.c.obj
 .text.__wrap_putchar
                0x10004a24       0x1c CMakeFiles/I2C_display.dir/C_/VSARM/sdk/pico/pico-sdk/src/rp2_common/pico_stdio/stdio.c.obj
                0x10004a24                __wrap_putchar
 .text.stdio_set_driver_enabled
                0x10004a40       0x2c CMakeFiles/I2C_display.dir/C_/VSARM/sdk/pico/pico-sdk/src/rp2_common/pico_stdio/stdio.c.obj
                0x10004a40                stdio_set_driver_enabled
 .text.stdio_flush
                0x10004a6c       0x20 CMakeFiles/I2C_display.dir/C_/VSARM/sdk/pico/pico-sdk/src/rp2_common/pico_stdio/stdio.c.obj
                0x10004a6c                stdio_flush
 .text.__wrap_puts
                0x10004a8c       0x1e CMakeFiles/I2C_display.dir/C_/VSARM/sdk/pico/pico-sdk/src/rp2_common/pico_stdio/stdio.c.obj
                0x10004a8c                __wrap_puts
 *fill*         0x10004aaa        0x2 
 .text.__wrap_vprintf
                0x10004aac       0x40 CMakeFiles/I2C_display.dir/C_/VSARM/sdk/pico/pico-sdk/src/rp2_common/pico_stdio/stdio.c.obj
                0x10004aac                __wrap_vprintf
 .text.__wrap_printf
                0x10004aec       0x18 CMakeFiles/I2C_display.dir/C_/VSARM/sdk/pico/pico-sdk/src/rp2_common/pico_stdio/stdio.c.obj
                0x10004aec                __wrap_printf
 .text.stdio_init_all
                0x10004b04        0x8 CMakeFiles/I2C_display.dir/C_/VSARM/sdk/pico/pico-sdk/src/rp2_common/pico_stdio/stdio.c.obj
                0x10004b04                stdio_init_all
 .text.resetd_init
                0x10004b0c        0x2 CMakeFiles/I2C_display.dir/C_/VSARM/sdk/pico/pico-sdk/src/rp2_common/pico_stdio_usb/reset_interface.c.obj
 *fill*         0x10004b0e        0x2 
 .text.resetd_reset
                0x10004b10        0xc CMakeFiles/I2C_display.dir/C_/VSARM/sdk/pico/pico-sdk/src/rp2_common/pico_stdio_usb/reset_interface.c.obj
 .text.resetd_open
                0x10004b1c       0x34 CMakeFiles/I2C_display.dir/C_/VSARM/sdk/pico/pico-sdk/src/rp2_common/pico_stdio_usb/reset_interface.c.obj
 .text.resetd_xfer_cb
                0x10004b50        0x4 CMakeFiles/I2C_display.dir/C_/VSARM/sdk/pico/pico-sdk/src/rp2_common/pico_stdio_usb/reset_interface.c.obj
 .text.reset_usb_boot
                0x10004b54       0x18 CMakeFiles/I2C_display.dir/C_/VSARM/sdk/pico/pico-sdk/src/rp2_common/pico_stdio_usb/reset_interface.c.obj
 .text.resetd_control_xfer_cb
                0x10004b6c       0x5c CMakeFiles/I2C_display.dir/C_/VSARM/sdk/pico/pico-sdk/src/rp2_common/pico_stdio_usb/reset_interface.c.obj
 .text.usbd_app_driver_get_cb
                0x10004bc8        0xc CMakeFiles/I2C_display.dir/C_/VSARM/sdk/pico/pico-sdk/src/rp2_common/pico_stdio_usb/reset_interface.c.obj
                0x10004bc8                usbd_app_driver_get_cb
 .text.tud_cdc_line_coding_cb
                0x10004bd4       0x28 CMakeFiles/I2C_display.dir/C_/VSARM/sdk/pico/pico-sdk/src/rp2_common/pico_stdio_usb/reset_interface.c.obj
                0x10004bd4                tud_cdc_line_coding_cb
 .text.stdio_usb_set_chars_available_callback
                0x10004bfc       0x14 CMakeFiles/I2C_display.dir/C_/VSARM/sdk/pico/pico-sdk/src/rp2_common/pico_stdio_usb/stdio_usb.c.obj
                0x10004bfc                stdio_usb_set_chars_available_callback
 .text.usb_irq  0x10004c10       0x10 CMakeFiles/I2C_display.dir/C_/VSARM/sdk/pico/pico-sdk/src/rp2_common/pico_stdio_usb/stdio_usb.c.obj
 .text.timer_task
                0x10004c20       0x5c CMakeFiles/I2C_display.dir/C_/VSARM/sdk/pico/pico-sdk/src/rp2_common/pico_stdio_usb/stdio_usb.c.obj
 .text.low_priority_worker_irq
                0x10004c7c       0xdc CMakeFiles/I2C_display.dir/C_/VSARM/sdk/pico/pico-sdk/src/rp2_common/pico_stdio_usb/stdio_usb.c.obj
 .text.tud_cdc_rx_cb
                0x10004d58       0x20 CMakeFiles/I2C_display.dir/C_/VSARM/sdk/pico/pico-sdk/src/rp2_common/pico_stdio_usb/stdio_usb.c.obj
                0x10004d58                tud_cdc_rx_cb
 .text.stdio_usb_init
                0x10004d78      0x11c CMakeFiles/I2C_display.dir/C_/VSARM/sdk/pico/pico-sdk/src/rp2_common/pico_stdio_usb/stdio_usb.c.obj
                0x10004d78                stdio_usb_init
 .text.stdio_usb_connected
                0x10004e94        0xa CMakeFiles/I2C_display.dir/C_/VSARM/sdk/pico/pico-sdk/src/rp2_common/pico_stdio_usb/stdio_usb.c.obj
                0x10004e94                stdio_usb_connected
 *fill*         0x10004e9e        0x2 
 .text.stdio_usb_in_chars
                0x10004ea0       0xc4 CMakeFiles/I2C_display.dir/C_/VSARM/sdk/pico/pico-sdk/src/rp2_common/pico_stdio_usb/stdio_usb.c.obj
                0x10004ea0                stdio_usb_in_chars
 .text.stdio_usb_out_chars
                0x10004f64      0x114 CMakeFiles/I2C_display.dir/C_/VSARM/sdk/pico/pico-sdk/src/rp2_common/pico_stdio_usb/stdio_usb.c.obj
 .text.tud_descriptor_device_cb
                0x10005078        0x8 CMakeFiles/I2C_display.dir/C_/VSARM/sdk/pico/pico-sdk/src/rp2_common/pico_stdio_usb/stdio_usb_descriptors.c.obj
                0x10005078                tud_descriptor_device_cb
 .text.tud_descriptor_configuration_cb
                0x10005080        0x8 CMakeFiles/I2C_display.dir/C_/VSARM/sdk/pico/pico-sdk/src/rp2_common/pico_stdio_usb/stdio_usb_descriptors.c.obj
                0x10005080                tud_descriptor_configuration_cb
 .text.tud_descriptor_string_cb
                0x10005088       0x6c CMakeFiles/I2C_display.dir/C_/VSARM/sdk/pico/pico-sdk/src/rp2_common/pico_stdio_usb/stdio_usb_descriptors.c.obj
                0x10005088                tud_descriptor_string_cb
 .text._retrieve_unique_id_on_boot
                0x100050f4       0x10 CMakeFiles/I2C_display.dir/C_/VSARM/sdk/pico/pico-sdk/src/rp2_common/pico_unique_id/unique_id.c.obj
 .text.pico_get_unique_board_id_string
                0x10005104       0x60 CMakeFiles/I2C_display.dir/C_/VSARM/sdk/pico/pico-sdk/src/rp2_common/pico_unique_id/unique_id.c.obj
                0x10005104                pico_get_unique_board_id_string
 .text.flash_get_unique_id
                0x10005164       0x46 CMakeFiles/I2C_display.dir/C_/VSARM/sdk/pico/pico-sdk/src/rp2_common/hardware_flash/flash.c.obj
                0x10005164                flash_get_unique_id
 *fill*         0x100051aa        0x2 
 .text.hw_endpoint_get_by_addr
                0x100051ac       0x18 CMakeFiles/I2C_display.dir/C_/VSARM/sdk/pico/pico-sdk/lib/tinyusb/src/portable/raspberrypi/rp2040/dcd_rp2040.c.obj
 .text._hw_endpoint_alloc
                0x100051c4       0x70 CMakeFiles/I2C_display.dir/C_/VSARM/sdk/pico/pico-sdk/lib/tinyusb/src/portable/raspberrypi/rp2040/dcd_rp2040.c.obj
 .text.hw_endpoint_init
                0x10005234       0x88 CMakeFiles/I2C_display.dir/C_/VSARM/sdk/pico/pico-sdk/lib/tinyusb/src/portable/raspberrypi/rp2040/dcd_rp2040.c.obj
 .text.hw_endpoint_xfer
                0x100052bc       0x14 CMakeFiles/I2C_display.dir/C_/VSARM/sdk/pico/pico-sdk/lib/tinyusb/src/portable/raspberrypi/rp2040/dcd_rp2040.c.obj
 .text.dcd_int_enable
                0x100052d0       0x2c CMakeFiles/I2C_display.dir/C_/VSARM/sdk/pico/pico-sdk/lib/tinyusb/src/portable/raspberrypi/rp2040/dcd_rp2040.c.obj
                0x100052d0                dcd_int_enable
 .text.dcd_set_address
                0x100052fc       0x2c CMakeFiles/I2C_display.dir/C_/VSARM/sdk/pico/pico-sdk/lib/tinyusb/src/portable/raspberrypi/rp2040/dcd_rp2040.c.obj
                0x100052fc                dcd_set_address
 .text.dcd_connect
                0x10005328       0x10 CMakeFiles/I2C_display.dir/C_/VSARM/sdk/pico/pico-sdk/lib/tinyusb/src/portable/raspberrypi/rp2040/dcd_rp2040.c.obj
                0x10005328                dcd_connect
 .text.dcd_init
                0x10005338       0x80 CMakeFiles/I2C_display.dir/C_/VSARM/sdk/pico/pico-sdk/lib/tinyusb/src/portable/raspberrypi/rp2040/dcd_rp2040.c.obj
                0x10005338                dcd_init
 .text.dcd_edpt0_status_complete
                0x100053b8       0x1c CMakeFiles/I2C_display.dir/C_/VSARM/sdk/pico/pico-sdk/lib/tinyusb/src/portable/raspberrypi/rp2040/dcd_rp2040.c.obj
                0x100053b8                dcd_edpt0_status_complete
 .text.dcd_edpt_open
                0x100053d4       0x40 CMakeFiles/I2C_display.dir/C_/VSARM/sdk/pico/pico-sdk/lib/tinyusb/src/portable/raspberrypi/rp2040/dcd_rp2040.c.obj
                0x100053d4                dcd_edpt_open
 .text.dcd_edpt_close_all
                0x10005414        0x8 CMakeFiles/I2C_display.dir/C_/VSARM/sdk/pico/pico-sdk/lib/tinyusb/src/portable/raspberrypi/rp2040/dcd_rp2040.c.obj
                0x10005414                dcd_edpt_close_all
 .text.dcd_edpt_xfer
                0x1000541c       0x34 CMakeFiles/I2C_display.dir/C_/VSARM/sdk/pico/pico-sdk/lib/tinyusb/src/portable/raspberrypi/rp2040/dcd_rp2040.c.obj
                0x1000541c                dcd_edpt_xfer
 .text.dcd_edpt_stall
                0x10005450       0x2c CMakeFiles/I2C_display.dir/C_/VSARM/sdk/pico/pico-sdk/lib/tinyusb/src/portable/raspberrypi/rp2040/dcd_rp2040.c.obj
                0x10005450                dcd_edpt_stall
 .text.dcd_edpt_clear_stall
                0x1000547c       0x20 CMakeFiles/I2C_display.dir/C_/VSARM/sdk/pico/pico-sdk/lib/tinyusb/src/portable/raspberrypi/rp2040/dcd_rp2040.c.obj
                0x1000547c                dcd_edpt_clear_stall
 .text.rp2040_usb_init
                0x1000549c       0x4c CMakeFiles/I2C_display.dir/C_/VSARM/sdk/pico/pico-sdk/lib/tinyusb/src/portable/raspberrypi/rp2040/rp2040_usb.c.obj
                0x1000549c                rp2040_usb_init
 .text.hw_endpoint_xfer_start
                0x100054e8       0x50 CMakeFiles/I2C_display.dir/C_/VSARM/sdk/pico/pico-sdk/lib/tinyusb/src/portable/raspberrypi/rp2040/rp2040_usb.c.obj
                0x100054e8                hw_endpoint_xfer_start
 .text.configuration_reset
                0x10005538       0x84 CMakeFiles/I2C_display.dir/C_/VSARM/sdk/pico/pico-sdk/lib/tinyusb/src/device/usbd.c.obj
 .text.usbd_reset
                0x100055bc        0xc CMakeFiles/I2C_display.dir/C_/VSARM/sdk/pico/pico-sdk/lib/tinyusb/src/device/usbd.c.obj
 .text.invoke_class_control
                0x100055c8       0x1a CMakeFiles/I2C_display.dir/C_/VSARM/sdk/pico/pico-sdk/lib/tinyusb/src/device/usbd.c.obj
 *fill*         0x100055e2        0x2 
 .text.process_set_config
                0x100055e4      0x178 CMakeFiles/I2C_display.dir/C_/VSARM/sdk/pico/pico-sdk/lib/tinyusb/src/device/usbd.c.obj
 .text.process_get_descriptor
                0x1000575c       0xdc CMakeFiles/I2C_display.dir/C_/VSARM/sdk/pico/pico-sdk/lib/tinyusb/src/device/usbd.c.obj
 .text.tud_mounted
                0x10005838       0x10 CMakeFiles/I2C_display.dir/C_/VSARM/sdk/pico/pico-sdk/lib/tinyusb/src/device/usbd.c.obj
                0x10005838                tud_mounted
 .text.tud_suspended
                0x10005848       0x10 CMakeFiles/I2C_display.dir/C_/VSARM/sdk/pico/pico-sdk/lib/tinyusb/src/device/usbd.c.obj
                0x10005848                tud_suspended
 .text.tud_inited
                0x10005858       0x14 CMakeFiles/I2C_display.dir/C_/VSARM/sdk/pico/pico-sdk/lib/tinyusb/src/device/usbd.c.obj
                0x10005858                tud_inited
 .text.tud_init
                0x1000586c       0xcc CMakeFiles/I2C_display.dir/C_/VSARM/sdk/pico/pico-sdk/lib/tinyusb/src/device/usbd.c.obj
                0x1000586c                tud_init
 .text.usbd_defer_func
                0x10005938       0x2a CMakeFiles/I2C_display.dir/C_/VSARM/sdk/pico/pico-sdk/lib/tinyusb/src/device/usbd.c.obj
                0x10005938                usbd_defer_func
 *fill*         0x10005962        0x2 
 .text.usbd_edpt_open
                0x10005964       0x34 CMakeFiles/I2C_display.dir/C_/VSARM/sdk/pico/pico-sdk/lib/tinyusb/src/device/usbd.c.obj
                0x10005964                usbd_edpt_open
 .text.usbd_open_edpt_pair
                0x10005998       0x62 CMakeFiles/I2C_display.dir/C_/VSARM/sdk/pico/pico-sdk/lib/tinyusb/src/device/usbd.c.obj
                0x10005998                usbd_open_edpt_pair
 *fill*         0x100059fa        0x2 
 .text.usbd_edpt_claim
                0x100059fc       0x28 CMakeFiles/I2C_display.dir/C_/VSARM/sdk/pico/pico-sdk/lib/tinyusb/src/device/usbd.c.obj
                0x100059fc                usbd_edpt_claim
 .text.usbd_edpt_release
                0x10005a24       0x28 CMakeFiles/I2C_display.dir/C_/VSARM/sdk/pico/pico-sdk/lib/tinyusb/src/device/usbd.c.obj
                0x10005a24                usbd_edpt_release
 .text.usbd_edpt_xfer
                0x10005a4c       0x78 CMakeFiles/I2C_display.dir/C_/VSARM/sdk/pico/pico-sdk/lib/tinyusb/src/device/usbd.c.obj
                0x10005a4c                usbd_edpt_xfer
 .text.usbd_edpt_stall
                0x10005ac4       0x48 CMakeFiles/I2C_display.dir/C_/VSARM/sdk/pico/pico-sdk/lib/tinyusb/src/device/usbd.c.obj
                0x10005ac4                usbd_edpt_stall
 .text.usbd_edpt_clear_stall
                0x10005b0c       0x48 CMakeFiles/I2C_display.dir/C_/VSARM/sdk/pico/pico-sdk/lib/tinyusb/src/device/usbd.c.obj
                0x10005b0c                usbd_edpt_clear_stall
 .text.usbd_edpt_stalled
                0x10005b54       0x1c CMakeFiles/I2C_display.dir/C_/VSARM/sdk/pico/pico-sdk/lib/tinyusb/src/device/usbd.c.obj
                0x10005b54                usbd_edpt_stalled
 .text.process_control_request
                0x10005b70      0x37c CMakeFiles/I2C_display.dir/C_/VSARM/sdk/pico/pico-sdk/lib/tinyusb/src/device/usbd.c.obj
 .text.tud_task_ext
                0x10005eec      0x1b8 CMakeFiles/I2C_display.dir/C_/VSARM/sdk/pico/pico-sdk/lib/tinyusb/src/device/usbd.c.obj
                0x10005eec                tud_task_ext
 .text._data_stage_xact
                0x100060a4       0x58 CMakeFiles/I2C_display.dir/C_/VSARM/sdk/pico/pico-sdk/lib/tinyusb/src/device/usbd_control.c.obj
 .text.tud_control_status
                0x100060fc       0x38 CMakeFiles/I2C_display.dir/C_/VSARM/sdk/pico/pico-sdk/lib/tinyusb/src/device/usbd_control.c.obj
                0x100060fc                tud_control_status
 .text.tud_control_xfer
                0x10006134       0x74 CMakeFiles/I2C_display.dir/C_/VSARM/sdk/pico/pico-sdk/lib/tinyusb/src/device/usbd_control.c.obj
                0x10006134                tud_control_xfer
 .text.usbd_control_reset
                0x100061a8       0x14 CMakeFiles/I2C_display.dir/C_/VSARM/sdk/pico/pico-sdk/lib/tinyusb/src/device/usbd_control.c.obj
                0x100061a8                usbd_control_reset
 .text.usbd_control_set_complete_callback
                0x100061bc        0xc CMakeFiles/I2C_display.dir/C_/VSARM/sdk/pico/pico-sdk/lib/tinyusb/src/device/usbd_control.c.obj
                0x100061bc                usbd_control_set_complete_callback
 .text.usbd_control_set_request
                0x100061c8       0x1c CMakeFiles/I2C_display.dir/C_/VSARM/sdk/pico/pico-sdk/lib/tinyusb/src/device/usbd_control.c.obj
                0x100061c8                usbd_control_set_request
 .text.usbd_control_xfer_cb
                0x100061e4       0xcc CMakeFiles/I2C_display.dir/C_/VSARM/sdk/pico/pico-sdk/lib/tinyusb/src/device/usbd_control.c.obj
                0x100061e4                usbd_control_xfer_cb
 .text._prep_out_transaction
                0x100062b0       0x4a CMakeFiles/I2C_display.dir/C_/VSARM/sdk/pico/pico-sdk/lib/tinyusb/src/class/cdc/cdc_device.c.obj
 *fill*         0x100062fa        0x2 
 .text.tud_cdc_n_connected
                0x100062fc       0x44 CMakeFiles/I2C_display.dir/C_/VSARM/sdk/pico/pico-sdk/lib/tinyusb/src/class/cdc/cdc_device.c.obj
                0x100062fc                tud_cdc_n_connected
 .text.tud_cdc_n_available
                0x10006340       0x18 CMakeFiles/I2C_display.dir/C_/VSARM/sdk/pico/pico-sdk/lib/tinyusb/src/class/cdc/cdc_device.c.obj
                0x10006340                tud_cdc_n_available
 .text.tud_cdc_n_read
                0x10006358       0x28 CMakeFiles/I2C_display.dir/C_/VSARM/sdk/pico/pico-sdk/lib/tinyusb/src/class/cdc/cdc_device.c.obj
                0x10006358                tud_cdc_n_read
 .text.tud_cdc_n_write_flush
                0x10006380       0xb8 CMakeFiles/I2C_display.dir/C_/VSARM/sdk/pico/pico-sdk/lib/tinyusb/src/class/cdc/cdc_device.c.obj
                0x10006380                tud_cdc_n_write_flush
 .text.tud_cdc_n_write
                0x10006438       0x38 CMakeFiles/I2C_display.dir/C_/VSARM/sdk/pico/pico-sdk/lib/tinyusb/src/class/cdc/cdc_device.c.obj
                0x10006438                tud_cdc_n_write
 .text.tud_cdc_n_write_available
                0x10006470       0x1c CMakeFiles/I2C_display.dir/C_/VSARM/sdk/pico/pico-sdk/lib/tinyusb/src/class/cdc/cdc_device.c.obj
                0x10006470                tud_cdc_n_write_available
 .text.cdcd_init
                0x1000648c       0xbc CMakeFiles/I2C_display.dir/C_/VSARM/sdk/pico/pico-sdk/lib/tinyusb/src/class/cdc/cdc_device.c.obj
                0x1000648c                cdcd_init
 .text.cdcd_reset
                0x10006548       0x44 CMakeFiles/I2C_display.dir/C_/VSARM/sdk/pico/pico-sdk/lib/tinyusb/src/class/cdc/cdc_device.c.obj
                0x10006548                cdcd_reset
 .text.cdcd_open
                0x1000658c       0xcc CMakeFiles/I2C_display.dir/C_/VSARM/sdk/pico/pico-sdk/lib/tinyusb/src/class/cdc/cdc_device.c.obj
                0x1000658c                cdcd_open
 .text.cdcd_control_xfer_cb
                0x10006658      0x134 CMakeFiles/I2C_display.dir/C_/VSARM/sdk/pico/pico-sdk/lib/tinyusb/src/class/cdc/cdc_device.c.obj
                0x10006658                cdcd_control_xfer_cb
 .text.cdcd_xfer_cb
                0x1000678c      0x130 CMakeFiles/I2C_display.dir/C_/VSARM/sdk/pico/pico-sdk/lib/tinyusb/src/class/cdc/cdc_device.c.obj
                0x1000678c                cdcd_xfer_cb
 .text.tusb_init
                0x100068bc        0xa CMakeFiles/I2C_display.dir/C_/VSARM/sdk/pico/pico-sdk/lib/tinyusb/src/tusb.c.obj
                0x100068bc                tusb_init
 .text.tusb_inited
                0x100068c6        0xe CMakeFiles/I2C_display.dir/C_/VSARM/sdk/pico/pico-sdk/lib/tinyusb/src/tusb.c.obj
                0x100068c6                tusb_inited
 .text.tu_edpt_claim
                0x100068d4       0x50 CMakeFiles/I2C_display.dir/C_/VSARM/sdk/pico/pico-sdk/lib/tinyusb/src/tusb.c.obj
                0x100068d4                tu_edpt_claim
 .text.tu_edpt_release
                0x10006924       0x3c CMakeFiles/I2C_display.dir/C_/VSARM/sdk/pico/pico-sdk/lib/tinyusb/src/tusb.c.obj
                0x10006924                tu_edpt_release
 .text.tu_edpt_validate
                0x10006960       0x78 CMakeFiles/I2C_display.dir/C_/VSARM/sdk/pico/pico-sdk/lib/tinyusb/src/tusb.c.obj
                0x10006960                tu_edpt_validate
 .text.tu_edpt_bind_driver
                0x100069d8       0x26 CMakeFiles/I2C_display.dir/C_/VSARM/sdk/pico/pico-sdk/lib/tinyusb/src/tusb.c.obj
                0x100069d8                tu_edpt_bind_driver
 .text.advance_index
                0x100069fe       0x1a CMakeFiles/I2C_display.dir/C_/VSARM/sdk/pico/pico-sdk/lib/tinyusb/src/common/tusb_fifo.c.obj
 .text._tu_fifo_peek
                0x10006a18       0x56 CMakeFiles/I2C_display.dir/C_/VSARM/sdk/pico/pico-sdk/lib/tinyusb/src/common/tusb_fifo.c.obj
 .text._ff_pull_const_addr
                0x10006a6e       0x4c CMakeFiles/I2C_display.dir/C_/VSARM/sdk/pico/pico-sdk/lib/tinyusb/src/common/tusb_fifo.c.obj
 .text._ff_pull_n
                0x10006aba      0x110 CMakeFiles/I2C_display.dir/C_/VSARM/sdk/pico/pico-sdk/lib/tinyusb/src/common/tusb_fifo.c.obj
 .text._tu_fifo_peek_n
                0x10006bca       0x6a CMakeFiles/I2C_display.dir/C_/VSARM/sdk/pico/pico-sdk/lib/tinyusb/src/common/tusb_fifo.c.obj
 .text._tu_fifo_read_n
                0x10006c34       0x4e CMakeFiles/I2C_display.dir/C_/VSARM/sdk/pico/pico-sdk/lib/tinyusb/src/common/tusb_fifo.c.obj
 .text._ff_push_const_addr
                0x10006c82       0x40 CMakeFiles/I2C_display.dir/C_/VSARM/sdk/pico/pico-sdk/lib/tinyusb/src/common/tusb_fifo.c.obj
 .text._ff_push_n
                0x10006cc2      0x10c CMakeFiles/I2C_display.dir/C_/VSARM/sdk/pico/pico-sdk/lib/tinyusb/src/common/tusb_fifo.c.obj
 .text._tu_fifo_write_n
                0x10006dce       0xf0 CMakeFiles/I2C_display.dir/C_/VSARM/sdk/pico/pico-sdk/lib/tinyusb/src/common/tusb_fifo.c.obj
 .text.tu_fifo_config
                0x10006ebe       0x7c CMakeFiles/I2C_display.dir/C_/VSARM/sdk/pico/pico-sdk/lib/tinyusb/src/common/tusb_fifo.c.obj
                0x10006ebe                tu_fifo_config
 .text.tu_fifo_count
                0x10006f3a       0x2a CMakeFiles/I2C_display.dir/C_/VSARM/sdk/pico/pico-sdk/lib/tinyusb/src/common/tusb_fifo.c.obj
                0x10006f3a                tu_fifo_count
 .text.tu_fifo_empty
                0x10006f64       0x10 CMakeFiles/I2C_display.dir/C_/VSARM/sdk/pico/pico-sdk/lib/tinyusb/src/common/tusb_fifo.c.obj
                0x10006f64                tu_fifo_empty
 .text.tu_fifo_full
                0x10006f74       0x28 CMakeFiles/I2C_display.dir/C_/VSARM/sdk/pico/pico-sdk/lib/tinyusb/src/common/tusb_fifo.c.obj
                0x10006f74                tu_fifo_full
 .text.tu_fifo_remaining
                0x10006f9c       0x2c CMakeFiles/I2C_display.dir/C_/VSARM/sdk/pico/pico-sdk/lib/tinyusb/src/common/tusb_fifo.c.obj
                0x10006f9c                tu_fifo_remaining
 .text.tu_fifo_read
                0x10006fc8       0x42 CMakeFiles/I2C_display.dir/C_/VSARM/sdk/pico/pico-sdk/lib/tinyusb/src/common/tusb_fifo.c.obj
                0x10006fc8                tu_fifo_read
 .text.tu_fifo_read_n
                0x1000700a        0xa CMakeFiles/I2C_display.dir/C_/VSARM/sdk/pico/pico-sdk/lib/tinyusb/src/common/tusb_fifo.c.obj
                0x1000700a                tu_fifo_read_n
 .text.tu_fifo_write
                0x10007014       0x64 CMakeFiles/I2C_display.dir/C_/VSARM/sdk/pico/pico-sdk/lib/tinyusb/src/common/tusb_fifo.c.obj
                0x10007014                tu_fifo_write
 .text.tu_fifo_write_n
                0x10007078        0xa CMakeFiles/I2C_display.dir/C_/VSARM/sdk/pico/pico-sdk/lib/tinyusb/src/common/tusb_fifo.c.obj
                0x10007078                tu_fifo_write_n
 .text.tu_fifo_clear
                0x10007082       0x3e CMakeFiles/I2C_display.dir/C_/VSARM/sdk/pico/pico-sdk/lib/tinyusb/src/common/tusb_fifo.c.obj
                0x10007082                tu_fifo_clear
 .text.tu_fifo_set_overwritable
                0x100070c0       0x46 CMakeFiles/I2C_display.dir/C_/VSARM/sdk/pico/pico-sdk/lib/tinyusb/src/common/tusb_fifo.c.obj
                0x100070c0                tu_fifo_set_overwritable
 .text.i2c_write_blocking_internal
                0x10007106      0x140 CMakeFiles/I2C_display.dir/C_/VSARM/sdk/pico/pico-sdk/src/rp2_common/hardware_i2c/i2c.c.obj
 *fill*         0x10007246        0x2 
 .text.i2c_set_baudrate
                0x10007248       0xf0 CMakeFiles/I2C_display.dir/C_/VSARM/sdk/pico/pico-sdk/src/rp2_common/hardware_i2c/i2c.c.obj
                0x10007248                i2c_set_baudrate
 .text.i2c_init
                0x10007338       0x58 CMakeFiles/I2C_display.dir/C_/VSARM/sdk/pico/pico-sdk/src/rp2_common/hardware_i2c/i2c.c.obj
                0x10007338                i2c_init
 .text.i2c_write_blocking
                0x10007390       0x18 CMakeFiles/I2C_display.dir/C_/VSARM/sdk/pico/pico-sdk/src/rp2_common/hardware_i2c/i2c.c.obj
                0x10007390                i2c_write_blocking
 .text.malloc   0x100073a8       0x14 c:/vsarm/armcc/102021~1.10/bin/../lib/gcc/arm-none-eabi/10.3.1/../../../../arm-none-eabi/lib/thumb/v6-m/nofp\libg.a(lib_a-malloc.o)
                0x100073a8                malloc
 .text._malloc_r
                0x100073bc      0x584 c:/vsarm/armcc/102021~1.10/bin/../lib/gcc/arm-none-eabi/10.3.1/../../../../arm-none-eabi/lib/thumb/v6-m/nofp\libg.a(lib_a-mallocr.o)
                0x100073bc                _malloc_r
 .text.__malloc_lock
                0x10007940       0x10 c:/vsarm/armcc/102021~1.10/bin/../lib/gcc/arm-none-eabi/10.3.1/../../../../arm-none-eabi/lib/thumb/v6-m/nofp\libg.a(lib_a-mlock.o)
                0x10007940                __malloc_lock
 .text.__malloc_unlock
                0x10007950       0x10 c:/vsarm/armcc/102021~1.10/bin/../lib/gcc/arm-none-eabi/10.3.1/../../../../arm-none-eabi/lib/thumb/v6-m/nofp\libg.a(lib_a-mlock.o)
                0x10007950                __malloc_unlock
 .text._sbrk_r  0x10007960       0x24 c:/vsarm/armcc/102021~1.10/bin/../lib/gcc/arm-none-eabi/10.3.1/../../../../arm-none-eabi/lib/thumb/v6-m/nofp\libg.a(lib_a-sbrkr.o)
                0x10007960                _sbrk_r
 .text.strlen   0x10007984       0x5c c:/vsarm/armcc/102021~1.10/bin/../lib/gcc/arm-none-eabi/10.3.1/../../../../arm-none-eabi/lib/thumb/v6-m/nofp\libg.a(lib_a-strlen-stub.o)
                0x10007984                strlen
 .text._malloc_trim_r
                0x100079e0       0x9c c:/vsarm/armcc/102021~1.10/bin/../lib/gcc/arm-none-eabi/10.3.1/../../../../arm-none-eabi/lib/thumb/v6-m/nofp\libg.a(lib_a-freer.o)
                0x100079e0                _malloc_trim_r
 .text._free_r  0x10007a7c      0x1c4 c:/vsarm/armcc/102021~1.10/bin/../lib/gcc/arm-none-eabi/10.3.1/../../../../arm-none-eabi/lib/thumb/v6-m/nofp\libg.a(lib_a-freer.o)
                0x10007a7c                _free_r
 .text.__retarget_lock_acquire_recursive
                0x10007c40        0x4 c:/vsarm/armcc/102021~1.10/bin/../lib/gcc/arm-none-eabi/10.3.1/../../../../arm-none-eabi/lib/thumb/v6-m/nofp\libg.a(lib_a-lock.o)
                0x10007c40                __retarget_lock_acquire_recursive
 .text.__retarget_lock_release_recursive
                0x10007c44        0x4 c:/vsarm/armcc/102021~1.10/bin/../lib/gcc/arm-none-eabi/10.3.1/../../../../arm-none-eabi/lib/thumb/v6-m/nofp\libg.a(lib_a-lock.o)
                0x10007c44                __retarget_lock_release_recursive
 *(.fini)
 .fini          0x10007c48        0x4 c:/vsarm/armcc/102021~1.10/bin/../lib/gcc/arm-none-eabi/10.3.1/thumb/v6-m/nofp/crti.o
                0x10007c48                _fini
 *fill*         0x10007c4c        0x4 
 .fini.__stub   0x10007c50       0xe0 linker stubs
 *crtbegin.o(.ctors)
 *crtbegin?.o(.ctors)
 *(EXCLUDE_FILE(*crtend.o *crtend?.o) .ctors)
 *(SORT_BY_NAME(.ctors.*))
 *(.ctors)
 *crtbegin.o(.dtors)
 *crtbegin?.o(.dtors)
 *(EXCLUDE_FILE(*crtend.o *crtend?.o) .dtors)
 *(SORT_BY_NAME(.dtors.*))
 *(.dtors)
 *(.eh_frame*)
 .eh_frame      0x10007d30        0x0 c:/vsarm/armcc/102021~1.10/bin/../lib/gcc/arm-none-eabi/10.3.1/thumb/v6-m/nofp/crtbegin.o
                0x10007d30                . = ALIGN (0x4)

.glue_7         0x10007d30        0x0
 .glue_7        0x10007d30        0x0 linker stubs

.glue_7t        0x10007d30        0x0
 .glue_7t       0x10007d30        0x0 linker stubs

.vfp11_veneer   0x10007d30        0x0
 .vfp11_veneer  0x10007d30        0x0 linker stubs

.v4_bx          0x10007d30        0x0
 .v4_bx         0x10007d30        0x0 linker stubs

.iplt           0x10007d30        0x0
 .iplt          0x10007d30        0x0 c:/vsarm/armcc/102021~1.10/bin/../lib/gcc/arm-none-eabi/10.3.1/thumb/v6-m/nofp/crtbegin.o

.rodata         0x10007d30     0x15f0
 *(EXCLUDE_FILE(*libm.a: *libc.a:*lib_a-mem*.o *libgcc.a:) .rodata*)
 .rodata.main.str1.4
                0x10007d30        0x5 CMakeFiles/I2C_display.dir/main.c.obj
 *fill*         0x10007d35        0x3 
 .rodata.__bi_78.0
                0x10007d38        0x8 CMakeFiles/I2C_display.dir/lcd_lib/lcd_1602_i2c.c.obj
 .rodata.print_linked_list.str1.4
                0x10007d40        0x4 CMakeFiles/I2C_display.dir/menu/menu.c.obj
 .rodata.spin_lock_claim_unused.str1.4
                0x10007d44       0x1b CMakeFiles/I2C_display.dir/C_/VSARM/sdk/pico/pico-sdk/src/rp2_common/hardware_sync/sync.c.obj
 *fill*         0x10007d5f        0x1 
 .rodata.make_branch.str1.4
                0x10007d60       0x6d CMakeFiles/I2C_display.dir/C_/VSARM/sdk/pico/pico-sdk/src/rp2_common/hardware_irq/irq.c.obj
 *fill*         0x10007dcd        0x3 
 .rodata.insert_branch_and_link.str1.4
                0x10007dd0       0x10 CMakeFiles/I2C_display.dir/C_/VSARM/sdk/pico/pico-sdk/src/rp2_common/hardware_irq/irq.c.obj
 .rodata.irq_set_exclusive_handler.str1.4
                0x10007de0       0x36 CMakeFiles/I2C_display.dir/C_/VSARM/sdk/pico/pico-sdk/src/rp2_common/hardware_irq/irq.c.obj
 *fill*         0x10007e16        0x2 
 .rodata.irq_add_shared_handler.str1.4
                0x10007e18       0xd9 CMakeFiles/I2C_display.dir/C_/VSARM/sdk/pico/pico-sdk/src/rp2_common/hardware_irq/irq.c.obj
 *fill*         0x10007ef1        0x3 
 .rodata.irq_remove_handler.str1.4
                0x10007ef4       0x3a CMakeFiles/I2C_display.dir/C_/VSARM/sdk/pico/pico-sdk/src/rp2_common/hardware_irq/irq.c.obj
 *fill*         0x10007f2e        0x2 
 .rodata.irq_add_tail_to_free_list.str1.4
                0x10007f30       0x3a CMakeFiles/I2C_display.dir/C_/VSARM/sdk/pico/pico-sdk/src/rp2_common/hardware_irq/irq.c.obj
 *fill*         0x10007f6a        0x2 
 .rodata.user_irq_claim_unused.str1.4
                0x10007f6c       0x1b CMakeFiles/I2C_display.dir/C_/VSARM/sdk/pico/pico-sdk/src/rp2_common/hardware_irq/irq.c.obj
 *fill*         0x10007f87        0x1 
 .rodata.__func__.0
                0x10007f88       0x1a CMakeFiles/I2C_display.dir/C_/VSARM/sdk/pico/pico-sdk/src/rp2_common/hardware_irq/irq.c.obj
 *fill*         0x10007fa2        0x2 
 .rodata.__func__.1
                0x10007fa4       0x17 CMakeFiles/I2C_display.dir/C_/VSARM/sdk/pico/pico-sdk/src/rp2_common/hardware_irq/irq.c.obj
 *fill*         0x10007fbb        0x1 
 .rodata.__func__.2
                0x10007fbc       0x13 CMakeFiles/I2C_display.dir/C_/VSARM/sdk/pico/pico-sdk/src/rp2_common/hardware_irq/irq.c.obj
 *fill*         0x10007fcf        0x1 
 .rodata.__func__.3
                0x10007fd0        0xc CMakeFiles/I2C_display.dir/C_/VSARM/sdk/pico/pico-sdk/src/rp2_common/hardware_irq/irq.c.obj
 .rodata.__func__.4
                0x10007fdc        0xf CMakeFiles/I2C_display.dir/C_/VSARM/sdk/pico/pico-sdk/src/rp2_common/hardware_irq/irq.c.obj
 *fill*         0x10007feb        0x1 
 .rodata.__func__.5
                0x10007fec       0x17 CMakeFiles/I2C_display.dir/C_/VSARM/sdk/pico/pico-sdk/src/rp2_common/hardware_irq/irq.c.obj
 *fill*         0x10008003        0x1 
 .rodata.__func__.6
                0x10008004       0x1a CMakeFiles/I2C_display.dir/C_/VSARM/sdk/pico/pico-sdk/src/rp2_common/hardware_irq/irq.c.obj
 *fill*         0x1000801e        0x2 
 .rodata.str1.4
                0x10008020       0xed CMakeFiles/I2C_display.dir/C_/VSARM/sdk/pico/pico-sdk/src/common/pico_sync/mutex.c.obj
 *fill*         0x1000810d        0x3 
 .rodata.__func__.1
                0x10008110        0xb CMakeFiles/I2C_display.dir/C_/VSARM/sdk/pico/pico-sdk/src/common/pico_sync/mutex.c.obj
 *fill*         0x1000811b        0x1 
 .rodata.__func__.3
                0x1000811c       0x18 CMakeFiles/I2C_display.dir/C_/VSARM/sdk/pico/pico-sdk/src/common/pico_sync/mutex.c.obj
 .rodata.__func__.4
                0x10008134       0x15 CMakeFiles/I2C_display.dir/C_/VSARM/sdk/pico/pico-sdk/src/common/pico_sync/mutex.c.obj
 *fill*         0x10008149        0x3 
 .rodata.repeating_timer_callback.str1.4
                0x1000814c       0x4b CMakeFiles/I2C_display.dir/C_/VSARM/sdk/pico/pico-sdk/src/common/pico_time/time.c.obj
 *fill*         0x10008197        0x1 
 .rodata.timer_pool_entry_comparator.str1.4
                0x10008198       0x22 CMakeFiles/I2C_display.dir/C_/VSARM/sdk/pico/pico-sdk/src/common/pico_time/time.c.obj
 *fill*         0x100081ba        0x2 
 .rodata.ph_add_child_node.str1.4
                0x100081bc       0x96 CMakeFiles/I2C_display.dir/C_/VSARM/sdk/pico/pico-sdk/src/common/pico_time/time.c.obj
 *fill*         0x10008252        0x2 
 .rodata.add_alarm_under_lock.str1.4
                0x10008254       0x28 CMakeFiles/I2C_display.dir/C_/VSARM/sdk/pico/pico-sdk/src/common/pico_time/time.c.obj
                                 0x2b (size before relaxing)
 .rodata.alarm_pool_alarm_callback.str1.4
                0x1000827c       0x98 CMakeFiles/I2C_display.dir/C_/VSARM/sdk/pico/pico-sdk/src/common/pico_time/time.c.obj
                                 0xfc (size before relaxing)
 .rodata.alarm_pool_get_default.str1.4
                0x10008314       0x21 CMakeFiles/I2C_display.dir/C_/VSARM/sdk/pico/pico-sdk/src/common/pico_time/time.c.obj
 *fill*         0x10008335        0x3 
 .rodata.alarm_pool_cancel_alarm.str1.4
                0x10008338       0x27 CMakeFiles/I2C_display.dir/C_/VSARM/sdk/pico/pico-sdk/src/common/pico_time/time.c.obj
 *fill*         0x1000835f        0x1 
 .rodata.sleep_until.str1.4
                0x10008360       0x4d CMakeFiles/I2C_display.dir/C_/VSARM/sdk/pico/pico-sdk/src/common/pico_time/time.c.obj
 *fill*         0x100083ad        0x3 
 .rodata.__func__.1
                0x100083b0       0x18 CMakeFiles/I2C_display.dir/C_/VSARM/sdk/pico/pico-sdk/src/common/pico_time/time.c.obj
 .rodata.__func__.10
                0x100083c8       0x15 CMakeFiles/I2C_display.dir/C_/VSARM/sdk/pico/pico-sdk/src/common/pico_time/time.c.obj
 *fill*         0x100083dd        0x3 
 .rodata.__func__.11
                0x100083e0       0x1a CMakeFiles/I2C_display.dir/C_/VSARM/sdk/pico/pico-sdk/src/common/pico_time/time.c.obj
 *fill*         0x100083fa        0x2 
 .rodata.__func__.12
                0x100083fc        0xa CMakeFiles/I2C_display.dir/C_/VSARM/sdk/pico/pico-sdk/src/common/pico_time/time.c.obj
 *fill*         0x10008406        0x2 
 .rodata.__func__.3
                0x10008408       0x17 CMakeFiles/I2C_display.dir/C_/VSARM/sdk/pico/pico-sdk/src/common/pico_time/time.c.obj
 *fill*         0x1000841f        0x1 
 .rodata.__func__.4
                0x10008420       0x12 CMakeFiles/I2C_display.dir/C_/VSARM/sdk/pico/pico-sdk/src/common/pico_time/time.c.obj
 *fill*         0x10008432        0x2 
 .rodata.__func__.5
                0x10008434        0xd CMakeFiles/I2C_display.dir/C_/VSARM/sdk/pico/pico-sdk/src/common/pico_time/time.c.obj
 *fill*         0x10008441        0x3 
 .rodata.__func__.6
                0x10008444       0x12 CMakeFiles/I2C_display.dir/C_/VSARM/sdk/pico/pico-sdk/src/common/pico_time/time.c.obj
 *fill*         0x10008456        0x2 
 .rodata.__func__.7
                0x10008458        0xf CMakeFiles/I2C_display.dir/C_/VSARM/sdk/pico/pico-sdk/src/common/pico_time/time.c.obj
 *fill*         0x10008467        0x1 
 .rodata.__func__.8
                0x10008468        0xc CMakeFiles/I2C_display.dir/C_/VSARM/sdk/pico/pico-sdk/src/common/pico_time/time.c.obj
 .rodata.__func__.9
                0x10008474       0x15 CMakeFiles/I2C_display.dir/C_/VSARM/sdk/pico/pico-sdk/src/common/pico_time/time.c.obj
 *fill*         0x10008489        0x3 
 .rodata.hardware_alarm_claim.str1.4
                0x1000848c       0x22 CMakeFiles/I2C_display.dir/C_/VSARM/sdk/pico/pico-sdk/src/rp2_common/hardware_timer/timer.c.obj
 *fill*         0x100084ae        0x2 
 .rodata.hardware_alarm_set_target.str1.4
                0x100084b0       0x65 CMakeFiles/I2C_display.dir/C_/VSARM/sdk/pico/pico-sdk/src/rp2_common/hardware_timer/timer.c.obj
 *fill*         0x10008515        0x3 
 .rodata.__func__.0
                0x10008518       0x1a CMakeFiles/I2C_display.dir/C_/VSARM/sdk/pico/pico-sdk/src/rp2_common/hardware_timer/timer.c.obj
 .rodata.ph_add_child_node.str1.4
                0x10008532       0x96 CMakeFiles/I2C_display.dir/C_/VSARM/sdk/pico/pico-sdk/src/common/pico_util/pheap.c.obj
 *fill*         0x10008532        0x2 
 .rodata.ph_remove_any_head.str1.4
                0x10008534       0x8c CMakeFiles/I2C_display.dir/C_/VSARM/sdk/pico/pico-sdk/src/common/pico_util/pheap.c.obj
                                 0xa0 (size before relaxing)
 .rodata.ph_remove_and_free_node.str1.4
                0x100085c0       0x1e CMakeFiles/I2C_display.dir/C_/VSARM/sdk/pico/pico-sdk/src/common/pico_util/pheap.c.obj
                                 0x26 (size before relaxing)
 *fill*         0x100085de        0x2 
 .rodata.__func__.0
                0x100085e0       0x18 CMakeFiles/I2C_display.dir/C_/VSARM/sdk/pico/pico-sdk/src/common/pico_util/pheap.c.obj
 .rodata.__func__.1
                0x100085f8       0x13 CMakeFiles/I2C_display.dir/C_/VSARM/sdk/pico/pico-sdk/src/common/pico_util/pheap.c.obj
 *fill*         0x1000860b        0x1 
 .rodata.__func__.2
                0x1000860c       0x12 CMakeFiles/I2C_display.dir/C_/VSARM/sdk/pico/pico-sdk/src/common/pico_util/pheap.c.obj
 *fill*         0x1000861e        0x2 
 .rodata.__func__.3
                0x10008620        0xc CMakeFiles/I2C_display.dir/C_/VSARM/sdk/pico/pico-sdk/src/common/pico_util/pheap.c.obj
 .rodata.clock_configure.str1.4
                0x1000862c       0x57 CMakeFiles/I2C_display.dir/C_/VSARM/sdk/pico/pico-sdk/src/rp2_common/hardware_clocks/clocks.c.obj
 *fill*         0x10008683        0x1 
 .rodata.__func__.1
                0x10008684       0x10 CMakeFiles/I2C_display.dir/C_/VSARM/sdk/pico/pico-sdk/src/rp2_common/hardware_clocks/clocks.c.obj
 .rodata.pll_init.str1.4
                0x10008694      0x124 CMakeFiles/I2C_display.dir/C_/VSARM/sdk/pico/pico-sdk/src/rp2_common/hardware_pll/pll.c.obj
 .rodata.__func__.0
                0x100087b8        0x9 CMakeFiles/I2C_display.dir/C_/VSARM/sdk/pico/pico-sdk/src/rp2_common/hardware_pll/pll.c.obj
 *fill*         0x100087c1        0x3 
 .rodata.__assert_func.str1.4
                0x100087c4       0x3f CMakeFiles/I2C_display.dir/C_/VSARM/sdk/pico/pico-sdk/src/rp2_common/pico_runtime/runtime.c.obj
                                 0x43 (size before relaxing)
 *fill*         0x10008803        0x1 
 .rodata.runtime_init.str1.4
                0x10008804       0x61 CMakeFiles/I2C_display.dir/C_/VSARM/sdk/pico/pico-sdk/src/rp2_common/pico_runtime/runtime.c.obj
 *fill*         0x10008865        0x3 
 .rodata.panic.str1.4
                0x10008868       0x12 CMakeFiles/I2C_display.dir/C_/VSARM/sdk/pico/pico-sdk/src/rp2_common/pico_runtime/runtime.c.obj
 *fill*         0x1000887a        0x2 
 .rodata.__func__.2
                0x1000887c        0xd CMakeFiles/I2C_display.dir/C_/VSARM/sdk/pico/pico-sdk/src/rp2_common/pico_runtime/runtime.c.obj
 *fill*         0x10008889        0x3 
 .rodata._ftoa.str1.4
                0x1000888c       0x15 CMakeFiles/I2C_display.dir/C_/VSARM/sdk/pico/pico-sdk/src/rp2_common/pico_printf/printf.c.obj
 *fill*         0x100088a1        0x3 
 .rodata._vsnprintf
                0x100088a4      0x1e0 CMakeFiles/I2C_display.dir/C_/VSARM/sdk/pico/pico-sdk/src/rp2_common/pico_printf/printf.c.obj
 *fill*         0x10008a84        0x4 
 .rodata.pow10.0
                0x10008a88       0x50 CMakeFiles/I2C_display.dir/C_/VSARM/sdk/pico/pico-sdk/src/rp2_common/pico_printf/printf.c.obj
 .rodata.__aeabi_double_init.str1.4
                0x10008ad8       0x9c CMakeFiles/I2C_display.dir/C_/VSARM/sdk/pico/pico-sdk/src/rp2_common/pico_double/double_init_rom.c.obj
 .rodata.__func__.0
                0x10008b74       0x14 CMakeFiles/I2C_display.dir/C_/VSARM/sdk/pico/pico-sdk/src/rp2_common/pico_double/double_init_rom.c.obj
 .rodata.__aeabi_float_init.str1.4
                0x10008b88       0x7a CMakeFiles/I2C_display.dir/C_/VSARM/sdk/pico/pico-sdk/src/rp2_common/pico_float/float_init_rom.c.obj
                                 0x7e (size before relaxing)
 *fill*         0x10008c02        0x2 
 .rodata.__func__.0
                0x10008c04       0x13 CMakeFiles/I2C_display.dir/C_/VSARM/sdk/pico/pico-sdk/src/rp2_common/pico_float/float_init_rom.c.obj
 *fill*         0x10008c17        0x1 
 .rodata.__wrap_malloc.str1.4
                0x10008c18        0xe CMakeFiles/I2C_display.dir/C_/VSARM/sdk/pico/pico-sdk/src/rp2_common/pico_malloc/pico_malloc.c.obj
 *fill*         0x10008c26        0x2 
 .rodata.str1.4
                0x10008c28       0x40 CMakeFiles/I2C_display.dir/C_/VSARM/sdk/pico/pico-sdk/src/rp2_common/pico_standard_link/binary_info.c.obj
 .rodata.__bi_44
                0x10008c68        0xc CMakeFiles/I2C_display.dir/C_/VSARM/sdk/pico/pico-sdk/src/rp2_common/pico_standard_link/binary_info.c.obj
 .rodata.__bi_75
                0x10008c74        0xc CMakeFiles/I2C_display.dir/C_/VSARM/sdk/pico/pico-sdk/src/rp2_common/pico_standard_link/binary_info.c.obj
 .rodata.__bi_81
                0x10008c80        0xc CMakeFiles/I2C_display.dir/C_/VSARM/sdk/pico/pico-sdk/src/rp2_common/pico_standard_link/binary_info.c.obj
 .rodata.stdout_serialize_begin.str1.4
                0x10008c8c       0x61 CMakeFiles/I2C_display.dir/C_/VSARM/sdk/pico/pico-sdk/src/rp2_common/pico_stdio/stdio.c.obj
 .rodata.__func__.3
                0x10008c8c       0x15 CMakeFiles/I2C_display.dir/C_/VSARM/sdk/pico/pico-sdk/src/rp2_common/pico_stdio/stdio.c.obj
 *fill*         0x10008ca1        0x3 
 .rodata.crlf_str.2
                0x10008ca4        0x2 CMakeFiles/I2C_display.dir/C_/VSARM/sdk/pico/pico-sdk/src/rp2_common/pico_stdio/stdio.c.obj
 *fill*         0x10008ca6        0x2 
 .rodata._resetd_driver
                0x10008ca8       0x18 CMakeFiles/I2C_display.dir/C_/VSARM/sdk/pico/pico-sdk/src/rp2_common/pico_stdio_usb/reset_interface.c.obj
 .rodata.low_priority_worker_irq.str1.4
                0x10008cc0       0x61 CMakeFiles/I2C_display.dir/C_/VSARM/sdk/pico/pico-sdk/src/rp2_common/pico_stdio_usb/stdio_usb.c.obj
 .rodata.stdio_usb_init.str1.4
                0x10008cc0       0x45 CMakeFiles/I2C_display.dir/C_/VSARM/sdk/pico/pico-sdk/src/rp2_common/pico_stdio_usb/stdio_usb.c.obj
                                 0x4d (size before relaxing)
 *fill*         0x10008d05        0x3 
 .rodata.str1.4
                0x10008d08       0x13 CMakeFiles/I2C_display.dir/C_/VSARM/sdk/pico/pico-sdk/src/rp2_common/pico_stdio_usb/stdio_usb.c.obj
 *fill*         0x10008d1b        0x1 
 .rodata.__bi_182.0
                0x10008d1c        0xc CMakeFiles/I2C_display.dir/C_/VSARM/sdk/pico/pico-sdk/src/rp2_common/pico_stdio_usb/stdio_usb.c.obj
 .rodata.__func__.1
                0x10008d28        0xf CMakeFiles/I2C_display.dir/C_/VSARM/sdk/pico/pico-sdk/src/rp2_common/pico_stdio_usb/stdio_usb.c.obj
 *fill*         0x10008d37        0x1 
 .rodata.__func__.3
                0x10008d38       0x15 CMakeFiles/I2C_display.dir/C_/VSARM/sdk/pico/pico-sdk/src/rp2_common/pico_stdio_usb/stdio_usb.c.obj
 *fill*         0x10008d4d        0x3 
 .rodata.str1.4
                0x10008d50       0x2a CMakeFiles/I2C_display.dir/C_/VSARM/sdk/pico/pico-sdk/src/rp2_common/pico_stdio_usb/stdio_usb_descriptors.c.obj
 *fill*         0x10008d7a        0x2 
 .rodata.usbd_desc_cfg
                0x10008d7c       0x54 CMakeFiles/I2C_display.dir/C_/VSARM/sdk/pico/pico-sdk/src/rp2_common/pico_stdio_usb/stdio_usb_descriptors.c.obj
 .rodata.usbd_desc_device
                0x10008dd0       0x12 CMakeFiles/I2C_display.dir/C_/VSARM/sdk/pico/pico-sdk/src/rp2_common/pico_stdio_usb/stdio_usb_descriptors.c.obj
 *fill*         0x10008de2        0x2 
 .rodata.usbd_desc_str
                0x10008de4       0x18 CMakeFiles/I2C_display.dir/C_/VSARM/sdk/pico/pico-sdk/src/rp2_common/pico_stdio_usb/stdio_usb_descriptors.c.obj
 .rodata.pico_get_unique_board_id_string.str1.4
                0x10008dfc       0x4d CMakeFiles/I2C_display.dir/C_/VSARM/sdk/pico/pico-sdk/src/rp2_common/pico_unique_id/unique_id.c.obj
 *fill*         0x10008e49        0x3 
 .rodata.__func__.0
                0x10008e4c       0x20 CMakeFiles/I2C_display.dir/C_/VSARM/sdk/pico/pico-sdk/src/rp2_common/pico_unique_id/unique_id.c.obj
 .rodata.str1.4
                0x10008e6c      0x15a CMakeFiles/I2C_display.dir/C_/VSARM/sdk/pico/pico-sdk/src/rp2_common/hardware_flash/flash.c.obj
 *fill*         0x10008fc6        0x2 
 .rodata.__func__.0
                0x10008fc8        0xd CMakeFiles/I2C_display.dir/C_/VSARM/sdk/pico/pico-sdk/src/rp2_common/hardware_flash/flash.c.obj
 *fill*         0x10008fd5        0x3 
 .rodata._hw_endpoint_alloc.str1.4
                0x10008fd8       0xb5 CMakeFiles/I2C_display.dir/C_/VSARM/sdk/pico/pico-sdk/lib/tinyusb/src/portable/raspberrypi/rp2040/dcd_rp2040.c.obj
 *fill*         0x1000908d        0x3 
 .rodata.str1.4
                0x10009090       0x14 CMakeFiles/I2C_display.dir/C_/VSARM/sdk/pico/pico-sdk/lib/tinyusb/src/portable/raspberrypi/rp2040/dcd_rp2040.c.obj
 .rodata.dcd_int_enable.str1.4
                0x100090a4        0xc CMakeFiles/I2C_display.dir/C_/VSARM/sdk/pico/pico-sdk/lib/tinyusb/src/portable/raspberrypi/rp2040/dcd_rp2040.c.obj
 .rodata.__func__.0
                0x100090b0        0xe CMakeFiles/I2C_display.dir/C_/VSARM/sdk/pico/pico-sdk/lib/tinyusb/src/portable/raspberrypi/rp2040/dcd_rp2040.c.obj
 *fill*         0x100090be        0x2 
 .rodata.__func__.1
                0x100090c0        0xe CMakeFiles/I2C_display.dir/C_/VSARM/sdk/pico/pico-sdk/lib/tinyusb/src/portable/raspberrypi/rp2040/dcd_rp2040.c.obj
 *fill*         0x100090ce        0x2 
 .rodata.__func__.3
                0x100090d0       0x10 CMakeFiles/I2C_display.dir/C_/VSARM/sdk/pico/pico-sdk/lib/tinyusb/src/portable/raspberrypi/rp2040/dcd_rp2040.c.obj
 .rodata.__func__.5
                0x100090e0        0xf CMakeFiles/I2C_display.dir/C_/VSARM/sdk/pico/pico-sdk/lib/tinyusb/src/portable/raspberrypi/rp2040/dcd_rp2040.c.obj
 *fill*         0x100090ef        0x1 
 .rodata.__func__.6
                0x100090f0       0x13 CMakeFiles/I2C_display.dir/C_/VSARM/sdk/pico/pico-sdk/lib/tinyusb/src/portable/raspberrypi/rp2040/dcd_rp2040.c.obj
 *fill*         0x10009103        0x1 
 .rodata.__func__.7
                0x10009104        0x9 CMakeFiles/I2C_display.dir/C_/VSARM/sdk/pico/pico-sdk/lib/tinyusb/src/portable/raspberrypi/rp2040/dcd_rp2040.c.obj
 *fill*         0x1000910d        0x3 
 .rodata.str1.4
                0x10009110       0xe7 CMakeFiles/I2C_display.dir/C_/VSARM/sdk/pico/pico-sdk/lib/tinyusb/src/portable/raspberrypi/rp2040/rp2040_usb.c.obj
 *fill*         0x100091f7        0x1 
 .rodata.__func__.0
                0x100091f8        0xf CMakeFiles/I2C_display.dir/C_/VSARM/sdk/pico/pico-sdk/lib/tinyusb/src/portable/raspberrypi/rp2040/rp2040_usb.c.obj
 *fill*         0x10009207        0x1 
 .rodata.process_get_descriptor
                0x10009208       0x40 CMakeFiles/I2C_display.dir/C_/VSARM/sdk/pico/pico-sdk/lib/tinyusb/src/device/usbd.c.obj
 .rodata.process_control_request
                0x10009248       0x28 CMakeFiles/I2C_display.dir/C_/VSARM/sdk/pico/pico-sdk/lib/tinyusb/src/device/usbd.c.obj
 .rodata.tud_task_ext
                0x10009270       0x24 CMakeFiles/I2C_display.dir/C_/VSARM/sdk/pico/pico-sdk/lib/tinyusb/src/device/usbd.c.obj
 .rodata._usbd_driver
                0x10009294       0x18 CMakeFiles/I2C_display.dir/C_/VSARM/sdk/pico/pico-sdk/lib/tinyusb/src/device/usbd.c.obj
 .rodata.i2c_set_baudrate.str1.4
                0x100092ac       0x5d CMakeFiles/I2C_display.dir/C_/VSARM/sdk/pico/pico-sdk/src/rp2_common/hardware_i2c/i2c.c.obj
 *fill*         0x10009309        0x3 
 .rodata.__func__.0
                0x1000930c       0x11 CMakeFiles/I2C_display.dir/C_/VSARM/sdk/pico/pico-sdk/src/rp2_common/hardware_i2c/i2c.c.obj
                0x10009320                . = ALIGN (0x4)
 *fill*         0x1000931d        0x3 
 *(SORT_BY_ALIGNMENT(SORT_BY_NAME(.flashdata*)))
                0x10009320                . = ALIGN (0x4)

.ARM.extab
 *(.ARM.extab* .gnu.linkonce.armextab.*)
                0x10009320                __exidx_start = .

.ARM.exidx
 *(.ARM.exidx* .gnu.linkonce.armexidx.*)
                0x10009320                __exidx_end = .
                0x10009320                . = ALIGN (0x4)
                0x10009320                __binary_info_start = .

.binary_info    0x10009320       0x24
 *(.binary_info.keep.*)
 .binary_info.keep.__bi_ptr78
                0x10009320        0x4 CMakeFiles/I2C_display.dir/lcd_lib/lcd_1602_i2c.c.obj
 .binary_info.keep.__bi_ptr22
                0x10009324        0x4 CMakeFiles/I2C_display.dir/C_/VSARM/sdk/pico/pico-sdk/src/rp2_common/pico_standard_link/binary_info.c.obj
 .binary_info.keep.__bi_ptr30
                0x10009328        0x4 CMakeFiles/I2C_display.dir/C_/VSARM/sdk/pico/pico-sdk/src/rp2_common/pico_standard_link/binary_info.c.obj
 .binary_info.keep.__bi_ptr38
                0x1000932c        0x4 CMakeFiles/I2C_display.dir/C_/VSARM/sdk/pico/pico-sdk/src/rp2_common/pico_standard_link/binary_info.c.obj
 .binary_info.keep.__bi_ptr44
                0x10009330        0x4 CMakeFiles/I2C_display.dir/C_/VSARM/sdk/pico/pico-sdk/src/rp2_common/pico_standard_link/binary_info.c.obj
 .binary_info.keep.__bi_ptr50
                0x10009334        0x4 CMakeFiles/I2C_display.dir/C_/VSARM/sdk/pico/pico-sdk/src/rp2_common/pico_standard_link/binary_info.c.obj
 .binary_info.keep.__bi_ptr75
                0x10009338        0x4 CMakeFiles/I2C_display.dir/C_/VSARM/sdk/pico/pico-sdk/src/rp2_common/pico_standard_link/binary_info.c.obj
 .binary_info.keep.__bi_ptr81
                0x1000933c        0x4 CMakeFiles/I2C_display.dir/C_/VSARM/sdk/pico/pico-sdk/src/rp2_common/pico_standard_link/binary_info.c.obj
 *(.binary_info.*)
 .binary_info.__bi_ptr182
                0x10009340        0x4 CMakeFiles/I2C_display.dir/C_/VSARM/sdk/pico/pico-sdk/src/rp2_common/pico_stdio_usb/stdio_usb.c.obj
                0x10009344                __binary_info_end = .

.rel.dyn        0x10009344        0x0
 .rel.iplt      0x10009344        0x0 c:/vsarm/armcc/102021~1.10/bin/../lib/gcc/arm-none-eabi/10.3.1/thumb/v6-m/nofp/crtbegin.o
                0x10009344                . = ALIGN (0x4)

.ram_vector_table
                0x20000000       0xc0
 *(.ram_vector_table)
 .ram_vector_table
                0x20000000       0xc0 CMakeFiles/I2C_display.dir/C_/VSARM/sdk/pico/pico-sdk/src/rp2_common/pico_runtime/runtime.c.obj
                0x20000000                ram_vector_table

.data           0x200000c0     0x1438 load address 0x10009344
                0x200000c0                __data_start__ = .
 *(vtable)
 *(.time_critical*)
 .time_critical.mutex_try_enter
                0x200000c0       0x46 CMakeFiles/I2C_display.dir/C_/VSARM/sdk/pico/pico-sdk/src/common/pico_sync/mutex.c.obj
                0x200000c0                mutex_try_enter
 *fill*         0x20000106        0x2 
 .time_critical.mutex_enter_block_until
                0x20000108       0x8c CMakeFiles/I2C_display.dir/C_/VSARM/sdk/pico/pico-sdk/src/common/pico_sync/mutex.c.obj
                0x20000108                mutex_enter_block_until
 .time_critical.mutex_try_enter_block_until
                0x20000194       0x34 CMakeFiles/I2C_display.dir/C_/VSARM/sdk/pico/pico-sdk/src/common/pico_sync/mutex.c.obj
                0x20000194                mutex_try_enter_block_until
 .time_critical.mutex_enter_timeout_ms
                0x200001c8       0x68 CMakeFiles/I2C_display.dir/C_/VSARM/sdk/pico/pico-sdk/src/common/pico_sync/mutex.c.obj
                0x200001c8                mutex_enter_timeout_ms
 .time_critical.mutex_exit
                0x20000230       0x4c CMakeFiles/I2C_display.dir/C_/VSARM/sdk/pico/pico-sdk/src/common/pico_sync/mutex.c.obj
                0x20000230                mutex_exit
 .time_critical.flash_init_boot2_copyout
                0x2000027c       0x30 CMakeFiles/I2C_display.dir/C_/VSARM/sdk/pico/pico-sdk/src/rp2_common/hardware_flash/flash.c.obj
 .time_critical.flash_enable_xip_via_boot2
                0x200002ac       0x10 CMakeFiles/I2C_display.dir/C_/VSARM/sdk/pico/pico-sdk/src/rp2_common/hardware_flash/flash.c.obj
 .time_critical.flash_cs_force
                0x200002bc       0x28 CMakeFiles/I2C_display.dir/C_/VSARM/sdk/pico/pico-sdk/src/rp2_common/hardware_flash/flash.c.obj
 .time_critical.flash_do_cmd
                0x200002e4       0xd8 CMakeFiles/I2C_display.dir/C_/VSARM/sdk/pico/pico-sdk/src/rp2_common/hardware_flash/flash.c.obj
                0x200002e4                flash_do_cmd
 .time_critical.reset_non_control_endpoints
                0x200003bc       0x40 CMakeFiles/I2C_display.dir/C_/VSARM/sdk/pico/pico-sdk/lib/tinyusb/src/portable/raspberrypi/rp2040/dcd_rp2040.c.obj
 .time_critical.hw_handle_buff_status
                0x200003fc       0xa4 CMakeFiles/I2C_display.dir/C_/VSARM/sdk/pico/pico-sdk/lib/tinyusb/src/portable/raspberrypi/rp2040/dcd_rp2040.c.obj
 .time_critical.dcd_rp2040_irq
                0x200004a0      0x1cc CMakeFiles/I2C_display.dir/C_/VSARM/sdk/pico/pico-sdk/lib/tinyusb/src/portable/raspberrypi/rp2040/dcd_rp2040.c.obj
 .time_critical.e15_is_bulkin_ep
                0x2000066c       0x2c CMakeFiles/I2C_display.dir/C_/VSARM/sdk/pico/pico-sdk/lib/tinyusb/src/portable/raspberrypi/rp2040/rp2040_usb.c.obj
 .time_critical.e15_is_critical_frame_period
                0x20000698       0x30 CMakeFiles/I2C_display.dir/C_/VSARM/sdk/pico/pico-sdk/lib/tinyusb/src/portable/raspberrypi/rp2040/rp2040_usb.c.obj
 .time_critical.prepare_ep_buffer
                0x200006c8       0x70 CMakeFiles/I2C_display.dir/C_/VSARM/sdk/pico/pico-sdk/lib/tinyusb/src/portable/raspberrypi/rp2040/rp2040_usb.c.obj
 .time_critical.sync_ep_buffer
                0x20000738       0x80 CMakeFiles/I2C_display.dir/C_/VSARM/sdk/pico/pico-sdk/lib/tinyusb/src/portable/raspberrypi/rp2040/rp2040_usb.c.obj
 .time_critical._hw_endpoint_xfer_sync
                0x200007b8       0x28 CMakeFiles/I2C_display.dir/C_/VSARM/sdk/pico/pico-sdk/lib/tinyusb/src/portable/raspberrypi/rp2040/rp2040_usb.c.obj
 .time_critical.hw_endpoint_reset_transfer
                0x200007e0        0xc CMakeFiles/I2C_display.dir/C_/VSARM/sdk/pico/pico-sdk/lib/tinyusb/src/portable/raspberrypi/rp2040/rp2040_usb.c.obj
                0x200007e0                hw_endpoint_reset_transfer
 .time_critical._hw_endpoint_buffer_control_update32
                0x200007ec       0x58 CMakeFiles/I2C_display.dir/C_/VSARM/sdk/pico/pico-sdk/lib/tinyusb/src/portable/raspberrypi/rp2040/rp2040_usb.c.obj
                0x200007ec                _hw_endpoint_buffer_control_update32
 .time_critical.hw_endpoint_start_next_buffer
                0x20000844       0x88 CMakeFiles/I2C_display.dir/C_/VSARM/sdk/pico/pico-sdk/lib/tinyusb/src/portable/raspberrypi/rp2040/rp2040_usb.c.obj
                0x20000844                hw_endpoint_start_next_buffer
 .time_critical.hw_endpoint_xfer_continue
                0x200008cc       0x50 CMakeFiles/I2C_display.dir/C_/VSARM/sdk/pico/pico-sdk/lib/tinyusb/src/portable/raspberrypi/rp2040/rp2040_usb.c.obj
                0x200008cc                hw_endpoint_xfer_continue
 .time_critical.tinyusb
                0x2000091c      0x200 CMakeFiles/I2C_display.dir/C_/VSARM/sdk/pico/pico-sdk/lib/tinyusb/src/device/usbd.c.obj
                0x2000091c                dcd_event_handler
 *(.text*)
 .text          0x20000b1c        0x4 c:/vsarm/armcc/102021~1.10/bin/../lib/gcc/arm-none-eabi/10.3.1/thumb/v6-m/nofp\libgcc.a(_dvmd_tls.o)
                0x20000b1c                __aeabi_idiv0
                0x20000b1c                __aeabi_ldiv0
 .text.__stub   0x20000b20       0x90 linker stubs
                0x20000bb0                . = ALIGN (0x4)
 *(.rodata*)
                0x20000bb0                . = ALIGN (0x4)
 *(.data*)
 .data.striped_spin_lock_num
                0x20000bb0        0x1 CMakeFiles/I2C_display.dir/C_/VSARM/sdk/pico/pico-sdk/src/rp2_common/hardware_sync/sync.c.obj
 *fill*         0x20000bb1        0x3 
 .data          0x20000bb4       0x48 CMakeFiles/I2C_display.dir/C_/VSARM/sdk/pico/pico-sdk/src/rp2_common/hardware_irq/irq_handler_chain.S.obj
                0x20000bb4                irq_handler_chain_slots
                0x20000be4                irq_handler_chain_first_slot
                0x20000bee                irq_handler_chain_remove_tail
 .data.default_alarm_pool
                0x20000bfc       0x18 CMakeFiles/I2C_display.dir/C_/VSARM/sdk/pico/pico-sdk/src/common/pico_time/time.c.obj
 .data.default_alarm_pool_heap
                0x20000c14       0x10 CMakeFiles/I2C_display.dir/C_/VSARM/sdk/pico/pico-sdk/src/common/pico_time/time.c.obj
 *fill*         0x20000c24        0xc 
 .data.aeabi_bits_funcs
                0x20000c30       0x10 CMakeFiles/I2C_display.dir/C_/VSARM/sdk/pico/pico-sdk/src/rp2_common/pico_bit_ops/bit_ops_aeabi.S.obj
                0x20000c30                aeabi_bits_funcs
                0x20000c40                aeabi_bits_funcs_end
 .data.aeabi_mem_funcs
                0x20000c40       0x10 CMakeFiles/I2C_display.dir/C_/VSARM/sdk/pico/pico-sdk/src/rp2_common/pico_mem_ops/mem_ops_aeabi.S.obj
                0x20000c40                aeabi_mem_funcs
                0x20000c50                aeabi_mem_funcs_end
 .data.stdio_usb
                0x20000c50       0x18 CMakeFiles/I2C_display.dir/C_/VSARM/sdk/pico/pico-sdk/src/rp2_common/pico_stdio_usb/stdio_usb.c.obj
                0x20000c50                stdio_usb
 .data.ep_dir_string
                0x20000c68        0x8 CMakeFiles/I2C_display.dir/C_/VSARM/sdk/pico/pico-sdk/lib/tinyusb/src/portable/raspberrypi/rp2040/rp2040_usb.c.obj
                0x20000c68                ep_dir_string
 .data._usbd_qdef
                0x20000c70       0x1c CMakeFiles/I2C_display.dir/C_/VSARM/sdk/pico/pico-sdk/lib/tinyusb/src/device/usbd.c.obj
                0x20000c70                _usbd_qdef
 .data._usbd_rhport
                0x20000c8c        0x1 CMakeFiles/I2C_display.dir/C_/VSARM/sdk/pico/pico-sdk/lib/tinyusb/src/device/usbd.c.obj
 *fill*         0x20000c8d        0x3 
 .data.i2c0_inst
                0x20000c90        0x8 CMakeFiles/I2C_display.dir/C_/VSARM/sdk/pico/pico-sdk/src/rp2_common/hardware_i2c/i2c.c.obj
                0x20000c90                i2c0_inst
 .data._impure_ptr
                0x20000c98        0x4 c:/vsarm/armcc/102021~1.10/bin/../lib/gcc/arm-none-eabi/10.3.1/../../../../arm-none-eabi/lib/thumb/v6-m/nofp\libg.a(lib_a-impure.o)
                0x20000c98                _impure_ptr
 *fill*         0x20000c9c        0x4 
 .data.impure_data
                0x20000ca0      0x428 c:/vsarm/armcc/102021~1.10/bin/../lib/gcc/arm-none-eabi/10.3.1/../../../../arm-none-eabi/lib/thumb/v6-m/nofp\libg.a(lib_a-impure.o)
 .data.__malloc_av_
                0x200010c8      0x408 c:/vsarm/armcc/102021~1.10/bin/../lib/gcc/arm-none-eabi/10.3.1/../../../../arm-none-eabi/lib/thumb/v6-m/nofp\libg.a(lib_a-mallocr.o)
                0x200010c8                __malloc_av_
 .data.__malloc_sbrk_base