Archive member included to satisfy reference by file (symbol)

c:/vsarm/armcc/102021~1.10/bin/../lib/gcc/arm-none-eabi/10.3.1/thumb/v6-m/nofp\libgcc.a(_dvmd_tls.o)
                              CMakeFiles/I2C_display.dir/C_/VSARM/sdk/pico/pico-sdk/src/rp2_common/pico_divider/divider.S.obj (__aeabi_idiv0)
c:/vsarm/armcc/102021~1.10/bin/../lib/gcc/arm-none-eabi/10.3.1/../../../../arm-none-eabi/lib/thumb/v6-m/nofp\libg.a(lib_a-calloc.o)
                              CMakeFiles/I2C_display.dir/C_/VSARM/sdk/pico/pico-sdk/src/rp2_common/pico_malloc/pico_malloc.c.obj (calloc)
c:/vsarm/armcc/102021~1.10/bin/../lib/gcc/arm-none-eabi/10.3.1/../../../../arm-none-eabi/lib/thumb/v6-m/nofp\libg.a(lib_a-callocr.o)
                              c:/vsarm/armcc/102021~1.10/bin/../lib/gcc/arm-none-eabi/10.3.1/../../../../arm-none-eabi/lib/thumb/v6-m/nofp\libg.a(lib_a-calloc.o) (_calloc_r)
c:/vsarm/armcc/102021~1.10/bin/../lib/gcc/arm-none-eabi/10.3.1/../../../../arm-none-eabi/lib/thumb/v6-m/nofp\libg.a(lib_a-errno.o)
                              c:/vsarm/armcc/102021~1.10/bin/../lib/gcc/arm-none-eabi/10.3.1/../../../../arm-none-eabi/lib/thumb/v6-m/nofp\libg.a(lib_a-callocr.o) (__errno)
c:/vsarm/armcc/102021~1.10/bin/../lib/gcc/arm-none-eabi/10.3.1/../../../../arm-none-eabi/lib/thumb/v6-m/nofp\libg.a(lib_a-impure.o)
                              c:/vsarm/armcc/102021~1.10/bin/../lib/gcc/arm-none-eabi/10.3.1/../../../../arm-none-eabi/lib/thumb/v6-m/nofp\libg.a(lib_a-calloc.o) (_impure_ptr)
c:/vsarm/armcc/102021~1.10/bin/../lib/gcc/arm-none-eabi/10.3.1/../../../../arm-none-eabi/lib/thumb/v6-m/nofp\libg.a(lib_a-init.o)
                              c:/vsarm/armcc/102021~1.10/bin/../lib/gcc/arm-none-eabi/10.3.1/../../../../arm-none-eabi/lib/thumb/v6-m/nofp/crt0.o (__libc_init_array)
c:/vsarm/armcc/102021~1.10/bin/../lib/gcc/arm-none-eabi/10.3.1/../../../../arm-none-eabi/lib/thumb/v6-m/nofp\libg.a(lib_a-malloc.o)
                              CMakeFiles/I2C_display.dir/C_/VSARM/sdk/pico/pico-sdk/src/rp2_common/pico_malloc/pico_malloc.c.obj (malloc)
c:/vsarm/armcc/102021~1.10/bin/../lib/gcc/arm-none-eabi/10.3.1/../../../../arm-none-eabi/lib/thumb/v6-m/nofp\libg.a(lib_a-mallocr.o)
                              c:/vsarm/armcc/102021~1.10/bin/../lib/gcc/arm-none-eabi/10.3.1/../../../../arm-none-eabi/lib/thumb/v6-m/nofp\libg.a(lib_a-callocr.o) (_malloc_r)
c:/vsarm/armcc/102021~1.10/bin/../lib/gcc/arm-none-eabi/10.3.1/../../../../arm-none-eabi/lib/thumb/v6-m/nofp\libg.a(lib_a-mlock.o)
                              c:/vsarm/armcc/102021~1.10/bin/../lib/gcc/arm-none-eabi/10.3.1/../../../../arm-none-eabi/lib/thumb/v6-m/nofp\libg.a(lib_a-mallocr.o) (__malloc_lock)
c:/vsarm/armcc/102021~1.10/bin/../lib/gcc/arm-none-eabi/10.3.1/../../../../arm-none-eabi/lib/thumb/v6-m/nofp\libg.a(lib_a-realloc.o)
                              CMakeFiles/I2C_display.dir/C_/VSARM/sdk/pico/pico-sdk/src/rp2_common/pico_malloc/pico_malloc.c.obj (realloc)
c:/vsarm/armcc/102021~1.10/bin/../lib/gcc/arm-none-eabi/10.3.1/../../../../arm-none-eabi/lib/thumb/v6-m/nofp\libg.a(lib_a-reallocr.o)
                              c:/vsarm/armcc/102021~1.10/bin/../lib/gcc/arm-none-eabi/10.3.1/../../../../arm-none-eabi/lib/thumb/v6-m/nofp\libg.a(lib_a-realloc.o) (_realloc_r)
c:/vsarm/armcc/102021~1.10/bin/../lib/gcc/arm-none-eabi/10.3.1/../../../../arm-none-eabi/lib/thumb/v6-m/nofp\libg.a(lib_a-sbrkr.o)
                              c:/vsarm/armcc/102021~1.10/bin/../lib/gcc/arm-none-eabi/10.3.1/../../../../arm-none-eabi/lib/thumb/v6-m/nofp\libg.a(lib_a-mallocr.o) (_sbrk_r)
c:/vsarm/armcc/102021~1.10/bin/../lib/gcc/arm-none-eabi/10.3.1/../../../../arm-none-eabi/lib/thumb/v6-m/nofp\libg.a(lib_a-strlen-stub.o)
                              CMakeFiles/I2C_display.dir/C_/VSARM/sdk/pico/pico-sdk/src/rp2_common/pico_stdio/stdio.c.obj (strlen)
c:/vsarm/armcc/102021~1.10/bin/../lib/gcc/arm-none-eabi/10.3.1/../../../../arm-none-eabi/lib/thumb/v6-m/nofp\libg.a(lib_a-freer.o)
                              c:/vsarm/armcc/102021~1.10/bin/../lib/gcc/arm-none-eabi/10.3.1/../../../../arm-none-eabi/lib/thumb/v6-m/nofp\libg.a(lib_a-malloc.o) (_free_r)
c:/vsarm/armcc/102021~1.10/bin/../lib/gcc/arm-none-eabi/10.3.1/../../../../arm-none-eabi/lib/thumb/v6-m/nofp\libg.a(lib_a-lock.o)
                              c:/vsarm/armcc/102021~1.10/bin/../lib/gcc/arm-none-eabi/10.3.1/../../../../arm-none-eabi/lib/thumb/v6-m/nofp\libg.a(lib_a-mlock.o) (__retarget_lock_acquire_recursive)
c:/vsarm/armcc/102021~1.10/bin/../lib/gcc/arm-none-eabi/10.3.1/../../../../arm-none-eabi/lib/thumb/v6-m/nofp\libg.a(lib_a-memmove.o)
                              c:/vsarm/armcc/102021~1.10/bin/../lib/gcc/arm-none-eabi/10.3.1/../../../../arm-none-eabi/lib/thumb/v6-m/nofp\libg.a(lib_a-reallocr.o) (memmove)
c:/vsarm/armcc/102021~1.10/bin/../lib/gcc/arm-none-eabi/10.3.1/../../../../arm-none-eabi/lib/thumb/v6-m/nofp\libg.a(lib_a-reent.o)
[...]
Memory Configuration

Name             Origin             Length             Attributes
FLASH            0x10000000         0x00200000         xr
RAM              0x20000000         0x00040000         xrw
SCRATCH_X        0x20040000         0x00001000         xrw
SCRATCH_Y        0x20041000         0x00001000         xrw
*default*        0x00000000         0xffffffff

Linker script and memory map

LOAD c:/vsarm/armcc/102021~1.10/bin/../lib/gcc/arm-none-eabi/10.3.1/thumb/v6-m/nofp/crti.o
LOAD c:/vsarm/armcc/102021~1.10/bin/../lib/gcc/arm-none-eabi/10.3.1/thumb/v6-m/nofp/crtbegin.o
LOAD c:/vsarm/armcc/102021~1.10/bin/../lib/gcc/arm-none-eabi/10.3.1/../../../../arm-none-eabi/lib/thumb/v6-m/nofp/crt0.o

.flash_begin    0x10000000        0x0
                0x10000000                __flash_binary_start = .

.boot2          0x10000000      0x100
                0x10000000                __boot2_start__ = .
 *(.boot2)
 .boot2         0x10000000      0x100 C:\Users\krzys\AppData\Local\Temp\ccoTTANy.o
                0x10000100                __boot2_end__ = .
                0x00000001                ASSERT (((__boot2_end__ - __boot2_start__) == 0x100), ERROR: Pico second stage bootloader must be 256 bytes in size)

.text           0x10000100     0x7aa8
                0x10000100                __logical_binary_start = .
 *(.vectors)
 .vectors       0x10000100       0xd4 CMakeFiles/I2C_display.dir/C_/VSARM/sdk/pico/pico-sdk/src/rp2_common/pico_standard_link/crt0.S.obj
                0x10000100                __VECTOR_TABLE
                0x10000100                __vectors
                0x100001c0                isr_invalid
                0x100001c0                __default_isrs_start
                0x100001c2                isr_nmi
                0x100001c4                isr_hardfault
                0x100001c6                isr_svcall
                0x100001c8                isr_pendsv
                0x100001ca                isr_systick
                0x100001cc                isr_irq23
                0x100001cc                isr_irq18
                0x100001cc                isr_irq11
                0x100001cc                isr_irq28
                0x100001cc                isr_irq19
                0x100001cc                isr_irq0
                0x100001cc                isr_irq6
                0x100001cc                isr_irq5
                0x100001cc                isr_irq12
                0x100001cc                isr_irq22
                0x100001cc                isr_irq31
                0x100001cc                isr_irq17
                0x100001cc                isr_irq27
                0x100001cc                isr_irq30
                0x100001cc                isr_irq2
                0x100001cc                isr_irq10
                0x100001cc                isr_irq8
                0x100001cc                isr_irq24
                0x100001cc                isr_irq1
                0x100001cc                isr_irq7
                0x100001cc                isr_irq21
                0x100001cc                isr_irq20
                0x100001cc                isr_irq15
                0x100001cc                isr_irq25
                0x100001cc                isr_irq13
                0x100001cc                __unhandled_user_irq
                0x100001cc                isr_irq4
                0x100001cc                isr_irq16
                0x100001cc                isr_irq29
                0x100001cc                isr_irq26
                0x100001cc                __default_isrs_end
                0x100001cc                isr_irq3
                0x100001cc                isr_irq14
                0x100001cc                isr_irq9
                0x100001d2                unhandled_user_irq_num_in_r0
 *(.binary_info_header)
 .binary_info_header
                0x100001d4       0x14 CMakeFiles/I2C_display.dir/C_/VSARM/sdk/pico/pico-sdk/src/rp2_common/pico_standard_link/crt0.S.obj
                0x100001e8                __binary_info_header_end = .
 *(.reset)
 .reset         0x100001e8       0xa0 CMakeFiles/I2C_display.dir/C_/VSARM/sdk/pico/pico-sdk/src/rp2_common/pico_standard_link/crt0.S.obj
                0x100001e8                _entry_point
 .reset         0x10000288       0x30 CMakeFiles/I2C_display.dir/C_/VSARM/sdk/pico/pico-sdk/src/rp2_common/pico_standard_link/binary_info.c.obj
 *(.init)
 .init          0x100002b8        0x4 c:/vsarm/armcc/102021~1.10/bin/../lib/gcc/arm-none-eabi/10.3.1/thumb/v6-m/nofp/crti.o
                0x100002b8                _init
 *(EXCLUDE_FILE(*libm.a: *libc.a:*lib_a-mem*.o *libgcc.a:) .text*)
 .text          0x100002bc       0x48 c:/vsarm/armcc/102021~1.10/bin/../lib/gcc/arm-none-eabi/10.3.1/thumb/v6-m/nofp/crtbegin.o
 .text.main     0x10000304       0x5c CMakeFiles/I2C_display.dir/main.c.obj
                0x10000304                main
 .text.i2c_write_byte
                0x10000360       0x20 CMakeFiles/I2C_display.dir/lcd_lib/lcd_1602_i2c.c.obj
                0x10000360                i2c_write_byte
 .text.lcd_toggle_enable
                0x10000380       0x38 CMakeFiles/I2C_display.dir/lcd_lib/lcd_1602_i2c.c.obj
                0x10000380                lcd_toggle_enable
 .text.lcd_send_byte
                0x100003b8       0x38 CMakeFiles/I2C_display.dir/lcd_lib/lcd_1602_i2c.c.obj
                0x100003b8                lcd_send_byte
 .text.lcd_clear
                0x100003f0        0xc CMakeFiles/I2C_display.dir/lcd_lib/lcd_1602_i2c.c.obj
                0x100003f0                lcd_clear
 .text.lcd_set_cursor
                0x100003fc       0x1a CMakeFiles/I2C_display.dir/lcd_lib/lcd_1602_i2c.c.obj
                0x100003fc                lcd_set_cursor
 .text.lcd_string
                0x10000416       0x16 CMakeFiles/I2C_display.dir/lcd_lib/lcd_1602_i2c.c.obj
                0x10000416                lcd_string
 .text.irq_handler
                0x1000042c       0x74 CMakeFiles/I2C_display.dir/buttons/buttons.c.obj
                0x1000042c                irq_handler
 .text.buttons_init
                0x100004a0       0x78 CMakeFiles/I2C_display.dir/buttons/buttons.c.obj
                0x100004a0                buttons_init
 .text.print_linked_list
                0x10000518       0x1c CMakeFiles/I2C_display.dir/menu/menu.c.obj
                0x10000518                print_linked_list
 .text.menu_val_init
                0x10000534       0x4c CMakeFiles/I2C_display.dir/menu/menu.c.obj
                0x10000534                menu_val_init
 .text.gpio_set_function
                0x10000580       0x30 CMakeFiles/I2C_display.dir/C_/VSARM/sdk/pico/pico-sdk/src/rp2_common/hardware_gpio/gpio.c.obj
                0x10000580                gpio_set_function
 .text.gpio_set_pulls
                0x100005b0       0x34 CMakeFiles/I2C_display.dir/C_/VSARM/sdk/pico/pico-sdk/src/rp2_common/hardware_gpio/gpio.c.obj
                0x100005b0                gpio_set_pulls
 .text.gpio_set_irq_callback
                0x100005e4       0x48 CMakeFiles/I2C_display.dir/C_/VSARM/sdk/pico/pico-sdk/src/rp2_common/hardware_gpio/gpio.c.obj
                0x100005e4                gpio_set_irq_callback
 .text.gpio_acknowledge_irq
                0x1000062c       0x18 CMakeFiles/I2C_display.dir/C_/VSARM/sdk/pico/pico-sdk/src/rp2_common/hardware_gpio/gpio.c.obj
                0x1000062c                gpio_acknowledge_irq
 .text._gpio_set_irq_enabled
                0x10000644       0x34 CMakeFiles/I2C_display.dir/C_/VSARM/sdk/pico/pico-sdk/src/rp2_common/hardware_gpio/gpio.c.obj
 .text.gpio_set_irq_enabled
                0x10000678       0x20 CMakeFiles/I2C_display.dir/C_/VSARM/sdk/pico/pico-sdk/src/rp2_common/hardware_gpio/gpio.c.obj
                0x10000678                gpio_set_irq_enabled
 .text.gpio_set_irq_enabled_with_callback
                0x10000698       0x20 CMakeFiles/I2C_display.dir/C_/VSARM/sdk/pico/pico-sdk/src/rp2_common/hardware_gpio/gpio.c.obj
                0x10000698                gpio_set_irq_enabled_with_callback
 .text.gpio_default_irq_handler
                0x100006b8       0x98 CMakeFiles/I2C_display.dir/C_/VSARM/sdk/pico/pico-sdk/src/rp2_common/hardware_gpio/gpio.c.obj
 .text.gpio_init
                0x10000750       0x16 CMakeFiles/I2C_display.dir/C_/VSARM/sdk/pico/pico-sdk/src/rp2_common/hardware_gpio/gpio.c.obj
                0x10000750                gpio_init
 *fill*         0x10000766        0x2 
 .text.running_on_fpga
                0x10000768       0x14 CMakeFiles/I2C_display.dir/C_/VSARM/sdk/pico/pico-sdk/src/rp2_common/pico_platform/platform.c.obj
                0x10000768                running_on_fpga
 .text.hw_claim_lock
                0x1000077c       0x18 CMakeFiles/I2C_display.dir/C_/VSARM/sdk/pico/pico-sdk/src/rp2_common/hardware_claim/claim.c.obj
                0x1000077c                hw_claim_lock
 .text.hw_claim_unlock
                0x10000794       0x14 CMakeFiles/I2C_display.dir/C_/VSARM/sdk/pico/pico-sdk/src/rp2_common/hardware_claim/claim.c.obj
                0x10000794                hw_claim_unlock
 .text.hw_claim_or_assert
                0x100007a8       0x32 CMakeFiles/I2C_display.dir/C_/VSARM/sdk/pico/pico-sdk/src/rp2_common/hardware_claim/claim.c.obj
                0x100007a8                hw_claim_or_assert
 .text.hw_claim_unused_from_range
                0x100007da       0x50 CMakeFiles/I2C_display.dir/C_/VSARM/sdk/pico/pico-sdk/src/rp2_common/hardware_claim/claim.c.obj
                0x100007da                hw_claim_unused_from_range
 *fill*         0x1000082a        0x2 
 .text.spin_locks_reset
                0x1000082c       0x20 CMakeFiles/I2C_display.dir/C_/VSARM/sdk/pico/pico-sdk/src/rp2_common/hardware_sync/sync.c.obj
                0x1000082c                spin_locks_reset
 .text.next_striped_spin_lock_num
                0x1000084c       0x1c CMakeFiles/I2C_display.dir/C_/VSARM/sdk/pico/pico-sdk/src/rp2_common/hardware_sync/sync.c.obj
                0x1000084c                next_striped_spin_lock_num
 .text.spin_lock_claim_unused
                0x10000868       0x20 CMakeFiles/I2C_display.dir/C_/VSARM/sdk/pico/pico-sdk/src/rp2_common/hardware_sync/sync.c.obj
                0x10000868                spin_lock_claim_unused
 .text.set_raw_irq_handler_and_unlock
                0x10000888       0x28 CMakeFiles/I2C_display.dir/C_/VSARM/sdk/pico/pico-sdk/src/rp2_common/hardware_irq/irq.c.obj
 .text.make_branch
                0x100008b0       0x48 CMakeFiles/I2C_display.dir/C_/VSARM/sdk/pico/pico-sdk/src/rp2_common/hardware_irq/irq.c.obj
 .text.insert_branch_and_link
                0x100008f8       0x40 CMakeFiles/I2C_display.dir/C_/VSARM/sdk/pico/pico-sdk/src/rp2_common/hardware_irq/irq.c.obj
 .text.irq_is_enabled
                0x10000938       0x18 CMakeFiles/I2C_display.dir/C_/VSARM/sdk/pico/pico-sdk/src/rp2_common/hardware_irq/irq.c.obj
                0x10000938                irq_is_enabled
 .text.irq_set_mask_enabled
                0x10000950       0x20 CMakeFiles/I2C_display.dir/C_/VSARM/sdk/pico/pico-sdk/src/rp2_common/hardware_irq/irq.c.obj
                0x10000950                irq_set_mask_enabled
 .text.irq_set_enabled
                0x10000970        0xe CMakeFiles/I2C_display.dir/C_/VSARM/sdk/pico/pico-sdk/src/rp2_common/hardware_irq/irq.c.obj
                0x10000970                irq_set_enabled
 *fill*         0x1000097e        0x2 
 .text.irq_set_pending
                0x10000980       0x10 CMakeFiles/I2C_display.dir/C_/VSARM/sdk/pico/pico-sdk/src/rp2_common/hardware_irq/irq.c.obj
                0x10000980                irq_set_pending
 .text.irq_get_vtable_handler
                0x10000990       0x10 CMakeFiles/I2C_display.dir/C_/VSARM/sdk/pico/pico-sdk/src/rp2_common/hardware_irq/irq.c.obj
                0x10000990                irq_get_vtable_handler
 .text.irq_has_shared_handler
                0x100009a0       0x24 CMakeFiles/I2C_display.dir/C_/VSARM/sdk/pico/pico-sdk/src/rp2_common/hardware_irq/irq.c.obj
                0x100009a0                irq_has_shared_handler
 .text.irq_set_exclusive_handler
                0x100009c4       0x54 CMakeFiles/I2C_display.dir/C_/VSARM/sdk/pico/pico-sdk/src/rp2_common/hardware_irq/irq.c.obj
                0x100009c4                irq_set_exclusive_handler
 .text.irq_add_shared_handler
                0x10000a18      0x234 CMakeFiles/I2C_display.dir/C_/VSARM/sdk/pico/pico-sdk/src/rp2_common/hardware_irq/irq.c.obj
                0x10000a18                irq_add_shared_handler
 .text.irq_remove_handler
                0x10000c4c      0x1ac CMakeFiles/I2C_display.dir/C_/VSARM/sdk/pico/pico-sdk/src/rp2_common/hardware_irq/irq.c.obj
                0x10000c4c                irq_remove_handler
 .text.irq_add_tail_to_free_list
                0x10000df8       0xf0 CMakeFiles/I2C_display.dir/C_/VSARM/sdk/pico/pico-sdk/src/rp2_common/hardware_irq/irq.c.obj
                0x10000df8                irq_add_tail_to_free_list
 .text.irq_init_priorities
                0x10000ee8       0x1c CMakeFiles/I2C_display.dir/C_/VSARM/sdk/pico/pico-sdk/src/rp2_common/hardware_irq/irq.c.obj
                0x10000ee8                irq_init_priorities
 .text.user_irq_claim_unused
                0x10000f04       0x28 CMakeFiles/I2C_display.dir/C_/VSARM/sdk/pico/pico-sdk/src/rp2_common/hardware_irq/irq.c.obj
                0x10000f04                user_irq_claim_unused
 .text.lock_init
                0x10000f2c       0x10 CMakeFiles/I2C_display.dir/C_/VSARM/sdk/pico/pico-sdk/src/common/pico_sync/lock_core.c.obj
                0x10000f2c                lock_init
 .text.mutex_init
                0x10000f3c       0x1a CMakeFiles/I2C_display.dir/C_/VSARM/sdk/pico/pico-sdk/src/common/pico_sync/mutex.c.obj
                0x10000f3c                mutex_init
 .text.recursive_mutex_init
                0x10000f56       0x1e CMakeFiles/I2C_display.dir/C_/VSARM/sdk/pico/pico-sdk/src/common/pico_sync/mutex.c.obj
                0x10000f56                recursive_mutex_init
 .text.critical_section_init_with_lock_num
                0x10000f74       0x14 CMakeFiles/I2C_display.dir/C_/VSARM/sdk/pico/pico-sdk/src/common/pico_sync/critical_section.c.obj
                0x10000f74                critical_section_init_with_lock_num
 .text.critical_section_init
                0x10000f88       0x14 CMakeFiles/I2C_display.dir/C_/VSARM/sdk/pico/pico-sdk/src/common/pico_sync/critical_section.c.obj
                0x10000f88                critical_section_init
 .text.alarm_pool_post_alloc_init
                0x10000f9c       0x40 CMakeFiles/I2C_display.dir/C_/VSARM/sdk/pico/pico-sdk/src/common/pico_time/time.c.obj
 .text.sleep_until_callback
                0x10000fdc       0x30 CMakeFiles/I2C_display.dir/C_/VSARM/sdk/pico/pico-sdk/src/common/pico_time/time.c.obj
 .text.timer_pool_entry_comparator
                0x1000100c       0x7c CMakeFiles/I2C_display.dir/C_/VSARM/sdk/pico/pico-sdk/src/common/pico_time/time.c.obj
                0x1000100c                timer_pool_entry_comparator
 .text.ph_add_child_node
                0x10001088       0xa4 CMakeFiles/I2C_display.dir/C_/VSARM/sdk/pico/pico-sdk/src/common/pico_time/time.c.obj
 .text.ph_merge_nodes
                0x1000112c       0x3e CMakeFiles/I2C_display.dir/C_/VSARM/sdk/pico/pico-sdk/src/common/pico_time/time.c.obj
 *fill*         0x1000116a        0x2 
 .text.add_alarm_under_lock
                0x1000116c      0x174 CMakeFiles/I2C_display.dir/C_/VSARM/sdk/pico/pico-sdk/src/common/pico_time/time.c.obj
 .text.alarm_pool_alarm_callback
                0x100012e0      0x33c CMakeFiles/I2C_display.dir/C_/VSARM/sdk/pico/pico-sdk/src/common/pico_time/time.c.obj
 .text.alarm_pool_init_default
                0x1000161c       0x40 CMakeFiles/I2C_display.dir/C_/VSARM/sdk/pico/pico-sdk/src/common/pico_time/time.c.obj
                0x1000161c                alarm_pool_init_default
 .text.alarm_pool_get_default
                0x1000165c       0x2c CMakeFiles/I2C_display.dir/C_/VSARM/sdk/pico/pico-sdk/src/common/pico_time/time.c.obj
                0x1000165c                alarm_pool_get_default
 .text.alarm_pool_add_alarm_at
                0x10001688      0x168 CMakeFiles/I2C_display.dir/C_/VSARM/sdk/pico/pico-sdk/src/common/pico_time/time.c.obj
                0x10001688                alarm_pool_add_alarm_at
 .text.alarm_pool_cancel_alarm
                0x100017f0       0xf8 CMakeFiles/I2C_display.dir/C_/VSARM/sdk/pico/pico-sdk/src/common/pico_time/time.c.obj
                0x100017f0                alarm_pool_cancel_alarm
 .text.alarm_pool_core_num
                0x100018e8        0x4 CMakeFiles/I2C_display.dir/C_/VSARM/sdk/pico/pico-sdk/src/common/pico_time/time.c.obj
                0x100018e8                alarm_pool_core_num
 .text.sleep_until
                0x100018ec       0xfc CMakeFiles/I2C_display.dir/C_/VSARM/sdk/pico/pico-sdk/src/common/pico_time/time.c.obj
                0x100018ec                sleep_until
 .text.sleep_us
                0x100019e8       0x58 CMakeFiles/I2C_display.dir/C_/VSARM/sdk/pico/pico-sdk/src/common/pico_time/time.c.obj
                0x100019e8                sleep_us
 .text.sleep_ms
                0x10001a40       0x14 CMakeFiles/I2C_display.dir/C_/VSARM/sdk/pico/pico-sdk/src/common/pico_time/time.c.obj
                0x10001a40                sleep_ms
 .text.best_effort_wfe_or_timeout
                0x10001a54       0xac CMakeFiles/I2C_display.dir/C_/VSARM/sdk/pico/pico-sdk/src/common/pico_time/time.c.obj
                0x10001a54                best_effort_wfe_or_timeout
 .text.hardware_alarm_irq_handler
                0x10001b00       0x90 CMakeFiles/I2C_display.dir/C_/VSARM/sdk/pico/pico-sdk/src/rp2_common/hardware_timer/timer.c.obj
 .text.hardware_alarm_claim
                0x10001b90       0x18 CMakeFiles/I2C_display.dir/C_/VSARM/sdk/pico/pico-sdk/src/rp2_common/hardware_timer/timer.c.obj
                0x10001b90                hardware_alarm_claim
 .text.time_us_64
                0x10001ba8       0x18 CMakeFiles/I2C_display.dir/C_/VSARM/sdk/pico/pico-sdk/src/rp2_common/hardware_timer/timer.c.obj
                0x10001ba8                time_us_64
 .text.busy_wait_until
                0x10001bc0       0x28 CMakeFiles/I2C_display.dir/C_/VSARM/sdk/pico/pico-sdk/src/rp2_common/hardware_timer/timer.c.obj
                0x10001bc0                busy_wait_until
 .text.hardware_alarm_set_callback
                0x10001be8       0x90 CMakeFiles/I2C_display.dir/C_/VSARM/sdk/pico/pico-sdk/src/rp2_common/hardware_timer/timer.c.obj
                0x10001be8                hardware_alarm_set_callback
 .text.hardware_alarm_set_target
                0x10001c78       0xe8 CMakeFiles/I2C_display.dir/C_/VSARM/sdk/pico/pico-sdk/src/rp2_common/hardware_timer/timer.c.obj
                0x10001c78                hardware_alarm_set_target
 .text.hardware_alarm_cancel
                0x10001d60       0x40 CMakeFiles/I2C_display.dir/C_/VSARM/sdk/pico/pico-sdk/src/rp2_common/hardware_timer/timer.c.obj
                0x10001d60                hardware_alarm_cancel
 .text.ph_add_child_node
                0x10001da0       0xa4 CMakeFiles/I2C_display.dir/C_/VSARM/sdk/pico/pico-sdk/src/common/pico_util/pheap.c.obj
 .text.ph_merge_nodes
                0x10001e44       0x3e CMakeFiles/I2C_display.dir/C_/VSARM/sdk/pico/pico-sdk/src/common/pico_util/pheap.c.obj
 *fill*         0x10001e82        0x2 
 .text.ph_clear
                0x10001e84       0x70 CMakeFiles/I2C_display.dir/C_/VSARM/sdk/pico/pico-sdk/src/common/pico_util/pheap.c.obj
                0x10001e84                ph_clear
 .text.ph_post_alloc_init
                0x10001ef4        0xe CMakeFiles/I2C_display.dir/C_/VSARM/sdk/pico/pico-sdk/src/common/pico_util/pheap.c.obj
                0x10001ef4                ph_post_alloc_init
 *fill*         0x10001f02        0x2 
 .text.ph_merge_two_pass
                0x10001f04       0xa8 CMakeFiles/I2C_display.dir/C_/VSARM/sdk/pico/pico-sdk/src/common/pico_util/pheap.c.obj
                0x10001f04                ph_merge_two_pass
 .text.ph_remove_any_head
                0x10001fac      0x128 CMakeFiles/I2C_display.dir/C_/VSARM/sdk/pico/pico-sdk/src/common/pico_util/pheap.c.obj
 .text.ph_remove_head
                0x100020d4       0x14 CMakeFiles/I2C_display.dir/C_/VSARM/sdk/pico/pico-sdk/src/common/pico_util/pheap.c.obj
                0x100020d4                ph_remove_head
 .text.ph_remove_and_free_node
                0x100020e8       0xf8 CMakeFiles/I2C_display.dir/C_/VSARM/sdk/pico/pico-sdk/src/common/pico_util/pheap.c.obj
                0x100020e8                ph_remove_and_free_node
 .text.clock_configure
                0x100021e0      0x108 CMakeFiles/I2C_display.dir/C_/VSARM/sdk/pico/pico-sdk/src/rp2_common/hardware_clocks/clocks.c.obj
                0x100021e0                clock_configure
 .text.clocks_init
                0x100022e8      0x100 CMakeFiles/I2C_display.dir/C_/VSARM/sdk/pico/pico-sdk/src/rp2_common/hardware_clocks/clocks.c.obj
                0x100022e8                clocks_init
 .text.pll_init
                0x100023e8      0x120 CMakeFiles/I2C_display.dir/C_/VSARM/sdk/pico/pico-sdk/src/rp2_common/hardware_pll/pll.c.obj
                0x100023e8                pll_init
 .text.watchdog_start_tick
                0x10002508       0x10 CMakeFiles/I2C_display.dir/C_/VSARM/sdk/pico/pico-sdk/src/rp2_common/hardware_watchdog/watchdog.c.obj
                0x10002508                watchdog_start_tick
 .text.watchdog_update
                0x10002518       0x14 CMakeFiles/I2C_display.dir/C_/VSARM/sdk/pico/pico-sdk/src/rp2_common/hardware_watchdog/watchdog.c.obj
                0x10002518                watchdog_update
 .text._watchdog_enable
                0x1000252c       0x78 CMakeFiles/I2C_display.dir/C_/VSARM/sdk/pico/pico-sdk/src/rp2_common/hardware_watchdog/watchdog.c.obj
                0x1000252c                _watchdog_enable
 .text.watchdog_reboot
                0x100025a4       0x48 CMakeFiles/I2C_display.dir/C_/VSARM/sdk/pico/pico-sdk/src/rp2_common/hardware_watchdog/watchdog.c.obj
                0x100025a4                watchdog_reboot
 .text.xosc_init
                0x100025ec       0x28 CMakeFiles/I2C_display.dir/C_/VSARM/sdk/pico/pico-sdk/src/rp2_common/hardware_xosc/xosc.c.obj
                0x100025ec                xosc_init
 .text._exit    0x10002614        0x4 CMakeFiles/I2C_display.dir/C_/VSARM/sdk/pico/pico-sdk/src/rp2_common/pico_runtime/runtime.c.obj
                0x10002614                _exit
 .text._sbrk    0x10002618       0x38 CMakeFiles/I2C_display.dir/C_/VSARM/sdk/pico/pico-sdk/src/rp2_common/pico_runtime/runtime.c.obj
                0x10002618                _sbrk
 .text.exit     0x10002650        0x6 CMakeFiles/I2C_display.dir/C_/VSARM/sdk/pico/pico-sdk/src/rp2_common/pico_runtime/runtime.c.obj
                0x10002650                exit
 *fill*         0x10002656        0x2 
 .text.__assert_func
                0x10002658       0x3c CMakeFiles/I2C_display.dir/C_/VSARM/sdk/pico/pico-sdk/src/rp2_common/pico_runtime/runtime.c.obj
                0x10002658                __assert_func
 .text.runtime_init
                0x10002694       0xf8 CMakeFiles/I2C_display.dir/C_/VSARM/sdk/pico/pico-sdk/src/rp2_common/pico_runtime/runtime.c.obj
                0x10002694                runtime_init
 .text.panic    0x1000278c       0x30 CMakeFiles/I2C_display.dir/C_/VSARM/sdk/pico/pico-sdk/src/rp2_common/pico_runtime/runtime.c.obj
                0x1000278c                panic
 .text._out_buffer
                0x100027bc        0x8 CMakeFiles/I2C_display.dir/C_/VSARM/sdk/pico/pico-sdk/src/rp2_common/pico_printf/printf.c.obj
 .text._out_null
                0x100027c4        0x2 CMakeFiles/I2C_display.dir/C_/VSARM/sdk/pico/pico-sdk/src/rp2_common/pico_printf/printf.c.obj
 .text._out_fct
                0x100027c6        0xe CMakeFiles/I2C_display.dir/C_/VSARM/sdk/pico/pico-sdk/src/rp2_common/pico_printf/printf.c.obj
 .text._atoi    0x100027d4       0x24 CMakeFiles/I2C_display.dir/C_/VSARM/sdk/pico/pico-sdk/src/rp2_common/pico_printf/printf.c.obj
 .text._out_rev
                0x100027f8       0xae CMakeFiles/I2C_display.dir/C_/VSARM/sdk/pico/pico-sdk/src/rp2_common/pico_printf/printf.c.obj
 .text._ntoa_format
                0x100028a6      0x112 CMakeFiles/I2C_display.dir/C_/VSARM/sdk/pico/pico-sdk/src/rp2_common/pico_printf/printf.c.obj
 .text._ntoa_long
                0x100029b8       0xbc CMakeFiles/I2C_display.dir/C_/VSARM/sdk/pico/pico-sdk/src/rp2_common/pico_printf/printf.c.obj
 .text._ntoa_long_long
                0x10002a74       0xe2 CMakeFiles/I2C_display.dir/C_/VSARM/sdk/pico/pico-sdk/src/rp2_common/pico_printf/printf.c.obj
 *fill*         0x10002b56        0x2 
 .text._etoa    0x10002b58      0x414 CMakeFiles/I2C_display.dir/C_/VSARM/sdk/pico/pico-sdk/src/rp2_common/pico_printf/printf.c.obj
 .text._ftoa    0x10002f6c      0x354 CMakeFiles/I2C_display.dir/C_/VSARM/sdk/pico/pico-sdk/src/rp2_common/pico_printf/printf.c.obj
 .text._vsnprintf
                0x100032c0      0x624 CMakeFiles/I2C_display.dir/C_/VSARM/sdk/pico/pico-sdk/src/rp2_common/pico_printf/printf.c.obj
 .text.__wrap_sprintf
                0x100038e4       0x28 CMakeFiles/I2C_display.dir/C_/VSARM/sdk/pico/pico-sdk/src/rp2_common/pico_printf/printf.c.obj
                0x100038e4                __wrap_sprintf
 .text.vfctprintf
                0x1000390c       0x20 CMakeFiles/I2C_display.dir/C_/VSARM/sdk/pico/pico-sdk/src/rp2_common/pico_printf/printf.c.obj
                0x1000390c                vfctprintf
 .text          0x1000392c       0x10 CMakeFiles/I2C_display.dir/C_/VSARM/sdk/pico/pico-sdk/src/rp2_common/pico_bit_ops/bit_ops_aeabi.S.obj
 .text.rom_func_lookup
                0x1000393c       0x10 CMakeFiles/I2C_display.dir/C_/VSARM/sdk/pico/pico-sdk/src/rp2_common/pico_bootrom/bootrom.c.obj
                0x1000393c                rom_func_lookup
 .text.rom_data_lookup
                0x1000394c       0x10 CMakeFiles/I2C_display.dir/C_/VSARM/sdk/pico/pico-sdk/src/rp2_common/pico_bootrom/bootrom.c.obj
                0x1000394c                rom_data_lookup
 .text.rom_funcs_lookup
                0x1000395c       0x36 CMakeFiles/I2C_display.dir/C_/VSARM/sdk/pico/pico-sdk/src/rp2_common/pico_bootrom/bootrom.c.obj
                0x1000395c                rom_funcs_lookup
 *fill*         0x10003992        0x2 
 .text.__wrap___aeabi_idiv
                0x10003994       0x50 CMakeFiles/I2C_display.dir/C_/VSARM/sdk/pico/pico-sdk/src/rp2_common/pico_divider/divider.S.obj
                0x10003994                __wrap___aeabi_idivmod
                0x10003994                divmod_s32s32
                0x10003994                div_s32s32
                0x10003994                __wrap___aeabi_idiv
                0x1000399c                divmod_s32s32_unsafe
                0x100039c8                divmod_s32s32_savestate
 .text.__wrap___aeabi_uidiv
                0x100039e4       0x4c CMakeFiles/I2C_display.dir/C_/VSARM/sdk/pico/pico-sdk/src/rp2_common/pico_divider/divider.S.obj
                0x100039e4                __wrap___aeabi_uidiv
                0x100039e4                __wrap___aeabi_uidivmod
                0x100039e4                div_u32u32
                0x100039e4                divmod_u32u32
                0x100039ec                divmod_u32u32_unsafe
                0x10003a14                divmod_u32u32_savestate
 .text.__wrap___aeabi_ldiv
                0x10003a30      0x424 CMakeFiles/I2C_display.dir/C_/VSARM/sdk/pico/pico-sdk/src/rp2_common/pico_divider/divider.S.obj
                0x10003a30                div_s64s64
                0x10003a30                divmod_s64s64
                0x10003a30                __wrap___aeabi_ldivmod
                0x10003a60                divmod_u64u64
                0x10003a60                div_u64u64
                0x10003a60                __wrap___aeabi_uldivmod
                0x10003a70                divmod_u64u64_savestate
                0x10003a90                divmod_s64s64_unsafe
                0x10003b18                divmod_u64u64_unsafe
 .text.__wrap___aeabi_darithmetic
                0x10003e54       0x80 CMakeFiles/I2C_display.dir/C_/VSARM/sdk/pico/pico-sdk/src/rp2_common/pico_double/double_aeabi.S.obj
                0x10003e54                __wrap___aeabi_drsub
                0x10003e5a                __wrap___aeabi_dsub
                0x10003e6c                __wrap___aeabi_dadd
                0x10003e7e                __wrap___aeabi_ddiv
                0x10003eba                __wrap___aeabi_dmul
 .text.__wrap___aeabi_cdcmple
                0x10003ed4       0x6c CMakeFiles/I2C_display.dir/C_/VSARM/sdk/pico/pico-sdk/src/rp2_common/pico_double/double_aeabi.S.obj
                0x10003ed4                __wrap___aeabi_cdrcmple
                0x10003ee4                __wrap___aeabi_cdcmpeq
                0x10003ee4                __wrap___aeabi_cdcmple
 .text.__wrap___aeabi_dcmplt
                0x10003f40        0xc CMakeFiles/I2C_display.dir/C_/VSARM/sdk/pico/pico-sdk/src/rp2_common/pico_double/double_aeabi.S.obj
                0x10003f40                __wrap___aeabi_dcmplt
 .text.__wrap___aeabi_dcmple
                0x10003f4c       0x10 CMakeFiles/I2C_display.dir/C_/VSARM/sdk/pico/pico-sdk/src/rp2_common/pico_double/double_aeabi.S.obj
                0x10003f4c                __wrap___aeabi_dcmple
 .text.__wrap___aeabi_dcmpge
                0x10003f5c       0x10 CMakeFiles/I2C_display.dir/C_/VSARM/sdk/pico/pico-sdk/src/rp2_common/pico_double/double_aeabi.S.obj
                0x10003f5c                __wrap___aeabi_dcmpge
 .text.__wrap___aeabi_dcmpgt
                0x10003f6c        0xa CMakeFiles/I2C_display.dir/C_/VSARM/sdk/pico/pico-sdk/src/rp2_common/pico_double/double_aeabi.S.obj
                0x10003f6c                __wrap___aeabi_dcmpgt
 .text.__wrap___aeabi_dcmpun
                0x10003f76       0x1c CMakeFiles/I2C_display.dir/C_/VSARM/sdk/pico/pico-sdk/src/rp2_common/pico_double/double_aeabi.S.obj
                0x10003f76                __wrap___aeabi_dcmpun
 *fill*         0x10003f92        0x2 
 .text.__wrap___aeabi_i2d
                0x10003f94       0x38 CMakeFiles/I2C_display.dir/C_/VSARM/sdk/pico/pico-sdk/src/rp2_common/pico_double/double_aeabi.S.obj
                0x10003f94                __wrap___aeabi_ui2d
                0x10003f9c                __wrap___aeabi_i2d
 .text.__wrap___aeabi_d2iz
                0x10003fcc       0x48 CMakeFiles/I2C_display.dir/C_/VSARM/sdk/pico/pico-sdk/src/rp2_common/pico_double/double_aeabi.S.obj
                0x10003fcc                double2int_z
                0x10003fcc                __wrap___aeabi_d2iz
 .text.__wrap___aeabi_d2uiz
                0x10004014       0x18 CMakeFiles/I2C_display.dir/C_/VSARM/sdk/pico/pico-sdk/src/rp2_common/pico_double/double_aeabi.S.obj
                0x10004014                __wrap___aeabi_d2uiz
                0x10004014                double2uint
 .text.__aeabi_double_init
                0x1000402c       0xc8 CMakeFiles/I2C_display.dir/C_/VSARM/sdk/pico/pico-sdk/src/rp2_common/pico_double/double_init_rom.c.obj
                0x1000402c                __aeabi_double_init
 .text.double_table_shim_on_use_helper
                0x100040f4       0x34 CMakeFiles/I2C_display.dir/C_/VSARM/sdk/pico/pico-sdk/src/rp2_common/pico_double/double_v1_rom_shim.S.obj
                0x100040f4                double_table_shim_on_use_helper
 .text.__wrap___aeabi_dsub
                0x10004128       0x10 CMakeFiles/I2C_display.dir/C_/VSARM/sdk/pico/pico-sdk/src/rp2_common/pico_double/double_v1_rom_shim.S.obj
                0x10004128                drsub_shim
                0x1000412e                dsub_shim
 .text.dadd_shim
                0x10004138      0x15c CMakeFiles/I2C_display.dir/C_/VSARM/sdk/pico/pico-sdk/src/rp2_common/pico_double/double_v1_rom_shim.S.obj
                0x10004138                dadd_shim
 .text.dmul_shim
                0x10004294      0x15c CMakeFiles/I2C_display.dir/C_/VSARM/sdk/pico/pico-sdk/src/rp2_common/pico_double/double_v1_rom_shim.S.obj
                0x10004294                dmul_shim
 .text.ddiv_shim
                0x100043f0      0x1b0 CMakeFiles/I2C_display.dir/C_/VSARM/sdk/pico/pico-sdk/src/rp2_common/pico_double/double_v1_rom_shim.S.obj
                0x100043f0                ddiv_shim
 .text.double2uint_shim
                0x100045a0        0xe CMakeFiles/I2C_display.dir/C_/VSARM/sdk/pico/pico-sdk/src/rp2_common/pico_double/double_v1_rom_shim.S.obj
                0x100045a0                double2uint_shim
                0x100045a2                double2ufix_shim
 *fill*         0x100045ae        0x2 
 .text.double2uint64_shim
                0x100045b0       0x70 CMakeFiles/I2C_display.dir/C_/VSARM/sdk/pico/pico-sdk/src/rp2_common/pico_double/double_v1_rom_shim.S.obj
                0x100045b0                double2uint64_shim
                0x100045b2                double2ufix64_shim
                0x100045d2                d2fix_a
 .text.dunpacks
                0x10004620       0x3c CMakeFiles/I2C_display.dir/C_/VSARM/sdk/pico/pico-sdk/src/rp2_common/pico_double/double_v1_rom_shim.S.obj
                0x10004620                dunpacks
 .text.__aeabi_lmul
                0x1000465c       0x32 CMakeFiles/I2C_display.dir/C_/VSARM/sdk/pico/pico-sdk/src/rp2_common/pico_int64_ops/pico_int64_ops_aeabi.S.obj
                0x1000465c                __wrap___aeabi_lmul
 *fill*         0x1000468e        0x2 
 .text.__aeabi_float_init
                0x10004690       0xfc CMakeFiles/I2C_display.dir/C_/VSARM/sdk/pico/pico-sdk/src/rp2_common/pico_float/float_init_rom.c.obj
                0x10004690                __aeabi_float_init
 .text.float_table_shim_on_use_helper
                0x1000478c       0x34 CMakeFiles/I2C_display.dir/C_/VSARM/sdk/pico/pico-sdk/src/rp2_common/pico_float/float_v1_rom_shim.S.obj
                0x1000478c                float_table_shim_on_use_helper
 .text.__wrap_malloc
                0x100047c0       0x24 CMakeFiles/I2C_display.dir/C_/VSARM/sdk/pico/pico-sdk/src/rp2_common/pico_malloc/pico_malloc.c.obj
                0x100047c0                __wrap_malloc
 .text          0x100047e4       0x10 CMakeFiles/I2C_display.dir/C_/VSARM/sdk/pico/pico-sdk/src/rp2_common/pico_mem_ops/mem_ops_aeabi.S.obj
                0x100047e4                __aeabi_mem_init
 .text.memset   0x100047f4        0xc CMakeFiles/I2C_display.dir/C_/VSARM/sdk/pico/pico-sdk/src/rp2_common/pico_mem_ops/mem_ops_aeabi.S.obj
                0x100047f4                __wrap_memset
 .text.memcpy   0x10004800        0xc CMakeFiles/I2C_display.dir/C_/VSARM/sdk/pico/pico-sdk/src/rp2_common/pico_mem_ops/mem_ops_aeabi.S.obj
                0x10004800                __wrap_memcpy
                0x10004800                __wrap___aeabi_memcpy
 .text.stdio_out_chars_no_crlf
                0x1000480c        0xe CMakeFiles/I2C_display.dir/C_/VSARM/sdk/pico/pico-sdk/src/rp2_common/pico_stdio/stdio.c.obj
 *fill*         0x1000481a        0x2 
 .text.stdio_out_chars_crlf
                0x1000481c       0x80 CMakeFiles/I2C_display.dir/C_/VSARM/sdk/pico/pico-sdk/src/rp2_common/pico_stdio/stdio.c.obj
 .text.stdio_stack_buffer_flush
                0x1000489c       0x44 CMakeFiles/I2C_display.dir/C_/VSARM/sdk/pico/pico-sdk/src/rp2_common/pico_stdio/stdio.c.obj
 .text.stdio_buffered_printer
                0x100048e0       0x20 CMakeFiles/I2C_display.dir/C_/VSARM/sdk/pico/pico-sdk/src/rp2_common/pico_stdio/stdio.c.obj
 .text.stdout_serialize_begin
                0x10004900       0x5c CMakeFiles/I2C_display.dir/C_/VSARM/sdk/pico/pico-sdk/src/rp2_common/pico_stdio/stdio.c.obj
                0x10004900                stdout_serialize_begin
 .text.stdout_serialize_end
                0x1000495c       0x10 CMakeFiles/I2C_display.dir/C_/VSARM/sdk/pico/pico-sdk/src/rp2_common/pico_stdio/stdio.c.obj
                0x1000495c                stdout_serialize_end
 .text.stdio_put_string
                0x1000496c       0x98 CMakeFiles/I2C_display.dir/C_/VSARM/sdk/pico/pico-sdk/src/rp2_common/pico_stdio/stdio.c.obj
 .text.stdio_set_driver_enabled
                0x10004a04       0x2c CMakeFiles/I2C_display.dir/C_/VSARM/sdk/pico/pico-sdk/src/rp2_common/pico_stdio/stdio.c.obj
                0x10004a04                stdio_set_driver_enabled
 .text.stdio_flush
                0x10004a30       0x20 CMakeFiles/I2C_display.dir/C_/VSARM/sdk/pico/pico-sdk/src/rp2_common/pico_stdio/stdio.c.obj
                0x10004a30                stdio_flush
 .text.__wrap_puts
                0x10004a50       0x1e CMakeFiles/I2C_display.dir/C_/VSARM/sdk/pico/pico-sdk/src/rp2_common/pico_stdio/stdio.c.obj
                0x10004a50                __wrap_puts
 *fill*         0x10004a6e        0x2 
 .text.__wrap_vprintf
                0x10004a70       0x40 CMakeFiles/I2C_display.dir/C_/VSARM/sdk/pico/pico-sdk/src/rp2_common/pico_stdio/stdio.c.obj
                0x10004a70                __wrap_vprintf
 .text.__wrap_printf
                0x10004ab0       0x18 CMakeFiles/I2C_display.dir/C_/VSARM/sdk/pico/pico-sdk/src/rp2_common/pico_stdio/stdio.c.obj
                0x10004ab0                __wrap_printf
 .text.stdio_init_all
                0x10004ac8        0x8 CMakeFiles/I2C_display.dir/C_/VSARM/sdk/pico/pico-sdk/src/rp2_common/pico_stdio/stdio.c.obj
                0x10004ac8                stdio_init_all
 .text.resetd_init
                0x10004ad0        0x2 CMakeFiles/I2C_display.dir/C_/VSARM/sdk/pico/pico-sdk/src/rp2_common/pico_stdio_usb/reset_interface.c.obj
 *fill*         0x10004ad2        0x2 
 .text.resetd_reset
                0x10004ad4        0xc CMakeFiles/I2C_display.dir/C_/VSARM/sdk/pico/pico-sdk/src/rp2_common/pico_stdio_usb/reset_interface.c.obj
 .text.resetd_open
                0x10004ae0       0x34 CMakeFiles/I2C_display.dir/C_/VSARM/sdk/pico/pico-sdk/src/rp2_common/pico_stdio_usb/reset_interface.c.obj
 .text.resetd_xfer_cb
                0x10004b14        0x4 CMakeFiles/I2C_display.dir/C_/VSARM/sdk/pico/pico-sdk/src/rp2_common/pico_stdio_usb/reset_interface.c.obj
 .text.reset_usb_boot
                0x10004b18       0x18 CMakeFiles/I2C_display.dir/C_/VSARM/sdk/pico/pico-sdk/src/rp2_common/pico_stdio_usb/reset_interface.c.obj
 .text.resetd_control_xfer_cb
                0x10004b30       0x5c CMakeFiles/I2C_display.dir/C_/VSARM/sdk/pico/pico-sdk/src/rp2_common/pico_stdio_usb/reset_interface.c.obj
 .text.usbd_app_driver_get_cb
                0x10004b8c        0xc CMakeFiles/I2C_display.dir/C_/VSARM/sdk/pico/pico-sdk/src/rp2_common/pico_stdio_usb/reset_interface.c.obj
                0x10004b8c                usbd_app_driver_get_cb
 .text.tud_cdc_line_coding_cb
                0x10004b98       0x28 CMakeFiles/I2C_display.dir/C_/VSARM/sdk/pico/pico-sdk/src/rp2_common/pico_stdio_usb/reset_interface.c.obj
                0x10004b98                tud_cdc_line_coding_cb
 .text.stdio_usb_set_chars_available_callback
                0x10004bc0       0x14 CMakeFiles/I2C_display.dir/C_/VSARM/sdk/pico/pico-sdk/src/rp2_common/pico_stdio_usb/stdio_usb.c.obj
                0x10004bc0                stdio_usb_set_chars_available_callback
 .text.usb_irq  0x10004bd4       0x10 CMakeFiles/I2C_display.dir/C_/VSARM/sdk/pico/pico-sdk/src/rp2_common/pico_stdio_usb/stdio_usb.c.obj
 .text.timer_task
                0x10004be4       0x5c CMakeFiles/I2C_display.dir/C_/VSARM/sdk/pico/pico-sdk/src/rp2_common/pico_stdio_usb/stdio_usb.c.obj
 .text.low_priority_worker_irq
                0x10004c40       0xdc CMakeFiles/I2C_display.dir/C_/VSARM/sdk/pico/pico-sdk/src/rp2_common/pico_stdio_usb/stdio_usb.c.obj
 .text.tud_cdc_rx_cb
                0x10004d1c       0x20 CMakeFiles/I2C_display.dir/C_/VSARM/sdk/pico/pico-sdk/src/rp2_common/pico_stdio_usb/stdio_usb.c.obj
                0x10004d1c                tud_cdc_rx_cb
 .text.stdio_usb_init
                0x10004d3c      0x11c CMakeFiles/I2C_display.dir/C_/VSARM/sdk/pico/pico-sdk/src/rp2_common/pico_stdio_usb/stdio_usb.c.obj
                0x10004d3c                stdio_usb_init
 .text.stdio_usb_connected
                0x10004e58        0xa CMakeFiles/I2C_display.dir/C_/VSARM/sdk/pico/pico-sdk/src/rp2_common/pico_stdio_usb/stdio_usb.c.obj
                0x10004e58                stdio_usb_connected
 *fill*         0x10004e62        0x2 
 .text.stdio_usb_in_chars
                0x10004e64       0xc4 CMakeFiles/I2C_display.dir/C_/VSARM/sdk/pico/pico-sdk/src/rp2_common/pico_stdio_usb/stdio_usb.c.obj
                0x10004e64                stdio_usb_in_chars
 .text.stdio_usb_out_chars
                0x10004f28      0x114 CMakeFiles/I2C_display.dir/C_/VSARM/sdk/pico/pico-sdk/src/rp2_common/pico_stdio_usb/stdio_usb.c.obj
 .text.tud_descriptor_device_cb
                0x1000503c        0x8 CMakeFiles/I2C_display.dir/C_/VSARM/sdk/pico/pico-sdk/src/rp2_common/pico_stdio_usb/stdio_usb_descriptors.c.obj
                0x1000503c                tud_descriptor_device_cb
 .text.tud_descriptor_configuration_cb
                0x10005044        0x8 CMakeFiles/I2C_display.dir/C_/VSARM/sdk/pico/pico-sdk/src/rp2_common/pico_stdio_usb/stdio_usb_descriptors.c.obj
                0x10005044                tud_descriptor_configuration_cb
 .text.tud_descriptor_string_cb
                0x1000504c       0x6c CMakeFiles/I2C_display.dir/C_/VSARM/sdk/pico/pico-sdk/src/rp2_common/pico_stdio_usb/stdio_usb_descriptors.c.obj
                0x1000504c                tud_descriptor_string_cb
 .text._retrieve_unique_id_on_boot
                0x100050b8       0x10 CMakeFiles/I2C_display.dir/C_/VSARM/sdk/pico/pico-sdk/src/rp2_common/pico_unique_id/unique_id.c.obj
 .text.pico_get_unique_board_id_string
                0x100050c8       0x60 CMakeFiles/I2C_display.dir/C_/VSARM/sdk/pico/pico-sdk/src/rp2_common/pico_unique_id/unique_id.c.obj
                0x100050c8                pico_get_unique_board_id_string
 .text.flash_get_unique_id
                0x10005128       0x46 CMakeFiles/I2C_display.dir/C_/VSARM/sdk/pico/pico-sdk/src/rp2_common/hardware_flash/flash.c.obj
                0x10005128                flash_get_unique_id
 *fill*         0x1000516e        0x2 
 .text.hw_endpoint_get_by_addr
                0x10005170       0x18 CMakeFiles/I2C_display.dir/C_/VSARM/sdk/pico/pico-sdk/lib/tinyusb/src/portable/raspberrypi/rp2040/dcd_rp2040.c.obj
 .text._hw_endpoint_alloc
                0x10005188       0x70 CMakeFiles/I2C_display.dir/C_/VSARM/sdk/pico/pico-sdk/lib/tinyusb/src/portable/raspberrypi/rp2040/dcd_rp2040.c.obj
 .text.hw_endpoint_init
                0x100051f8       0x88 CMakeFiles/I2C_display.dir/C_/VSARM/sdk/pico/pico-sdk/lib/tinyusb/src/portable/raspberrypi/rp2040/dcd_rp2040.c.obj
 .text.hw_endpoint_xfer
                0x10005280       0x14 CMakeFiles/I2C_display.dir/C_/VSARM/sdk/pico/pico-sdk/lib/tinyusb/src/portable/raspberrypi/rp2040/dcd_rp2040.c.obj
 .text.dcd_int_enable
                0x10005294       0x2c CMakeFiles/I2C_display.dir/C_/VSARM/sdk/pico/pico-sdk/lib/tinyusb/src/portable/raspberrypi/rp2040/dcd_rp2040.c.obj
                0x10005294                dcd_int_enable
 .text.dcd_set_address
                0x100052c0       0x2c CMakeFiles/I2C_display.dir/C_/VSARM/sdk/pico/pico-sdk/lib/tinyusb/src/portable/raspberrypi/rp2040/dcd_rp2040.c.obj
                0x100052c0                dcd_set_address
 .text.dcd_connect
                0x100052ec       0x10 CMakeFiles/I2C_display.dir/C_/VSARM/sdk/pico/pico-sdk/lib/tinyusb/src/portable/raspberrypi/rp2040/dcd_rp2040.c.obj
                0x100052ec                dcd_connect
 .text.dcd_init
                0x100052fc       0x80 CMakeFiles/I2C_display.dir/C_/VSARM/sdk/pico/pico-sdk/lib/tinyusb/src/portable/raspberrypi/rp2040/dcd_rp2040.c.obj
                0x100052fc                dcd_init
 .text.dcd_edpt0_status_complete
                0x1000537c       0x1c CMakeFiles/I2C_display.dir/C_/VSARM/sdk/pico/pico-sdk/lib/tinyusb/src/portable/raspberrypi/rp2040/dcd_rp2040.c.obj
                0x1000537c                dcd_edpt0_status_complete
 .text.dcd_edpt_open
                0x10005398       0x40 CMakeFiles/I2C_display.dir/C_/VSARM/sdk/pico/pico-sdk/lib/tinyusb/src/portable/raspberrypi/rp2040/dcd_rp2040.c.obj
                0x10005398                dcd_edpt_open
 .text.dcd_edpt_close_all
                0x100053d8        0x8 CMakeFiles/I2C_display.dir/C_/VSARM/sdk/pico/pico-sdk/lib/tinyusb/src/portable/raspberrypi/rp2040/dcd_rp2040.c.obj
                0x100053d8                dcd_edpt_close_all
 .text.dcd_edpt_xfer
                0x100053e0       0x34 CMakeFiles/I2C_display.dir/C_/VSARM/sdk/pico/pico-sdk/lib/tinyusb/src/portable/raspberrypi/rp2040/dcd_rp2040.c.obj
                0x100053e0                dcd_edpt_xfer
 .text.dcd_edpt_stall
                0x10005414       0x2c CMakeFiles/I2C_display.dir/C_/VSARM/sdk/pico/pico-sdk/lib/tinyusb/src/portable/raspberrypi/rp2040/dcd_rp2040.c.obj
                0x10005414                dcd_edpt_stall
 .text.dcd_edpt_clear_stall
                0x10005440       0x20 CMakeFiles/I2C_display.dir/C_/VSARM/sdk/pico/pico-sdk/lib/tinyusb/src/portable/raspberrypi/rp2040/dcd_rp2040.c.obj
                0x10005440                dcd_edpt_clear_stall
 .text.rp2040_usb_init
                0x10005460       0x4c CMakeFiles/I2C_display.dir/C_/VSARM/sdk/pico/pico-sdk/lib/tinyusb/src/portable/raspberrypi/rp2040/rp2040_usb.c.obj
                0x10005460                rp2040_usb_init
 .text.hw_endpoint_xfer_start
                0x100054ac       0x50 CMakeFiles/I2C_display.dir/C_/VSARM/sdk/pico/pico-sdk/lib/tinyusb/src/portable/raspberrypi/rp2040/rp2040_usb.c.obj
                0x100054ac                hw_endpoint_xfer_start
 .text.configuration_reset
                0x100054fc       0x84 CMakeFiles/I2C_display.dir/C_/VSARM/sdk/pico/pico-sdk/lib/tinyusb/src/device/usbd.c.obj
 .text.usbd_reset
                0x10005580        0xc CMakeFiles/I2C_display.dir/C_/VSARM/sdk/pico/pico-sdk/lib/tinyusb/src/device/usbd.c.obj
 .text.invoke_class_control
                0x1000558c       0x1a CMakeFiles/I2C_display.dir/C_/VSARM/sdk/pico/pico-sdk/lib/tinyusb/src/device/usbd.c.obj
 *fill*         0x100055a6        0x2 
 .text.process_set_config
                0x100055a8      0x178 CMakeFiles/I2C_display.dir/C_/VSARM/sdk/pico/pico-sdk/lib/tinyusb/src/device/usbd.c.obj
 .text.process_get_descriptor
                0x10005720       0xdc CMakeFiles/I2C_display.dir/C_/VSARM/sdk/pico/pico-sdk/lib/tinyusb/src/device/usbd.c.obj
 .text.tud_mounted
                0x100057fc       0x10 CMakeFiles/I2C_display.dir/C_/VSARM/sdk/pico/pico-sdk/lib/tinyusb/src/device/usbd.c.obj
                0x100057fc                tud_mounted
 .text.tud_suspended
                0x1000580c       0x10 CMakeFiles/I2C_display.dir/C_/VSARM/sdk/pico/pico-sdk/lib/tinyusb/src/device/usbd.c.obj
                0x1000580c                tud_suspended
 .text.tud_inited
                0x1000581c       0x14 CMakeFiles/I2C_display.dir/C_/VSARM/sdk/pico/pico-sdk/lib/tinyusb/src/device/usbd.c.obj
                0x1000581c                tud_inited
 .text.tud_init
                0x10005830       0xcc CMakeFiles/I2C_display.dir/C_/VSARM/sdk/pico/pico-sdk/lib/tinyusb/src/device/usbd.c.obj
                0x10005830                tud_init
 .text.usbd_defer_func
                0x100058fc       0x2a CMakeFiles/I2C_display.dir/C_/VSARM/sdk/pico/pico-sdk/lib/tinyusb/src/device/usbd.c.obj
                0x100058fc                usbd_defer_func
 *fill*         0x10005926        0x2 
 .text.usbd_edpt_open
                0x10005928       0x34 CMakeFiles/I2C_display.dir/C_/VSARM/sdk/pico/pico-sdk/lib/tinyusb/src/device/usbd.c.obj
                0x10005928                usbd_edpt_open
 .text.usbd_open_edpt_pair
                0x1000595c       0x62 CMakeFiles/I2C_display.dir/C_/VSARM/sdk/pico/pico-sdk/lib/tinyusb/src/device/usbd.c.obj
                0x1000595c                usbd_open_edpt_pair
 *fill*         0x100059be        0x2 
 .text.usbd_edpt_claim
                0x100059c0       0x28 CMakeFiles/I2C_display.dir/C_/VSARM/sdk/pico/pico-sdk/lib/tinyusb/src/device/usbd.c.obj
                0x100059c0                usbd_edpt_claim
 .text.usbd_edpt_release
                0x100059e8       0x28 CMakeFiles/I2C_display.dir/C_/VSARM/sdk/pico/pico-sdk/lib/tinyusb/src/device/usbd.c.obj
                0x100059e8                usbd_edpt_release
 .text.usbd_edpt_xfer
                0x10005a10       0x78 CMakeFiles/I2C_display.dir/C_/VSARM/sdk/pico/pico-sdk/lib/tinyusb/src/device/usbd.c.obj
                0x10005a10                usbd_edpt_xfer
 .text.usbd_edpt_stall
                0x10005a88       0x48 CMakeFiles/I2C_display.dir/C_/VSARM/sdk/pico/pico-sdk/lib/tinyusb/src/device/usbd.c.obj
                0x10005a88                usbd_edpt_stall
 .text.usbd_edpt_clear_stall
                0x10005ad0       0x48 CMakeFiles/I2C_display.dir/C_/VSARM/sdk/pico/pico-sdk/lib/tinyusb/src/device/usbd.c.obj
                0x10005ad0                usbd_edpt_clear_stall
 .text.usbd_edpt_stalled
                0x10005b18       0x1c CMakeFiles/I2C_display.dir/C_/VSARM/sdk/pico/pico-sdk/lib/tinyusb/src/device/usbd.c.obj
                0x10005b18                usbd_edpt_stalled
 .text.process_control_request
                0x10005b34      0x37c CMakeFiles/I2C_display.dir/C_/VSARM/sdk/pico/pico-sdk/lib/tinyusb/src/device/usbd.c.obj
 .text.tud_task_ext
                0x10005eb0      0x1b8 CMakeFiles/I2C_display.dir/C_/VSARM/sdk/pico/pico-sdk/lib/tinyusb/src/device/usbd.c.obj
                0x10005eb0                tud_task_ext
 .text._data_stage_xact
                0x10006068       0x58 CMakeFiles/I2C_display.dir/C_/VSARM/sdk/pico/pico-sdk/lib/tinyusb/src/device/usbd_control.c.obj
 .text.tud_control_status
                0x100060c0       0x38 CMakeFiles/I2C_display.dir/C_/VSARM/sdk/pico/pico-sdk/lib/tinyusb/src/device/usbd_control.c.obj
                0x100060c0                tud_control_status
 .text.tud_control_xfer
                0x100060f8       0x74 CMakeFiles/I2C_display.dir/C_/VSARM/sdk/pico/pico-sdk/lib/tinyusb/src/device/usbd_control.c.obj
                0x100060f8                tud_control_xfer
 .text.usbd_control_reset
                0x1000616c       0x14 CMakeFiles/I2C_display.dir/C_/VSARM/sdk/pico/pico-sdk/lib/tinyusb/src/device/usbd_control.c.obj
                0x1000616c                usbd_control_reset
 .text.usbd_control_set_complete_callback
                0x10006180        0xc CMakeFiles/I2C_display.dir/C_/VSARM/sdk/pico/pico-sdk/lib/tinyusb/src/device/usbd_control.c.obj
                0x10006180                usbd_control_set_complete_callback
 .text.usbd_control_set_request
                0x1000618c       0x1c CMakeFiles/I2C_display.dir/C_/VSARM/sdk/pico/pico-sdk/lib/tinyusb/src/device/usbd_control.c.obj
                0x1000618c                usbd_control_set_request
 .text.usbd_control_xfer_cb
                0x100061a8       0xcc CMakeFiles/I2C_display.dir/C_/VSARM/sdk/pico/pico-sdk/lib/tinyusb/src/device/usbd_control.c.obj
                0x100061a8                usbd_control_xfer_cb
 .text._prep_out_transaction
                0x10006274       0x4a CMakeFiles/I2C_display.dir/C_/VSARM/sdk/pico/pico-sdk/lib/tinyusb/src/class/cdc/cdc_device.c.obj
 *fill*         0x100062be        0x2 
 .text.tud_cdc_n_connected
                0x100062c0       0x44 CMakeFiles/I2C_display.dir/C_/VSARM/sdk/pico/pico-sdk/lib/tinyusb/src/class/cdc/cdc_device.c.obj
                0x100062c0                tud_cdc_n_connected
 .text.tud_cdc_n_available
                0x10006304       0x18 CMakeFiles/I2C_display.dir/C_/VSARM/sdk/pico/pico-sdk/lib/tinyusb/src/class/cdc/cdc_device.c.obj
                0x10006304                tud_cdc_n_available
 .text.tud_cdc_n_read
                0x1000631c       0x28 CMakeFiles/I2C_display.dir/C_/VSARM/sdk/pico/pico-sdk/lib/tinyusb/src/class/cdc/cdc_device.c.obj
                0x1000631c                tud_cdc_n_read
 .text.tud_cdc_n_write_flush
                0x10006344       0xb8 CMakeFiles/I2C_display.dir/C_/VSARM/sdk/pico/pico-sdk/lib/tinyusb/src/class/cdc/cdc_device.c.obj
                0x10006344                tud_cdc_n_write_flush
 .text.tud_cdc_n_write
                0x100063fc       0x38 CMakeFiles/I2C_display.dir/C_/VSARM/sdk/pico/pico-sdk/lib/tinyusb/src/class/cdc/cdc_device.c.obj
                0x100063fc                tud_cdc_n_write
 .text.tud_cdc_n_write_available
                0x10006434       0x1c CMakeFiles/I2C_display.dir/C_/VSARM/sdk/pico/pico-sdk/lib/tinyusb/src/class/cdc/cdc_device.c.obj
                0x10006434                tud_cdc_n_write_available
 .text.cdcd_init
                0x10006450       0xbc CMakeFiles/I2C_display.dir/C_/VSARM/sdk/pico/pico-sdk/lib/tinyusb/src/class/cdc/cdc_device.c.obj
                0x10006450                cdcd_init
 .text.cdcd_reset
                0x1000650c       0x44 CMakeFiles/I2C_display.dir/C_/VSARM/sdk/pico/pico-sdk/lib/tinyusb/src/class/cdc/cdc_device.c.obj
                0x1000650c                cdcd_reset
 .text.cdcd_open
                0x10006550       0xcc CMakeFiles/I2C_display.dir/C_/VSARM/sdk/pico/pico-sdk/lib/tinyusb/src/class/cdc/cdc_device.c.obj
                0x10006550                cdcd_open
 .text.cdcd_control_xfer_cb
                0x1000661c      0x134 CMakeFiles/I2C_display.dir/C_/VSARM/sdk/pico/pico-sdk/lib/tinyusb/src/class/cdc/cdc_device.c.obj
                0x1000661c                cdcd_control_xfer_cb
 .text.cdcd_xfer_cb
                0x10006750      0x130 CMakeFiles/I2C_display.dir/C_/VSARM/sdk/pico/pico-sdk/lib/tinyusb/src/class/cdc/cdc_device.c.obj
                0x10006750                cdcd_xfer_cb
 .text.tusb_init
                0x10006880        0xa CMakeFiles/I2C_display.dir/C_/VSARM/sdk/pico/pico-sdk/lib/tinyusb/src/tusb.c.obj
                0x10006880                tusb_init
 .text.tusb_inited
                0x1000688a        0xe CMakeFiles/I2C_display.dir/C_/VSARM/sdk/pico/pico-sdk/lib/tinyusb/src/tusb.c.obj
                0x1000688a                tusb_inited
 .text.tu_edpt_claim
                0x10006898       0x50 CMakeFiles/I2C_display.dir/C_/VSARM/sdk/pico/pico-sdk/lib/tinyusb/src/tusb.c.obj
                0x10006898                tu_edpt_claim
 .text.tu_edpt_release
                0x100068e8       0x3c CMakeFiles/I2C_display.dir/C_/VSARM/sdk/pico/pico-sdk/lib/tinyusb/src/tusb.c.obj
                0x100068e8                tu_edpt_release
 .text.tu_edpt_validate
                0x10006924       0x78 CMakeFiles/I2C_display.dir/C_/VSARM/sdk/pico/pico-sdk/lib/tinyusb/src/tusb.c.obj
                0x10006924                tu_edpt_validate
 .text.tu_edpt_bind_driver
                0x1000699c       0x26 CMakeFiles/I2C_display.dir/C_/VSARM/sdk/pico/pico-sdk/lib/tinyusb/src/tusb.c.obj
                0x1000699c                tu_edpt_bind_driver
 .text.advance_index
                0x100069c2       0x1a CMakeFiles/I2C_display.dir/C_/VSARM/sdk/pico/pico-sdk/lib/tinyusb/src/common/tusb_fifo.c.obj
 .text._tu_fifo_peek
                0x100069dc       0x56 CMakeFiles/I2C_display.dir/C_/VSARM/sdk/pico/pico-sdk/lib/tinyusb/src/common/tusb_fifo.c.obj
 .text._ff_pull_const_addr
                0x10006a32       0x4c CMakeFiles/I2C_display.dir/C_/VSARM/sdk/pico/pico-sdk/lib/tinyusb/src/common/tusb_fifo.c.obj
 .text._ff_pull_n
                0x10006a7e      0x110 CMakeFiles/I2C_display.dir/C_/VSARM/sdk/pico/pico-sdk/lib/tinyusb/src/common/tusb_fifo.c.obj
 .text._tu_fifo_peek_n
                0x10006b8e       0x6a CMakeFiles/I2C_display.dir/C_/VSARM/sdk/pico/pico-sdk/lib/tinyusb/src/common/tusb_fifo.c.obj
 .text._tu_fifo_read_n
                0x10006bf8       0x4e CMakeFiles/I2C_display.dir/C_/VSARM/sdk/pico/pico-sdk/lib/tinyusb/src/common/tusb_fifo.c.obj
 .text._ff_push_const_addr
                0x10006c46       0x40 CMakeFiles/I2C_display.dir/C_/VSARM/sdk/pico/pico-sdk/lib/tinyusb/src/common/tusb_fifo.c.obj
 .text._ff_push_n
                0x10006c86      0x10c CMakeFiles/I2C_display.dir/C_/VSARM/sdk/pico/pico-sdk/lib/tinyusb/src/common/tusb_fifo.c.obj
 .text._tu_fifo_write_n
                0x10006d92       0xf0 CMakeFiles/I2C_display.dir/C_/VSARM/sdk/pico/pico-sdk/lib/tinyusb/src/common/tusb_fifo.c.obj
 .text.tu_fifo_config
                0x10006e82       0x7c CMakeFiles/I2C_display.dir/C_/VSARM/sdk/pico/pico-sdk/lib/tinyusb/src/common/tusb_fifo.c.obj
                0x10006e82                tu_fifo_config
 .text.tu_fifo_count
                0x10006efe       0x2a CMakeFiles/I2C_display.dir/C_/VSARM/sdk/pico/pico-sdk/lib/tinyusb/src/common/tusb_fifo.c.obj
                0x10006efe                tu_fifo_count
 .text.tu_fifo_empty
                0x10006f28       0x10 CMakeFiles/I2C_display.dir/C_/VSARM/sdk/pico/pico-sdk/lib/tinyusb/src/common/tusb_fifo.c.obj
                0x10006f28                tu_fifo_empty
 .text.tu_fifo_full
                0x10006f38       0x28 CMakeFiles/I2C_display.dir/C_/VSARM/sdk/pico/pico-sdk/lib/tinyusb/src/common/tusb_fifo.c.obj
                0x10006f38                tu_fifo_full
 .text.tu_fifo_remaining
                0x10006f60       0x2c CMakeFiles/I2C_display.dir/C_/VSARM/sdk/pico/pico-sdk/lib/tinyusb/src/common/tusb_fifo.c.obj
                0x10006f60                tu_fifo_remaining
 .text.tu_fifo_read
                0x10006f8c       0x42 CMakeFiles/I2C_display.dir/C_/VSARM/sdk/pico/pico-sdk/lib/tinyusb/src/common/tusb_fifo.c.obj
                0x10006f8c                tu_fifo_read
 .text.tu_fifo_read_n
                0x10006fce        0xa CMakeFiles/I2C_display.dir/C_/VSARM/sdk/pico/pico-sdk/lib/tinyusb/src/common/tusb_fifo.c.obj
                0x10006fce                tu_fifo_read_n
 .text.tu_fifo_write
                0x10006fd8       0x64 CMakeFiles/I2C_display.dir/C_/VSARM/sdk/pico/pico-sdk/lib/tinyusb/src/common/tusb_fifo.c.obj
                0x10006fd8                tu_fifo_write
 .text.tu_fifo_write_n
                0x1000703c        0xa CMakeFiles/I2C_display.dir/C_/VSARM/sdk/pico/pico-sdk/lib/tinyusb/src/common/tusb_fifo.c.obj
                0x1000703c                tu_fifo_write_n
 .text.tu_fifo_clear
                0x10007046       0x3e CMakeFiles/I2C_display.dir/C_/VSARM/sdk/pico/pico-sdk/lib/tinyusb/src/common/tusb_fifo.c.obj
                0x10007046                tu_fifo_clear
 .text.tu_fifo_set_overwritable
                0x10007084       0x46 CMakeFiles/I2C_display.dir/C_/VSARM/sdk/pico/pico-sdk/lib/tinyusb/src/common/tusb_fifo.c.obj
                0x10007084                tu_fifo_set_overwritable
 .text.i2c_write_blocking_internal
                0x100070ca      0x140 CMakeFiles/I2C_display.dir/C_/VSARM/sdk/pico/pico-sdk/src/rp2_common/hardware_i2c/i2c.c.obj
 .text.i2c_write_blocking
                0x1000720a       0x18 CMakeFiles/I2C_display.dir/C_/VSARM/sdk/pico/pico-sdk/src/rp2_common/hardware_i2c/i2c.c.obj
                0x1000720a                i2c_write_blocking
 *fill*         0x10007222        0x2 
 .text.malloc   0x10007224       0x14 c:/vsarm/armcc/102021~1.10/bin/../lib/gcc/arm-none-eabi/10.3.1/../../../../arm-none-eabi/lib/thumb/v6-m/nofp\libg.a(lib_a-malloc.o)
                0x10007224                malloc
 .text._malloc_r
                0x10007238      0x584 c:/vsarm/armcc/102021~1.10/bin/../lib/gcc/arm-none-eabi/10.3.1/../../../../arm-none-eabi/lib/thumb/v6-m/nofp\libg.a(lib_a-mallocr.o)
                0x10007238                _malloc_r
 .text.__malloc_lock
                0x100077bc       0x10 c:/vsarm/armcc/102021~1.10/bin/../lib/gcc/arm-none-eabi/10.3.1/../../../../arm-none-eabi/lib/thumb/v6-m/nofp\libg.a(lib_a-mlock.o)
                0x100077bc                __malloc_lock
 .text.__malloc_unlock
                0x100077cc       0x10 c:/vsarm/armcc/102021~1.10/bin/../lib/gcc/arm-none-eabi/10.3.1/../../../../arm-none-eabi/lib/thumb/v6-m/nofp\libg.a(lib_a-mlock.o)
                0x100077cc                __malloc_unlock
 .text._sbrk_r  0x100077dc       0x24 c:/vsarm/armcc/102021~1.10/bin/../lib/gcc/arm-none-eabi/10.3.1/../../../../arm-none-eabi/lib/thumb/v6-m/nofp\libg.a(lib_a-sbrkr.o)
                0x100077dc                _sbrk_r
 .text.strlen   0x10007800       0x5c c:/vsarm/armcc/102021~1.10/bin/../lib/gcc/arm-none-eabi/10.3.1/../../../../arm-none-eabi/lib/thumb/v6-m/nofp\libg.a(lib_a-strlen-stub.o)
                0x10007800                strlen
 .text._malloc_trim_r
                0x1000785c       0x9c c:/vsarm/armcc/102021~1.10/bin/../lib/gcc/arm-none-eabi/10.3.1/../../../../arm-none-eabi/lib/thumb/v6-m/nofp\libg.a(lib_a-freer.o)
                0x1000785c                _malloc_trim_r
 .text._free_r  0x100078f8      0x1c4 c:/vsarm/armcc/102021~1.10/bin/../lib/gcc/arm-none-eabi/10.3.1/../../../../arm-none-eabi/lib/thumb/v6-m/nofp\libg.a(lib_a-freer.o)
                0x100078f8                _free_r
 .text.__retarget_lock_acquire_recursive
                0x10007abc        0x4 c:/vsarm/armcc/102021~1.10/bin/../lib/gcc/arm-none-eabi/10.3.1/../../../../arm-none-eabi/lib/thumb/v6-m/nofp\libg.a(lib_a-lock.o)
                0x10007abc                __retarget_lock_acquire_recursive
 .text.__retarget_lock_release_recursive
                0x10007ac0        0x4 c:/vsarm/armcc/102021~1.10/bin/../lib/gcc/arm-none-eabi/10.3.1/../../../../arm-none-eabi/lib/thumb/v6-m/nofp\libg.a(lib_a-lock.o)
                0x10007ac0                __retarget_lock_release_recursive
 *(.fini)
 .fini          0x10007ac4        0x4 c:/vsarm/armcc/102021~1.10/bin/../lib/gcc/arm-none-eabi/10.3.1/thumb/v6-m/nofp/crti.o
                0x10007ac4                _fini
 .fini.__stub   0x10007ac8       0xe0 linker stubs
 *crtbegin.o(.ctors)
 *crtbegin?.o(.ctors)
 *(EXCLUDE_FILE(*crtend.o *crtend?.o) .ctors)
 *(SORT_BY_NAME(.ctors.*))
 *(.ctors)
 *crtbegin.o(.dtors)
 *crtbegin?.o(.dtors)
 *(EXCLUDE_FILE(*crtend.o *crtend?.o) .dtors)
 *(SORT_BY_NAME(.dtors.*))
 *(.dtors)
 *(.eh_frame*)
 .eh_frame      0x10007ba8        0x0 c:/vsarm/armcc/102021~1.10/bin/../lib/gcc/arm-none-eabi/10.3.1/thumb/v6-m/nofp/crtbegin.o
                0x10007ba8                . = ALIGN (0x4)

.glue_7         0x10007ba8        0x0
 .glue_7        0x10007ba8        0x0 linker stubs

.glue_7t        0x10007ba8        0x0
 .glue_7t       0x10007ba8        0x0 linker stubs

.vfp11_veneer   0x10007ba8        0x0
 .vfp11_veneer  0x10007ba8        0x0 linker stubs

.v4_bx          0x10007ba8        0x0
 .v4_bx         0x10007ba8        0x0 linker stubs

.iplt           0x10007ba8        0x0
 .iplt          0x10007ba8        0x0 c:/vsarm/armcc/102021~1.10/bin/../lib/gcc/arm-none-eabi/10.3.1/thumb/v6-m/nofp/crtbegin.o

.rodata         0x10007ba8     0x158c
 *(EXCLUDE_FILE(*libm.a: *libc.a:*lib_a-mem*.o *libgcc.a:) .rodata*)
 .rodata.main.str1.4
                0x10007ba8       0x19 CMakeFiles/I2C_display.dir/main.c.obj
 *fill*         0x10007bc1        0x3 
 .rodata.__bi_78.0
                0x10007bc4        0x8 CMakeFiles/I2C_display.dir/lcd_lib/lcd_1602_i2c.c.obj
 .rodata.print_linked_list.str1.4
                0x10007bcc        0x4 CMakeFiles/I2C_display.dir/menu/menu.c.obj
 .rodata.spin_lock_claim_unused.str1.4
                0x10007bd0       0x1b CMakeFiles/I2C_display.dir/C_/VSARM/sdk/pico/pico-sdk/src/rp2_common/hardware_sync/sync.c.obj
 *fill*         0x10007beb        0x1 
 .rodata.make_branch.str1.4
                0x10007bec       0x6d CMakeFiles/I2C_display.dir/C_/VSARM/sdk/pico/pico-sdk/src/rp2_common/hardware_irq/irq.c.obj
 *fill*         0x10007c59        0x3 
 .rodata.insert_branch_and_link.str1.4
                0x10007c5c       0x10 CMakeFiles/I2C_display.dir/C_/VSARM/sdk/pico/pico-sdk/src/rp2_common/hardware_irq/irq.c.obj
 .rodata.irq_set_exclusive_handler.str1.4
                0x10007c6c       0x36 CMakeFiles/I2C_display.dir/C_/VSARM/sdk/pico/pico-sdk/src/rp2_common/hardware_irq/irq.c.obj
 *fill*         0x10007ca2        0x2 
 .rodata.irq_add_shared_handler.str1.4
                0x10007ca4       0xd9 CMakeFiles/I2C_display.dir/C_/VSARM/sdk/pico/pico-sdk/src/rp2_common/hardware_irq/irq.c.obj
 *fill*         0x10007d7d        0x3 
 .rodata.irq_remove_handler.str1.4
                0x10007d80       0x3a CMakeFiles/I2C_display.dir/C_/VSARM/sdk/pico/pico-sdk/src/rp2_common/hardware_irq/irq.c.obj
 *fill*         0x10007dba        0x2 
 .rodata.irq_add_tail_to_free_list.str1.4
                0x10007dbc       0x3a CMakeFiles/I2C_display.dir/C_/VSARM/sdk/pico/pico-sdk/src/rp2_common/hardware_irq/irq.c.obj
 *fill*         0x10007df6        0x2 
 .rodata.user_irq_claim_unused.str1.4
                0x10007df8       0x1b CMakeFiles/I2C_display.dir/C_/VSARM/sdk/pico/pico-sdk/src/rp2_common/hardware_irq/irq.c.obj
 *fill*         0x10007e13        0x1 
 .rodata.__func__.0
                0x10007e14       0x1a CMakeFiles/I2C_display.dir/C_/VSARM/sdk/pico/pico-sdk/src/rp2_common/hardware_irq/irq.c.obj
 *fill*         0x10007e2e        0x2 
 .rodata.__func__.1
                0x10007e30       0x17 CMakeFiles/I2C_display.dir/C_/VSARM/sdk/pico/pico-sdk/src/rp2_common/hardware_irq/irq.c.obj
 *fill*         0x10007e47        0x1 
 .rodata.__func__.2
                0x10007e48       0x13 CMakeFiles/I2C_display.dir/C_/VSARM/sdk/pico/pico-sdk/src/rp2_common/hardware_irq/irq.c.obj
 *fill*         0x10007e5b        0x1 
 .rodata.__func__.3
                0x10007e5c        0xc CMakeFiles/I2C_display.dir/C_/VSARM/sdk/pico/pico-sdk/src/rp2_common/hardware_irq/irq.c.obj
 .rodata.__func__.4
                0x10007e68        0xf CMakeFiles/I2C_display.dir/C_/VSARM/sdk/pico/pico-sdk/src/rp2_common/hardware_irq/irq.c.obj
 *fill*         0x10007e77        0x1 
 .rodata.__func__.5
                0x10007e78       0x17 CMakeFiles/I2C_display.dir/C_/VSARM/sdk/pico/pico-sdk/src/rp2_common/hardware_irq/irq.c.obj
 *fill*         0x10007e8f        0x1 
 .rodata.__func__.6
                0x10007e90       0x1a CMakeFiles/I2C_display.dir/C_/VSARM/sdk/pico/pico-sdk/src/rp2_common/hardware_irq/irq.c.obj
 *fill*         0x10007eaa        0x2 
 .rodata.str1.4
                0x10007eac       0xed CMakeFiles/I2C_display.dir/C_/VSARM/sdk/pico/pico-sdk/src/common/pico_sync/mutex.c.obj
 *fill*         0x10007f99        0x3 
 .rodata.__func__.1
                0x10007f9c        0xb CMakeFiles/I2C_display.dir/C_/VSARM/sdk/pico/pico-sdk/src/common/pico_sync/mutex.c.obj
 *fill*         0x10007fa7        0x1 
 .rodata.__func__.3
                0x10007fa8       0x18 CMakeFiles/I2C_display.dir/C_/VSARM/sdk/pico/pico-sdk/src/common/pico_sync/mutex.c.obj
 .rodata.__func__.4
                0x10007fc0       0x15 CMakeFiles/I2C_display.dir/C_/VSARM/sdk/pico/pico-sdk/src/common/pico_sync/mutex.c.obj
 *fill*         0x10007fd5        0x3 
 .rodata.repeating_timer_callback.str1.4
                0x10007fd8       0x4b CMakeFiles/I2C_display.dir/C_/VSARM/sdk/pico/pico-sdk/src/common/pico_time/time.c.obj
 *fill*         0x10008023        0x1 
 .rodata.timer_pool_entry_comparator.str1.4
                0x10008024       0x22 CMakeFiles/I2C_display.dir/C_/VSARM/sdk/pico/pico-sdk/src/common/pico_time/time.c.obj
 *fill*         0x10008046        0x2 
 .rodata.ph_add_child_node.str1.4
                0x10008048       0x96 CMakeFiles/I2C_display.dir/C_/VSARM/sdk/pico/pico-sdk/src/common/pico_time/time.c.obj
 *fill*         0x100080de        0x2 
 .rodata.add_alarm_under_lock.str1.4
                0x100080e0       0x28 CMakeFiles/I2C_display.dir/C_/VSARM/sdk/pico/pico-sdk/src/common/pico_time/time.c.obj
                                 0x2b (size before relaxing)
 .rodata.alarm_pool_alarm_callback.str1.4
                0x10008108       0x98 CMakeFiles/I2C_display.dir/C_/VSARM/sdk/pico/pico-sdk/src/common/pico_time/time.c.obj
                                 0xfc (size before relaxing)
 .rodata.alarm_pool_get_default.str1.4
                0x100081a0       0x21 CMakeFiles/I2C_display.dir/C_/VSARM/sdk/pico/pico-sdk/src/common/pico_time/time.c.obj
 *fill*         0x100081c1        0x3 
 .rodata.alarm_pool_cancel_alarm.str1.4
                0x100081c4       0x27 CMakeFiles/I2C_display.dir/C_/VSARM/sdk/pico/pico-sdk/src/common/pico_time/time.c.obj
 *fill*         0x100081eb        0x1 
 .rodata.sleep_until.str1.4
                0x100081ec       0x4d CMakeFiles/I2C_display.dir/C_/VSARM/sdk/pico/pico-sdk/src/common/pico_time/time.c.obj
 *fill*         0x10008239        0x3 
 .rodata.__func__.1
                0x1000823c       0x18 CMakeFiles/I2C_display.dir/C_/VSARM/sdk/pico/pico-sdk/src/common/pico_time/time.c.obj
 .rodata.__func__.10
                0x10008254       0x15 CMakeFiles/I2C_display.dir/C_/VSARM/sdk/pico/pico-sdk/src/common/pico_time/time.c.obj
 *fill*         0x10008269        0x3 
 .rodata.__func__.11
                0x1000826c       0x1a CMakeFiles/I2C_display.dir/C_/VSARM/sdk/pico/pico-sdk/src/common/pico_time/time.c.obj
 *fill*         0x10008286        0x2 
 .rodata.__func__.12
                0x10008288        0xa CMakeFiles/I2C_display.dir/C_/VSARM/sdk/pico/pico-sdk/src/common/pico_time/time.c.obj
 *fill*         0x10008292        0x2 
 .rodata.__func__.3
                0x10008294       0x17 CMakeFiles/I2C_display.dir/C_/VSARM/sdk/pico/pico-sdk/src/common/pico_time/time.c.obj
 *fill*         0x100082ab        0x1 
 .rodata.__func__.4
                0x100082ac       0x12 CMakeFiles/I2C_display.dir/C_/VSARM/sdk/pico/pico-sdk/src/common/pico_time/time.c.obj
 *fill*         0x100082be        0x2 
 .rodata.__func__.5
                0x100082c0        0xd CMakeFiles/I2C_display.dir/C_/VSARM/sdk/pico/pico-sdk/src/common/pico_time/time.c.obj
 *fill*         0x100082cd        0x3 
 .rodata.__func__.6
                0x100082d0       0x12 CMakeFiles/I2C_display.dir/C_/VSARM/sdk/pico/pico-sdk/src/common/pico_time/time.c.obj
 *fill*         0x100082e2        0x2 
 .rodata.__func__.7
                0x100082e4        0xf CMakeFiles/I2C_display.dir/C_/VSARM/sdk/pico/pico-sdk/src/common/pico_time/time.c.obj
 *fill*         0x100082f3        0x1 
 .rodata.__func__.8
                0x100082f4        0xc CMakeFiles/I2C_display.dir/C_/VSARM/sdk/pico/pico-sdk/src/common/pico_time/time.c.obj
 .rodata.__func__.9
                0x10008300       0x15 CMakeFiles/I2C_display.dir/C_/VSARM/sdk/pico/pico-sdk/src/common/pico_time/time.c.obj
 *fill*         0x10008315        0x3 
 .rodata.hardware_alarm_claim.str1.4
                0x10008318       0x22 CMakeFiles/I2C_display.dir/C_/VSARM/sdk/pico/pico-sdk/src/rp2_common/hardware_timer/timer.c.obj
 *fill*         0x1000833a        0x2 
 .rodata.hardware_alarm_set_target.str1.4
                0x1000833c       0x65 CMakeFiles/I2C_display.dir/C_/VSARM/sdk/pico/pico-sdk/src/rp2_common/hardware_timer/timer.c.obj
 *fill*         0x100083a1        0x3 
 .rodata.__func__.0
                0x100083a4       0x1a CMakeFiles/I2C_display.dir/C_/VSARM/sdk/pico/pico-sdk/src/rp2_common/hardware_timer/timer.c.obj
 .rodata.ph_add_child_node.str1.4
                0x100083be       0x96 CMakeFiles/I2C_display.dir/C_/VSARM/sdk/pico/pico-sdk/src/common/pico_util/pheap.c.obj
 *fill*         0x100083be        0x2 
 .rodata.ph_remove_any_head.str1.4
                0x100083c0       0x8c CMakeFiles/I2C_display.dir/C_/VSARM/sdk/pico/pico-sdk/src/common/pico_util/pheap.c.obj
                                 0xa0 (size before relaxing)
 .rodata.ph_remove_and_free_node.str1.4
                0x1000844c       0x1e CMakeFiles/I2C_display.dir/C_/VSARM/sdk/pico/pico-sdk/src/common/pico_util/pheap.c.obj
                                 0x26 (size before relaxing)
 *fill*         0x1000846a        0x2 
 .rodata.__func__.0
                0x1000846c       0x18 CMakeFiles/I2C_display.dir/C_/VSARM/sdk/pico/pico-sdk/src/common/pico_util/pheap.c.obj
 .rodata.__func__.1
                0x10008484       0x13 CMakeFiles/I2C_display.dir/C_/VSARM/sdk/pico/pico-sdk/src/common/pico_util/pheap.c.obj
 *fill*         0x10008497        0x1 
 .rodata.__func__.2
                0x10008498       0x12 CMakeFiles/I2C_display.dir/C_/VSARM/sdk/pico/pico-sdk/src/common/pico_util/pheap.c.obj
 *fill*         0x100084aa        0x2 
 .rodata.__func__.3
                0x100084ac        0xc CMakeFiles/I2C_display.dir/C_/VSARM/sdk/pico/pico-sdk/src/common/pico_util/pheap.c.obj
 .rodata.clock_configure.str1.4
                0x100084b8       0x57 CMakeFiles/I2C_display.dir/C_/VSARM/sdk/pico/pico-sdk/src/rp2_common/hardware_clocks/clocks.c.obj
 *fill*         0x1000850f        0x1 
 .rodata.__func__.1
                0x10008510       0x10 CMakeFiles/I2C_display.dir/C_/VSARM/sdk/pico/pico-sdk/src/rp2_common/hardware_clocks/clocks.c.obj
 .rodata.pll_init.str1.4
                0x10008520      0x124 CMakeFiles/I2C_display.dir/C_/VSARM/sdk/pico/pico-sdk/src/rp2_common/hardware_pll/pll.c.obj
 .rodata.__func__.0
                0x10008644        0x9 CMakeFiles/I2C_display.dir/C_/VSARM/sdk/pico/pico-sdk/src/rp2_common/hardware_pll/pll.c.obj
 *fill*         0x1000864d        0x3 
 .rodata.__assert_func.str1.4
                0x10008650       0x3f CMakeFiles/I2C_display.dir/C_/VSARM/sdk/pico/pico-sdk/src/rp2_common/pico_runtime/runtime.c.obj
                                 0x43 (size before relaxing)
 *fill*         0x1000868f        0x1 
 .rodata.runtime_init.str1.4
                0x10008690       0x61 CMakeFiles/I2C_display.dir/C_/VSARM/sdk/pico/pico-sdk/src/rp2_common/pico_runtime/runtime.c.obj
 *fill*         0x100086f1        0x3 
 .rodata.panic.str1.4
                0x100086f4       0x12 CMakeFiles/I2C_display.dir/C_/VSARM/sdk/pico/pico-sdk/src/rp2_common/pico_runtime/runtime.c.obj
 *fill*         0x10008706        0x2 
 .rodata.__func__.2
                0x10008708        0xd CMakeFiles/I2C_display.dir/C_/VSARM/sdk/pico/pico-sdk/src/rp2_common/pico_runtime/runtime.c.obj
 *fill*         0x10008715        0x3 
 .rodata._ftoa.str1.4
                0x10008718       0x15 CMakeFiles/I2C_display.dir/C_/VSARM/sdk/pico/pico-sdk/src/rp2_common/pico_printf/printf.c.obj
 *fill*         0x1000872d        0x3 
 .rodata._vsnprintf
                0x10008730      0x1e0 CMakeFiles/I2C_display.dir/C_/VSARM/sdk/pico/pico-sdk/src/rp2_common/pico_printf/printf.c.obj
 .rodata.pow10.0
                0x10008910       0x50 CMakeFiles/I2C_display.dir/C_/VSARM/sdk/pico/pico-sdk/src/rp2_common/pico_printf/printf.c.obj
 .rodata.__aeabi_double_init.str1.4
                0x10008960       0x9c CMakeFiles/I2C_display.dir/C_/VSARM/sdk/pico/pico-sdk/src/rp2_common/pico_double/double_init_rom.c.obj
 .rodata.__func__.0
                0x100089fc       0x14 CMakeFiles/I2C_display.dir/C_/VSARM/sdk/pico/pico-sdk/src/rp2_common/pico_double/double_init_rom.c.obj
 .rodata.__aeabi_float_init.str1.4
                0x10008a10       0x7a CMakeFiles/I2C_display.dir/C_/VSARM/sdk/pico/pico-sdk/src/rp2_common/pico_float/float_init_rom.c.obj
                                 0x7e (size before relaxing)
 *fill*         0x10008a8a        0x2 
 .rodata.__func__.0
                0x10008a8c       0x13 CMakeFiles/I2C_display.dir/C_/VSARM/sdk/pico/pico-sdk/src/rp2_common/pico_float/float_init_rom.c.obj
 *fill*         0x10008a9f        0x1 
 .rodata.__wrap_malloc.str1.4
                0x10008aa0        0xe CMakeFiles/I2C_display.dir/C_/VSARM/sdk/pico/pico-sdk/src/rp2_common/pico_malloc/pico_malloc.c.obj
 *fill*         0x10008aae        0x2 
 .rodata.str1.4
                0x10008ab0       0x40 CMakeFiles/I2C_display.dir/C_/VSARM/sdk/pico/pico-sdk/src/rp2_common/pico_standard_link/binary_info.c.obj
 .rodata.__bi_44
                0x10008af0        0xc CMakeFiles/I2C_display.dir/C_/VSARM/sdk/pico/pico-sdk/src/rp2_common/pico_standard_link/binary_info.c.obj
 .rodata.__bi_75
                0x10008afc        0xc CMakeFiles/I2C_display.dir/C_/VSARM/sdk/pico/pico-sdk/src/rp2_common/pico_standard_link/binary_info.c.obj
 .rodata.__bi_81
                0x10008b08        0xc CMakeFiles/I2C_display.dir/C_/VSARM/sdk/pico/pico-sdk/src/rp2_common/pico_standard_link/binary_info.c.obj
 .rodata.stdout_serialize_begin.str1.4
                0x10008b14       0x61 CMakeFiles/I2C_display.dir/C_/VSARM/sdk/pico/pico-sdk/src/rp2_common/pico_stdio/stdio.c.obj
 .rodata.__func__.3
                0x10008b14       0x15 CMakeFiles/I2C_display.dir/C_/VSARM/sdk/pico/pico-sdk/src/rp2_common/pico_stdio/stdio.c.obj
 *fill*         0x10008b29        0x3 
 .rodata.crlf_str.2
                0x10008b2c        0x2 CMakeFiles/I2C_display.dir/C_/VSARM/sdk/pico/pico-sdk/src/rp2_common/pico_stdio/stdio.c.obj
 *fill*         0x10008b2e        0x2 
 .rodata._resetd_driver
                0x10008b30       0x18 CMakeFiles/I2C_display.dir/C_/VSARM/sdk/pico/pico-sdk/src/rp2_common/pico_stdio_usb/reset_interface.c.obj
 .rodata.low_priority_worker_irq.str1.4
                0x10008b48       0x61 CMakeFiles/I2C_display.dir/C_/VSARM/sdk/pico/pico-sdk/src/rp2_common/pico_stdio_usb/stdio_usb.c.obj
 .rodata.stdio_usb_init.str1.4
                0x10008b48       0x45 CMakeFiles/I2C_display.dir/C_/VSARM/sdk/pico/pico-sdk/src/rp2_common/pico_stdio_usb/stdio_usb.c.obj
                                 0x4d (size before relaxing)
 *fill*         0x10008b8d        0x3 
 .rodata.str1.4
                0x10008b90       0x13 CMakeFiles/I2C_display.dir/C_/VSARM/sdk/pico/pico-sdk/src/rp2_common/pico_stdio_usb/stdio_usb.c.obj
 *fill*         0x10008ba3        0x1 
 .rodata.__bi_182.0
                0x10008ba4        0xc CMakeFiles/I2C_display.dir/C_/VSARM/sdk/pico/pico-sdk/src/rp2_common/pico_stdio_usb/stdio_usb.c.obj
 .rodata.__func__.1
                0x10008bb0        0xf CMakeFiles/I2C_display.dir/C_/VSARM/sdk/pico/pico-sdk/src/rp2_common/pico_stdio_usb/stdio_usb.c.obj
 *fill*         0x10008bbf        0x1 
 .rodata.__func__.3
                0x10008bc0       0x15 CMakeFiles/I2C_display.dir/C_/VSARM/sdk/pico/pico-sdk/src/rp2_common/pico_stdio_usb/stdio_usb.c.obj
 *fill*         0x10008bd5        0x3 
 .rodata.str1.4
                0x10008bd8       0x2a CMakeFiles/I2C_display.dir/C_/VSARM/sdk/pico/pico-sdk/src/rp2_common/pico_stdio_usb/stdio_usb_descriptors.c.obj
 *fill*         0x10008c02        0x2 
 .rodata.usbd_desc_cfg
                0x10008c04       0x54 CMakeFiles/I2C_display.dir/C_/VSARM/sdk/pico/pico-sdk/src/rp2_common/pico_stdio_usb/stdio_usb_descriptors.c.obj
 .rodata.usbd_desc_device
                0x10008c58       0x12 CMakeFiles/I2C_display.dir/C_/VSARM/sdk/pico/pico-sdk/src/rp2_common/pico_stdio_usb/stdio_usb_descriptors.c.obj
 *fill*         0x10008c6a        0x2 
 .rodata.usbd_desc_str
                0x10008c6c       0x18 CMakeFiles/I2C_display.dir/C_/VSARM/sdk/pico/pico-sdk/src/rp2_common/pico_stdio_usb/stdio_usb_descriptors.c.obj
 .rodata.pico_get_unique_board_id_string.str1.4
                0x10008c84       0x4d CMakeFiles/I2C_display.dir/C_/VSARM/sdk/pico/pico-sdk/src/rp2_common/pico_unique_id/unique_id.c.obj
 *fill*         0x10008cd1        0x3 
 .rodata.__func__.0
                0x10008cd4       0x20 CMakeFiles/I2C_display.dir/C_/VSARM/sdk/pico/pico-sdk/src/rp2_common/pico_unique_id/unique_id.c.obj
 .rodata.str1.4
                0x10008cf4      0x15a CMakeFiles/I2C_display.dir/C_/VSARM/sdk/pico/pico-sdk/src/rp2_common/hardware_flash/flash.c.obj
 *fill*         0x10008e4e        0x2 
 .rodata.__func__.0
                0x10008e50        0xd CMakeFiles/I2C_display.dir/C_/VSARM/sdk/pico/pico-sdk/src/rp2_common/hardware_flash/flash.c.obj
 *fill*         0x10008e5d        0x3 
 .rodata._hw_endpoint_alloc.str1.4
                0x10008e60       0xb5 CMakeFiles/I2C_display.dir/C_/VSARM/sdk/pico/pico-sdk/lib/tinyusb/src/portable/raspberrypi/rp2040/dcd_rp2040.c.obj
 *fill*         0x10008f15        0x3 
 .rodata.str1.4
                0x10008f18       0x14 CMakeFiles/I2C_display.dir/C_/VSARM/sdk/pico/pico-sdk/lib/tinyusb/src/portable/raspberrypi/rp2040/dcd_rp2040.c.obj
 .rodata.dcd_int_enable.str1.4
                0x10008f2c        0xc CMakeFiles/I2C_display.dir/C_/VSARM/sdk/pico/pico-sdk/lib/tinyusb/src/portable/raspberrypi/rp2040/dcd_rp2040.c.obj
 .rodata.__func__.0
                0x10008f38        0xe CMakeFiles/I2C_display.dir/C_/VSARM/sdk/pico/pico-sdk/lib/tinyusb/src/portable/raspberrypi/rp2040/dcd_rp2040.c.obj
 *fill*         0x10008f46        0x2 
 .rodata.__func__.1
                0x10008f48        0xe CMakeFiles/I2C_display.dir/C_/VSARM/sdk/pico/pico-sdk/lib/tinyusb/src/portable/raspberrypi/rp2040/dcd_rp2040.c.obj
 *fill*         0x10008f56        0x2 
 .rodata.__func__.3
                0x10008f58       0x10 CMakeFiles/I2C_display.dir/C_/VSARM/sdk/pico/pico-sdk/lib/tinyusb/src/portable/raspberrypi/rp2040/dcd_rp2040.c.obj
 .rodata.__func__.5
                0x10008f68        0xf CMakeFiles/I2C_display.dir/C_/VSARM/sdk/pico/pico-sdk/lib/tinyusb/src/portable/raspberrypi/rp2040/dcd_rp2040.c.obj
 *fill*         0x10008f77        0x1 
 .rodata.__func__.6
                0x10008f78       0x13 CMakeFiles/I2C_display.dir/C_/VSARM/sdk/pico/pico-sdk/lib/tinyusb/src/portable/raspberrypi/rp2040/dcd_rp2040.c.obj
 *fill*         0x10008f8b        0x1 
 .rodata.__func__.7
                0x10008f8c        0x9 CMakeFiles/I2C_display.dir/C_/VSARM/sdk/pico/pico-sdk/lib/tinyusb/src/portable/raspberrypi/rp2040/dcd_rp2040.c.obj
 *fill*         0x10008f95        0x3 
 .rodata.str1.4
                0x10008f98       0xe7 CMakeFiles/I2C_display.dir/C_/VSARM/sdk/pico/pico-sdk/lib/tinyusb/src/portable/raspberrypi/rp2040/rp2040_usb.c.obj
 *fill*         0x1000907f        0x1 
 .rodata.__func__.0
                0x10009080        0xf CMakeFiles/I2C_display.dir/C_/VSARM/sdk/pico/pico-sdk/lib/tinyusb/src/portable/raspberrypi/rp2040/rp2040_usb.c.obj
 *fill*         0x1000908f        0x1 
 .rodata.process_get_descriptor
                0x10009090       0x40 CMakeFiles/I2C_display.dir/C_/VSARM/sdk/pico/pico-sdk/lib/tinyusb/src/device/usbd.c.obj
 .rodata.process_control_request
                0x100090d0       0x28 CMakeFiles/I2C_display.dir/C_/VSARM/sdk/pico/pico-sdk/lib/tinyusb/src/device/usbd.c.obj
 .rodata.tud_task_ext
                0x100090f8       0x24 CMakeFiles/I2C_display.dir/C_/VSARM/sdk/pico/pico-sdk/lib/tinyusb/src/device/usbd.c.obj
 .rodata._usbd_driver
                0x1000911c       0x18 CMakeFiles/I2C_display.dir/C_/VSARM/sdk/pico/pico-sdk/lib/tinyusb/src/device/usbd.c.obj
                0x10009134                . = ALIGN (0x4)
 *(SORT_BY_ALIGNMENT(SORT_BY_NAME(.flashdata*)))
                0x10009134                . = ALIGN (0x4)

.ARM.extab
 *(.ARM.extab* .gnu.linkonce.armextab.*)
                0x10009134                __exidx_start = .

.ARM.exidx
 *(.ARM.exidx* .gnu.linkonce.armexidx.*)
                0x10009134                __exidx_end = .
                0x10009134                . = ALIGN (0x4)
                0x10009134                __binary_info_start = .

.binary_info    0x10009134       0x24
 *(.binary_info.keep.*)
 .binary_info.keep.__bi_ptr78
                0x10009134        0x4 CMakeFiles/I2C_display.dir/lcd_lib/lcd_1602_i2c.c.obj
 .binary_info.keep.__bi_ptr22
                0x10009138        0x4 CMakeFiles/I2C_display.dir/C_/VSARM/sdk/pico/pico-sdk/src/rp2_common/pico_standard_link/binary_info.c.obj
 .binary_info.keep.__bi_ptr30
                0x1000913c        0x4 CMakeFiles/I2C_display.dir/C_/VSARM/sdk/pico/pico-sdk/src/rp2_common/pico_standard_link/binary_info.c.obj
 .binary_info.keep.__bi_ptr38
                0x10009140        0x4 CMakeFiles/I2C_display.dir/C_/VSARM/sdk/pico/pico-sdk/src/rp2_common/pico_standard_link/binary_info.c.obj
 .binary_info.keep.__bi_ptr44
                0x10009144        0x4 CMakeFiles/I2C_display.dir/C_/VSARM/sdk/pico/pico-sdk/src/rp2_common/pico_standard_link/binary_info.c.obj
 .binary_info.keep.__bi_ptr50
                0x10009148        0x4 CMakeFiles/I2C_display.dir/C_/VSARM/sdk/pico/pico-sdk/src/rp2_common/pico_standard_link/binary_info.c.obj
 .binary_info.keep.__bi_ptr75
                0x1000914c        0x4 CMakeFiles/I2C_display.dir/C_/VSARM/sdk/pico/pico-sdk/src/rp2_common/pico_standard_link/binary_info.c.obj
 .binary_info.keep.__bi_ptr81
                0x10009150        0x4 CMakeFiles/I2C_display.dir/C_/VSARM/sdk/pico/pico-sdk/src/rp2_common/pico_standard_link/binary_info.c.obj
 *(.binary_info.*)
 .binary_info.__bi_ptr182
                0x10009154        0x4 CMakeFiles/I2C_display.dir/C_/VSARM/sdk/pico/pico-sdk/src/rp2_common/pico_stdio_usb/stdio_usb.c.obj
                0x10009158                __binary_info_end = .

.rel.dyn        0x10009158        0x0
 .rel.iplt      0x10009158        0x0 c:/vsarm/armcc/102021~1.10/bin/../lib/gcc/arm-none-eabi/10.3.1/thumb/v6-m/nofp/crtbegin.o
                0x10009158                . = ALIGN (0x4)

.ram_vector_table
                0x20000000       0xc0
 *(.ram_vector_table)
 .ram_vector_table
                0x20000000       0xc0 CMakeFiles/I2C_display.dir/C_/VSARM/sdk/pico/pico-sdk/src/rp2_common/pico_runtime/runtime.c.obj
                0x20000000                ram_vector_table

.data           0x200000c0     0x1438 load address 0x10009158
                0x200000c0                __data_start__ = .
 *(vtable)
 *(.time_critical*)
 .time_critical.mutex_try_enter
                0x200000c0       0x46 CMakeFiles/I2C_display.dir/C_/VSARM/sdk/pico/pico-sdk/src/common/pico_sync/mutex.c.obj
                0x200000c0                mutex_try_enter
 *fill*         0x20000106        0x2 
 .time_critical.mutex_enter_block_until
                0x20000108       0x8c CMakeFiles/I2C_display.dir/C_/VSARM/sdk/pico/pico-sdk/src/common/pico_sync/mutex.c.obj
                0x20000108                mutex_enter_block_until
 .time_critical.mutex_try_enter_block_until
                0x20000194       0x34 CMakeFiles/I2C_display.dir/C_/VSARM/sdk/pico/pico-sdk/src/common/pico_sync/mutex.c.obj
                0x20000194                mutex_try_enter_block_until
 .time_critical.mutex_enter_timeout_ms
                0x200001c8       0x68 CMakeFiles/I2C_display.dir/C_/VSARM/sdk/pico/pico-sdk/src/common/pico_sync/mutex.c.obj
                0x200001c8                mutex_enter_timeout_ms
 .time_critical.mutex_exit
                0x20000230       0x4c CMakeFiles/I2C_display.dir/C_/VSARM/sdk/pico/pico-sdk/src/common/pico_sync/mutex.c.obj
                0x20000230                mutex_exit
 .time_critical.flash_init_boot2_copyout
                0x2000027c       0x30 CMakeFiles/I2C_display.dir/C_/VSARM/sdk/pico/pico-sdk/src/rp2_common/hardware_flash/flash.c.obj
 .time_critical.flash_enable_xip_via_boot2
                0x200002ac       0x10 CMakeFiles/I2C_display.dir/C_/VSARM/sdk/pico/pico-sdk/src/rp2_common/hardware_flash/flash.c.obj
 .time_critical.flash_cs_force
                0x200002bc       0x28 CMakeFiles/I2C_display.dir/C_/VSARM/sdk/pico/pico-sdk/src/rp2_common/hardware_flash/flash.c.obj
 .time_critical.flash_do_cmd
                0x200002e4       0xd8 CMakeFiles/I2C_display.dir/C_/VSARM/sdk/pico/pico-sdk/src/rp2_common/hardware_flash/flash.c.obj
                0x200002e4                flash_do_cmd
 .time_critical.reset_non_control_endpoints
                0x200003bc       0x40 CMakeFiles/I2C_display.dir/C_/VSARM/sdk/pico/pico-sdk/lib/tinyusb/src/portable/raspberrypi/rp2040/dcd_rp2040.c.obj
 .time_critical.hw_handle_buff_status
                0x200003fc       0xa4 CMakeFiles/I2C_display.dir/C_/VSARM/sdk/pico/pico-sdk/lib/tinyusb/src/portable/raspberrypi/rp2040/dcd_rp2040.c.obj
 .time_critical.dcd_rp2040_irq
                0x200004a0      0x1cc CMakeFiles/I2C_display.dir/C_/VSARM/sdk/pico/pico-sdk/lib/tinyusb/src/portable/raspberrypi/rp2040/dcd_rp2040.c.obj
 .time_critical.e15_is_bulkin_ep
                0x2000066c       0x2c CMakeFiles/I2C_display.dir/C_/VSARM/sdk/pico/pico-sdk/lib/tinyusb/src/portable/raspberrypi/rp2040/rp2040_usb.c.obj
 .time_critical.e15_is_critical_frame_period
                0x20000698       0x30 CMakeFiles/I2C_display.dir/C_/VSARM/sdk/pico/pico-sdk/lib/tinyusb/src/portable/raspberrypi/rp2040/rp2040_usb.c.obj
 .time_critical.prepare_ep_buffer
                0x200006c8       0x70 CMakeFiles/I2C_display.dir/C_/VSARM/sdk/pico/pico-sdk/lib/tinyusb/src/portable/raspberrypi/rp2040/rp2040_usb.c.obj
 .time_critical.sync_ep_buffer
                0x20000738       0x80 CMakeFiles/I2C_display.dir/C_/VSARM/sdk/pico/pico-sdk/lib/tinyusb/src/portable/raspberrypi/rp2040/rp2040_usb.c.obj
 .time_critical._hw_endpoint_xfer_sync
                0x200007b8       0x28 CMakeFiles/I2C_display.dir/C_/VSARM/sdk/pico/pico-sdk/lib/tinyusb/src/portable/raspberrypi/rp2040/rp2040_usb.c.obj
 .time_critical.hw_endpoint_reset_transfer
                0x200007e0        0xc CMakeFiles/I2C_display.dir/C_/VSARM/sdk/pico/pico-sdk/lib/tinyusb/src/portable/raspberrypi/rp2040/rp2040_usb.c.obj
                0x200007e0                hw_endpoint_reset_transfer
 .time_critical._hw_endpoint_buffer_control_update32
                0x200007ec       0x58 CMakeFiles/I2C_display.dir/C_/VSARM/sdk/pico/pico-sdk/lib/tinyusb/src/portable/raspberrypi/rp2040/rp2040_usb.c.obj
                0x200007ec                _hw_endpoint_buffer_control_update32
 .time_critical.hw_endpoint_start_next_buffer
                0x20000844       0x88 CMakeFiles/I2C_display.dir/C_/VSARM/sdk/pico/pico-sdk/lib/tinyusb/src/portable/raspberrypi/rp2040/rp2040_usb.c.obj
                0x20000844                hw_endpoint_start_next_buffer
 .time_critical.hw_endpoint_xfer_continue
                0x200008cc       0x50 CMakeFiles/I2C_display.dir/C_/VSARM/sdk/pico/pico-sdk/lib/tinyusb/src/portable/raspberrypi/rp2040/rp2040_usb.c.obj
                0x200008cc                hw_endpoint_xfer_continue
 .time_critical.tinyusb
                0x2000091c      0x200 CMakeFiles/I2C_display.dir/C_/VSARM/sdk/pico/pico-sdk/lib/tinyusb/src/device/usbd.c.obj
                0x2000091c                dcd_event_handler
 *(.text*)
 .text          0x20000b1c        0x4 c:/vsarm/armcc/102021~1.10/bin/../lib/gcc/arm-none-eabi/10.3.1/thumb/v6-m/nofp\libgcc.a(_dvmd_tls.o)
                0x20000b1c                __aeabi_idiv0
                0x20000b1c                __aeabi_ldiv0
 .text.__stub   0x20000b20       0x90 linker stubs
                0x20000bb0                . = ALIGN (0x4)
 *(.rodata*)
                0x20000bb0                . = ALIGN (0x4)
 *(.data*)
 .data.striped_spin_lock_num
                0x20000bb0        0x1 CMakeFiles/I2C_display.dir/C_/VSARM/sdk/pico/pico-sdk/src/rp2_common/hardware_sync/sync.c.obj
 *fill*         0x20000bb1        0x3 
 .data          0x20000bb4       0x48 CMakeFiles/I2C_display.dir/C_/VSARM/sdk/pico/pico-sdk/src/rp2_common/hardware_irq/irq_handler_chain.S.obj
                0x20000bb4                irq_handler_chain_slots
                0x20000be4                irq_handler_chain_first_slot
                0x20000bee                irq_handler_chain_remove_tail
 .data.default_alarm_pool
                0x20000bfc       0x18 CMakeFiles/I2C_display.dir/C_/VSARM/sdk/pico/pico-sdk/src/common/pico_time/time.c.obj
 .data.default_alarm_pool_heap
                0x20000c14       0x10 CMakeFiles/I2C_display.dir/C_/VSARM/sdk/pico/pico-sdk/src/common/pico_time/time.c.obj
 *fill*         0x20000c24        0xc 
 .data.aeabi_bits_funcs
                0x20000c30       0x10 CMakeFiles/I2C_display.dir/C_/VSARM/sdk/pico/pico-sdk/src/rp2_common/pico_bit_ops/bit_ops_aeabi.S.obj
                0x20000c30                aeabi_bits_funcs
                0x20000c40                aeabi_bits_funcs_end
 .data.aeabi_mem_funcs
                0x20000c40       0x10 CMakeFiles/I2C_display.dir/C_/VSARM/sdk/pico/pico-sdk/src/rp2_common/pico_mem_ops/mem_ops_aeabi.S.obj
                0x20000c40                aeabi_mem_funcs
                0x20000c50                aeabi_mem_funcs_end
 .data.stdio_usb
                0x20000c50       0x18 CMakeFiles/I2C_display.dir/C_/VSARM/sdk/pico/pico-sdk/src/rp2_common/pico_stdio_usb/stdio_usb.c.obj
                0x20000c50                stdio_usb
 .data.ep_dir_string
                0x20000c68        0x8 CMakeFiles/I2C_display.dir/C_/VSARM/sdk/pico/pico-sdk/lib/tinyusb/src/portable/raspberrypi/rp2040/rp2040_usb.c.obj
                0x20000c68                ep_dir_string
 .data._usbd_qdef
                0x20000c70       0x1c CMakeFiles/I2C_display.dir/C_/VSARM/sdk/pico/pico-sdk/lib/tinyusb/src/device/usbd.c.obj
                0x20000c70                _usbd_qdef
 .data._usbd_rhport
                0x20000c8c        0x1 CMakeFiles/I2C_display.dir/C_/VSARM/sdk/pico/pico-sdk/lib/tinyusb/src/device/usbd.c.obj
 *fill*         0x20000c8d        0x3 
 .data.i2c0_inst
                0x20000c90        0x8 CMakeFiles/I2C_display.dir/C_/VSARM/sdk/pico/pico-sdk/src/rp2_common/hardware_i2c/i2c.c.obj
                0x20000c90                i2c0_inst
 .data._impure_ptr
                0x20000c98        0x4 c:/vsarm/armcc/102021~1.10/bin/../lib/gcc/arm-none-eabi/10.3.1/../../../../arm-none-eabi/lib/thumb/v6-m/nofp\libg.a(lib_a-impure.o)
                0x20000c98                _impure_ptr
 *fill*         0x20000c9c        0x4 
 .data.impure_data
                0x20000ca0      0x428 c:/vsarm/armcc/102021~1.10/bin/../lib/gcc/arm-none-eabi/10.3.1/../../../../arm-none-eabi/lib/thumb/v6-m/nofp\libg.a(lib_a-impure.o)
 .data.__malloc_av_
                0x200010c8      0x408 c:/vsarm/armcc/102021~1.10/bin/../lib/gcc/arm-none-eabi/10.3.1/../../../../arm-none-eabi/lib/thumb/v6-m/nofp\libg.a(lib_a-mallocr.o)
                0x200010c8                __malloc_av_
 .data.__malloc_sbrk_base
                0x200014d0        0x4 c:/vsarm/armcc/102021~1.10/bin/../lib/gcc/arm-none-eabi/10.3.1/../../../../arm-none-eabi/lib/thumb/v6-m/nofp\libg.a(lib_a-mallocr.o)
                0x200014d0                __malloc_sbrk_base
 .data.__malloc_trim_threshold
                0x200014d4        0x4 c:/vsarm/armcc/102021~1.10/bin/../lib/gcc/arm-none-eabi/10.3.1/../../../../arm-none-eabi/lib/thumb/v6-m/nofp\libg.a(lib_a-mallocr.o)
                0x200014d4                __malloc_trim_threshold
                0x200014d8                . = ALIGN (0x4)
 *(.after_data.*)
                0x200014d8                . = ALIGN (0x4)
                0x200014d8                PROVIDE (__mutex_array_start = .)
 *(SORT_BY_NAME(.mutex_array.*))
 *(.mutex_array)
 .mutex_array   0x200014d8        0x8 CMakeFiles/I2C_display.dir/C_/VSARM/sdk/pico/pico-sdk/src/rp2_common/pico_stdio/stdio.c.obj
                0x200014e0                PROVIDE (__mutex_array_end = .)
                0x200014e0                . = ALIGN (0x4)
                0x200014e0                PROVIDE (__preinit_array_start = .)
 *(SORT_BY_NAME(.preinit_array.*))
 .preinit_array.00001